core_cm4.h:1467:22:NVIC_EnableIRQ	16	static
core_cm4.h:1480:22:NVIC_DisableIRQ	16	static
core_cm4.h:1550:22:NVIC_SetPriority	16	static
uart_17xx_40xx.h:337:20:Chip_UART_IntEnable	16	static
uart_17xx_40xx.h:390:20:Chip_UART_SetupFIFOS	16	static
uart_17xx_40xx.h:405:20:Chip_UART_ConfigData	16	static
UART_Manager.c:29:6:UART4_IRQHandler	8	static
UART_Manager.c:33:6:Setup_UART_SELECTION	16	static
UART_Manager.c:61:6:Send_UART	16	static
UART_Manager.c:65:6:Poll_UART_For_String	16	static
UART_Manager.c:75:6:Poll_UART_char	8	static
UART_Manager.c:92:6:deinnit_UART_SELECTION	8	static
