Copley_Controller.c:117:13:prvSetupHardware	8	static
Copley_Controller.c:136:6:Enable_Drive	8	static
Copley_Controller.c:147:6:Fade	8	static
Copley_Controller.c:154:6:Joystick	4	static
Copley_Controller.c:164:6:Main_Wait	16	static
Copley_Controller.c:168:6:BreakIn	16	static
Copley_Controller.c:268:6:BuildOut	16	static
Copley_Controller.c:298:6:Copley_Manager	24	static
Copley_Controller.c:362:6:TCP_Manager	16	static
Copley_Controller.c:380:6:application	16	static
Copley_Controller.c:407:6:Admin_setup	4	static
Copley_Controller.c:423:5:main	24	static
