Archive member included to satisfy reference by file (symbol)

C:\Embedded_Programs\Network_Controller\lpc_board_ea_devkit_4088\Debug\liblpc_board_ea_devkit_4088.a(board.o)
                              ./freertos/src/FreeRTOSCommonHooks.o (Board_UARTPutSTR)
C:\Embedded_Programs\Network_Controller\lpc_board_ea_devkit_4088\Debug\liblpc_board_ea_devkit_4088.a(board_sysinit.o)
                              ./example/src/sysinit.o (Board_SystemInit)
C:\Embedded_Programs\Network_Controller\lpc_board_ea_devkit_4088\Debug\liblpc_board_ea_devkit_4088.a(lpc_phy_smsc87x0.o)
                              ./lwip/src/arch/lpc17xx_40xx_emac.o (lpc_phy_init)
C:\Embedded_Programs\Network_Controller\lpc_board_ea_devkit_4088\Debug\liblpc_board_ea_devkit_4088.a(uda1380.o)
                              C:\Embedded_Programs\Network_Controller\lpc_board_ea_devkit_4088\Debug\liblpc_board_ea_devkit_4088.a(board.o) (UDA1380_Init)
C:\Embedded_Programs\Network_Controller\lpc_chip_40xx\Debug\liblpc_chip_40xx.a(chip_17xx_40xx.o)
                              ./freertos/src/port.o (SystemCoreClock)
C:\Embedded_Programs\Network_Controller\lpc_chip_40xx\Debug\liblpc_chip_40xx.a(clock_17xx_40xx.o)
                              C:\Embedded_Programs\Network_Controller\lpc_chip_40xx\Debug\liblpc_chip_40xx.a(chip_17xx_40xx.o) (Chip_Clock_SetupPLL)
C:\Embedded_Programs\Network_Controller\lpc_chip_40xx\Debug\liblpc_chip_40xx.a(dac_17xx_40xx.o)
                              ./example/src/Copley_Controller.o (Chip_DAC_Init)
C:\Embedded_Programs\Network_Controller\lpc_chip_40xx\Debug\liblpc_chip_40xx.a(emc_17xx_40xx.o)
                              C:\Embedded_Programs\Network_Controller\lpc_board_ea_devkit_4088\Debug\liblpc_board_ea_devkit_4088.a(board_sysinit.o) (Chip_EMC_Dynamic_Init)
C:\Embedded_Programs\Network_Controller\lpc_chip_40xx\Debug\liblpc_chip_40xx.a(enet_17xx_40xx.o)
                              ./lwip/src/arch/lpc17xx_40xx_emac.o (Chip_ENET_Init)
C:\Embedded_Programs\Network_Controller\lpc_chip_40xx\Debug\liblpc_chip_40xx.a(fpu_init.o)
                              ./example/src/sysinit.o (fpuInit)
C:\Embedded_Programs\Network_Controller\lpc_chip_40xx\Debug\liblpc_chip_40xx.a(i2c_17xx_40xx.o)
                              C:\Embedded_Programs\Network_Controller\lpc_board_ea_devkit_4088\Debug\liblpc_board_ea_devkit_4088.a(uda1380.o) (Chip_I2C_EventHandlerPolling)
C:\Embedded_Programs\Network_Controller\lpc_chip_40xx\Debug\liblpc_chip_40xx.a(i2s_17xx_40xx.o)
                              C:\Embedded_Programs\Network_Controller\lpc_board_ea_devkit_4088\Debug\liblpc_board_ea_devkit_4088.a(board.o) (Chip_I2S_Init)
C:\Embedded_Programs\Network_Controller\lpc_chip_40xx\Debug\liblpc_chip_40xx.a(iocon_17xx_40xx.o)
                              C:\Embedded_Programs\Network_Controller\lpc_board_ea_devkit_4088\Debug\liblpc_board_ea_devkit_4088.a(board_sysinit.o) (Chip_IOCON_SetPinMuxing)
C:\Embedded_Programs\Network_Controller\lpc_chip_40xx\Debug\liblpc_chip_40xx.a(ring_buffer.o)
                              ./example/src/UART_Manager.o (RingBuffer_Init)
C:\Embedded_Programs\Network_Controller\lpc_chip_40xx\Debug\liblpc_chip_40xx.a(ssp_17xx_40xx.o)
                              C:\Embedded_Programs\Network_Controller\lpc_board_ea_devkit_4088\Debug\liblpc_board_ea_devkit_4088.a(board.o) (Chip_SSP_WriteFrames_Blocking)
C:\Embedded_Programs\Network_Controller\lpc_chip_40xx\Debug\liblpc_chip_40xx.a(sysctl_17xx_40xx.o)
                              C:\Embedded_Programs\Network_Controller\lpc_board_ea_devkit_4088\Debug\liblpc_board_ea_devkit_4088.a(board_sysinit.o) (Chip_SYSCTL_PeriphReset)
C:\Embedded_Programs\Network_Controller\lpc_chip_40xx\Debug\liblpc_chip_40xx.a(sysinit_17xx_40xx.o)
                              C:\Embedded_Programs\Network_Controller\lpc_board_ea_devkit_4088\Debug\liblpc_board_ea_devkit_4088.a(board_sysinit.o) (Chip_SetupXtalClocking)
C:\Embedded_Programs\Network_Controller\lpc_chip_40xx\Debug\liblpc_chip_40xx.a(uart_17xx_40xx.o)
                              ./example/src/UART_Manager.o (Chip_UART_Init)
c:/nxp/mcuxpressoide_11.1.1_3241/ide/plugins/com.nxp.mcuxpresso.tools.win32_11.1.0.202001081728/tools/bin/../lib/gcc/arm-none-eabi/8.3.1/../../../../arm-none-eabi/lib/thumb/v7e-m+fp/softfp\libcr_nohost.a(_cr__main.o)
                              ./example/src/cr_startup_lpc40xx.o (__main)
c:/nxp/mcuxpressoide_11.1.1_3241/ide/plugins/com.nxp.mcuxpresso.tools.win32_11.1.0.202001081728/tools/bin/../lib/gcc/arm-none-eabi/8.3.1/../../../../arm-none-eabi/lib/thumb/v7e-m+fp/softfp\libcr_c.a(memcpy.o)
                              ./lwip/src/netif/etharp.o (memcpy)
c:/nxp/mcuxpressoide_11.1.1_3241/ide/plugins/com.nxp.mcuxpresso.tools.win32_11.1.0.202001081728/tools/bin/../lib/gcc/arm-none-eabi/8.3.1/../../../../arm-none-eabi/lib/thumb/v7e-m+fp/softfp\libcr_c.a(memset.o)
                              ./lwip/src/core/ipv4/ip_frag.o (memset)
[...]
Memory Configuration

Name             Origin             Length             Attributes
MFlash512        0x00000000         0x00080000         xr
RamPeriph32      0x20000000         0x00008000         xrw
RamLoc64         0x10000000         0x00010000         xrw
*default*        0x00000000         0xffffffff

Linker script and memory map

LOAD ./lwip/src/netif/etharp.o
LOAD ./lwip/src/netif/ethernetif.o
LOAD ./lwip/src/core/ipv4/autoip.o
LOAD ./lwip/src/core/ipv4/icmp.o
LOAD ./lwip/src/core/ipv4/igmp.o
LOAD ./lwip/src/core/ipv4/inet.o
LOAD ./lwip/src/core/ipv4/inet_chksum.o
LOAD ./lwip/src/core/ipv4/ip.o
LOAD ./lwip/src/core/ipv4/ip_addr.o
LOAD ./lwip/src/core/ipv4/ip_frag.o
LOAD ./lwip/src/core/def.o
LOAD ./lwip/src/core/dhcp.o
LOAD ./lwip/src/core/dns.o
LOAD ./lwip/src/core/init.o
LOAD ./lwip/src/core/mem.o
LOAD ./lwip/src/core/memp.o
LOAD ./lwip/src/core/netif.o
LOAD ./lwip/src/core/pbuf.o
LOAD ./lwip/src/core/raw.o
LOAD ./lwip/src/core/stats.o
LOAD ./lwip/src/core/sys.o
LOAD ./lwip/src/core/tcp.o
LOAD ./lwip/src/core/tcp_in.o
LOAD ./lwip/src/core/tcp_out.o
LOAD ./lwip/src/core/timers.o
LOAD ./lwip/src/core/udp.o
LOAD ./lwip/src/arch/lpc17xx_40xx_emac.o
LOAD ./lwip/src/arch/lpc_debug.o
LOAD ./lwip/src/arch/sys_arch_freertos.o
LOAD ./lwip/src/api/api_lib.o
LOAD ./lwip/src/api/api_msg.o
LOAD ./lwip/src/api/err.o
LOAD ./lwip/src/api/netbuf.o
LOAD ./lwip/src/api/netdb.o
LOAD ./lwip/src/api/netifapi.o
LOAD ./lwip/src/api/sockets.o
LOAD ./lwip/src/api/tcpip.o
LOAD ./freertos/src/FreeRTOSCommonHooks.o
LOAD ./freertos/src/heap_3.o
LOAD ./freertos/src/list.o
LOAD ./freertos/src/port.o
LOAD ./freertos/src/queue.o
LOAD ./freertos/src/tasks.o
LOAD ./example/src/Axis_Configuration.o
LOAD ./example/src/Axis_Control.o
LOAD ./example/src/Copley.o
LOAD ./example/src/Copley_Controller.o
LOAD ./example/src/Network_Link.o
LOAD ./example/src/Profiler.o
LOAD ./example/src/TCP_Connection.o
LOAD ./example/src/UART_Manager.o
LOAD ./example/src/cr_redlib_heap_fix.o
LOAD ./example/src/cr_startup_lpc40xx.o
LOAD ./example/src/myprint.o
LOAD ./example/src/sysinit.o
LOAD C:\Embedded_Programs\Network_Controller\lpc_board_ea_devkit_4088\Debug\liblpc_board_ea_devkit_4088.a
LOAD C:\Embedded_Programs\Network_Controller\lpc_chip_40xx\Debug\liblpc_chip_40xx.a
START GROUP
LOAD c:/nxp/mcuxpressoide_11.1.1_3241/ide/plugins/com.nxp.mcuxpresso.tools.win32_11.1.0.202001081728/tools/bin/../lib/gcc/arm-none-eabi/8.3.1/../../../../arm-none-eabi/lib/thumb/v7e-m+fp/softfp\libcr_nohost.a
LOAD c:/nxp/mcuxpressoide_11.1.1_3241/ide/plugins/com.nxp.mcuxpresso.tools.win32_11.1.0.202001081728/tools/bin/../lib/gcc/arm-none-eabi/8.3.1/../../../../arm-none-eabi/lib/thumb/v7e-m+fp/softfp\libcr_c.a
LOAD c:/nxp/mcuxpressoide_11.1.1_3241/ide/plugins/com.nxp.mcuxpresso.tools.win32_11.1.0.202001081728/tools/bin/../lib/gcc/arm-none-eabi/8.3.1/thumb/v7e-m+fp/softfp\libcr_eabihelpers.a
LOAD c:/nxp/mcuxpressoide_11.1.1_3241/ide/plugins/com.nxp.mcuxpresso.tools.win32_11.1.0.202001081728/tools/bin/../lib/gcc/arm-none-eabi/8.3.1/thumb/v7e-m+fp/softfp\libgcc.a
END GROUP
                0x00000000                __base_MFlash512 = 0x0
                0x00000000                __base_Flash = 0x0
                0x00080000                __top_MFlash512 = 0x80000
                0x00080000                __top_Flash = 0x80000
                0x20000000                __base_RamPeriph32 = 0x20000000
                0x20000000                __base_RAM = 0x20000000
                0x20008000                __top_RamPeriph32 = 0x20008000
                0x20008000                __top_RAM = 0x20008000
                0x10000000                __base_RamLoc64 = 0x10000000
                0x10000000                __base_RAM2 = 0x10000000
                0x10010000                __top_RamLoc64 = 0x10010000
                0x10010000                __top_RAM2 = 0x10010000

.text           0x00000000    0x165b4
 FILL mask 0xff
                0x00000000                __vectors_start__ = ABSOLUTE (.)
 *(.isr_vector)
 .isr_vector    0x00000000       0xe4 ./example/src/cr_startup_lpc40xx.o
                0x00000000                g_pfnVectors
                0x000000e4                . = ALIGN (0x4)
                0x000000e4                __section_table_start = .
                0x000000e4                __data_section_table = .
                0x000000e4        0x4 LONG 0x165b4 LOADADDR (.data)
                0x000000e8        0x4 LONG 0x20000000 ADDR (.data)
                0x000000ec        0x4 LONG 0x48 SIZEOF (.data)
                0x000000f0        0x4 LONG 0x165b4 LOADADDR (.data_RAM2)
                0x000000f4        0x4 LONG 0x10000000 ADDR (.data_RAM2)
                0x000000f8        0x4 LONG 0x0 SIZEOF (.data_RAM2)
                0x000000fc                __data_section_table_end = .
                0x000000fc                __bss_section_table = .
                0x000000fc        0x4 LONG 0x20000048 ADDR (.bss)
                0x00000100        0x4 LONG 0x12a4 SIZEOF (.bss)
                0x00000104        0x4 LONG 0x10000000 ADDR (.bss_RAM2)
                0x00000108        0x4 LONG 0x0 SIZEOF (.bss_RAM2)
                0x0000010c                __bss_section_table_end = .
                0x0000010c                __section_table_end = .
 *(.after_vectors*)
 .after_vectors
                0x0000010c      0x154 ./example/src/cr_startup_lpc40xx.o
                0x0000010c                data_init
                0x00000150                bss_init
                0x00000188                ResetISR
                0x00000220                NMI_Handler
                0x00000226                HardFault_Handler
                0x0000022c                MemManage_Handler
                0x00000232                BusFault_Handler
                0x00000238                UsageFault_Handler
                0x00000244                DebugMon_Handler
                0x00000256                USBActivity_IRQHandler
                0x00000256                I2C1_IRQHandler
                0x00000256                EINT2_IRQHandler
                0x00000256                UART1_IRQHandler
                0x00000256                SDIO_IRQHandler
                0x00000256                CANActivity_IRQHandler
                0x00000256                TIMER3_IRQHandler
                0x00000256                UART0_IRQHandler
                0x00000256                I2C0_IRQHandler
                0x00000256                EINT3_IRQHandler
                0x00000256                IntDefaultHandler
                0x00000256                PLL0_IRQHandler
                0x00000256                CAN_IRQHandler
                0x00000256                PLL1_IRQHandler
                0x00000256                RIT_IRQHandler
                0x00000256                I2S_IRQHandler
                0x00000256                I2C2_IRQHandler
                0x00000256                RTC_IRQHandler
                0x00000256                TIMER0_IRQHandler
                0x00000256                SPI_IRQHandler
                0x00000256                LCD_IRQHandler
                0x00000256                PWM1_IRQHandler
                0x00000256                EINT1_IRQHandler
                0x00000256                TIMER1_IRQHandler
                0x00000256                UART2_IRQHandler
                0x00000256                ADC_IRQHandler
                0x00000256                SSP1_IRQHandler
                0x00000256                USB_IRQHandler
                0x00000256                BOD_IRQHandler
                0x00000256                TIMER2_IRQHandler
                0x00000256                WDT_IRQHandler
                0x00000256                QEI_IRQHandler
                0x00000256                EINT0_IRQHandler
                0x00000256                PWM0_IRQHandler
                0x00000256                SSP2_IRQHandler
                0x00000256                EEPROM_IRQHandler
                0x00000256                SSP0_IRQHandler
                0x00000256                DMA_IRQHandler
                0x00000256                GPIO_IRQHandler
                0x00000256                UART3_IRQHandler
                0x00000256                MCPWM_IRQHandler
 *(.text*)
 .text.etharp_free_entry
                0x00000260       0x64 ./lwip/src/netif/etharp.o
 .text.etharp_tmr
                0x000002c4       0xdc ./lwip/src/netif/etharp.o
                0x000002c4                etharp_tmr
 .text.etharp_find_entry
                0x000003a0      0x248 ./lwip/src/netif/etharp.o
 .text.etharp_send_ip
                0x000005e8       0x5e ./lwip/src/netif/etharp.o
 *fill*         0x00000646        0x2 ff
 .text.etharp_update_arp_entry
                0x00000648      0x12c ./lwip/src/netif/etharp.o
 .text.etharp_cleanup_netif
                0x00000774       0x60 ./lwip/src/netif/etharp.o
                0x00000774                etharp_cleanup_netif
 .text.etharp_arp_input
                0x000007d4      0x196 ./lwip/src/netif/etharp.o
 *fill*         0x0000096a        0x2 ff
 .text.etharp_output_to_arp_index
                0x0000096c       0xb8 ./lwip/src/netif/etharp.o
 .text.etharp_output
                0x00000a24      0x1b8 ./lwip/src/netif/etharp.o
                0x00000a24                etharp_output
 .text.etharp_query
                0x00000bdc      0x24c ./lwip/src/netif/etharp.o
                0x00000bdc                etharp_query
 .text.etharp_raw
                0x00000e28      0x11a ./lwip/src/netif/etharp.o
 *fill*         0x00000f42        0x2 ff
 .text.etharp_request
                0x00000f44       0x44 ./lwip/src/netif/etharp.o
                0x00000f44                etharp_request
 .text.ethernet_input
                0x00000f88      0x100 ./lwip/src/netif/etharp.o
                0x00000f88                ethernet_input
 .text.icmp_input
                0x00001088      0x214 ./lwip/src/core/ipv4/icmp.o
                0x00001088                icmp_input
 .text.icmp_dest_unreach
                0x0000129c       0x20 ./lwip/src/core/ipv4/icmp.o
                0x0000129c                icmp_dest_unreach
 .text.icmp_time_exceeded
                0x000012bc       0x20 ./lwip/src/core/ipv4/icmp.o
                0x000012bc                icmp_time_exceeded
 .text.icmp_send_response
                0x000012dc       0xb8 ./lwip/src/core/ipv4/icmp.o
 .text.lwip_standard_chksum
                0x00001394       0x9a ./lwip/src/core/ipv4/inet_chksum.o
 .text.inet_chksum_pseudo
                0x0000142e      0x10c ./lwip/src/core/ipv4/inet_chksum.o
                0x0000142e                inet_chksum_pseudo
 .text.inet_chksum_pseudo_partial
                0x0000153a      0x138 ./lwip/src/core/ipv4/inet_chksum.o
                0x0000153a                inet_chksum_pseudo_partial
 .text.inet_chksum
                0x00001672       0x24 ./lwip/src/core/ipv4/inet_chksum.o
                0x00001672                inet_chksum
 .text.inet_chksum_pbuf
                0x00001696       0x94 ./lwip/src/core/ipv4/inet_chksum.o
                0x00001696                inet_chksum_pbuf
 .text.lwip_chksum_copy
                0x0000172a       0x2e ./lwip/src/core/ipv4/inet_chksum.o
                0x0000172a                lwip_chksum_copy
 .text.ip_route
                0x00001758       0x78 ./lwip/src/core/ipv4/ip.o
                0x00001758                ip_route
 .text.ip_input
                0x000017d0      0x250 ./lwip/src/core/ipv4/ip.o
                0x000017d0                ip_input
 .text.ip_output_if
                0x00001a20      0x1c0 ./lwip/src/core/ipv4/ip.o
                0x00001a20                ip_output_if
 .text.ip_output
                0x00001be0       0x56 ./lwip/src/core/ipv4/ip.o
                0x00001be0                ip_output
 .text.ip4_addr_isbroadcast
                0x00001c36       0x78 ./lwip/src/core/ipv4/ip_addr.o
                0x00001c36                ip4_addr_isbroadcast
 *fill*         0x00001cae        0x2 ff
 .text.ipaddr_ntoa_r
                0x00001cb0      0x104 ./lwip/src/core/ipv4/ip_addr.o
                0x00001cb0                ipaddr_ntoa_r
 .text.ip_reass_tmr
                0x00001db4       0x58 ./lwip/src/core/ipv4/ip_frag.o
                0x00001db4                ip_reass_tmr
 .text.ip_reass_free_complete_datagram
                0x00001e0c      0x10c ./lwip/src/core/ipv4/ip_frag.o
 .text.ip_reass_remove_oldest_datagram
                0x00001f18       0xb8 ./lwip/src/core/ipv4/ip_frag.o
 .text.ip_reass_enqueue_new_datagram
                0x00001fd0       0x80 ./lwip/src/core/ipv4/ip_frag.o
 .text.ip_reass_dequeue_datagram
                0x00002050       0x44 ./lwip/src/core/ipv4/ip_frag.o
 .text.ip_reass_chain_frag_into_datagram_and_validate
                0x00002094      0x254 ./lwip/src/core/ipv4/ip_frag.o
 .text.ip_reass
                0x000022e8      0x248 ./lwip/src/core/ipv4/ip_frag.o
                0x000022e8                ip_reass
 .text.ip_frag_alloc_pbuf_custom_ref
                0x00002530       0x18 ./lwip/src/core/ipv4/ip_frag.o
 .text.ip_frag_free_pbuf_custom_ref
                0x00002548       0x20 ./lwip/src/core/ipv4/ip_frag.o
 .text.ipfrag_free_pbuf_custom
                0x00002568       0x42 ./lwip/src/core/ipv4/ip_frag.o
 *fill*         0x000025aa        0x2 ff
 .text.ip_frag  0x000025ac      0x20c ./lwip/src/core/ipv4/ip_frag.o
                0x000025ac                ip_frag
 .text.lwip_htons
                0x000027b8       0x2a ./lwip/src/core/def.o
                0x000027b8                lwip_htons
 .text.lwip_ntohs
                0x000027e2       0x1c ./lwip/src/core/def.o
                0x000027e2                lwip_ntohs
 .text.lwip_htonl
                0x000027fe       0x32 ./lwip/src/core/def.o
                0x000027fe                lwip_htonl
 .text.lwip_ntohl
                0x00002830       0x18 ./lwip/src/core/def.o
                0x00002830                lwip_ntohl
 .text.dhcp_handle_nak
                0x00002848       0x48 ./lwip/src/core/dhcp.o
 .text.dhcp_check
                0x00002890       0x60 ./lwip/src/core/dhcp.o
 .text.dhcp_handle_offer
                0x000028f0       0x48 ./lwip/src/core/dhcp.o
 .text.dhcp_select
                0x00002938      0x13c ./lwip/src/core/dhcp.o
 .text.dhcp_coarse_tmr
                0x00002a74       0x5c ./lwip/src/core/dhcp.o
                0x00002a74                dhcp_coarse_tmr
 .text.dhcp_fine_tmr
                0x00002ad0       0x64 ./lwip/src/core/dhcp.o
                0x00002ad0                dhcp_fine_tmr
 .text.dhcp_timeout
                0x00002b34       0xc8 ./lwip/src/core/dhcp.o
 .text.dhcp_t1_timeout
                0x00002bfc       0x34 ./lwip/src/core/dhcp.o
 .text.dhcp_t2_timeout
                0x00002c30       0x34 ./lwip/src/core/dhcp.o
 .text.dhcp_handle_ack
                0x00002c64       0xb8 ./lwip/src/core/dhcp.o
 .text.dhcp_start
                0x00002d1c      0x148 ./lwip/src/core/dhcp.o
                0x00002d1c                dhcp_start
 .text.dhcp_network_changed
                0x00002e64       0x80 ./lwip/src/core/dhcp.o
                0x00002e64                dhcp_network_changed
 .text.dhcp_arp_reply
                0x00002ee4       0x42 ./lwip/src/core/dhcp.o
                0x00002ee4                dhcp_arp_reply
 *fill*         0x00002f26        0x2 ff
 .text.dhcp_decline
                0x00002f28       0xc0 ./lwip/src/core/dhcp.o
 .text.dhcp_discover
                0x00002fe8      0x100 ./lwip/src/core/dhcp.o
 .text.dhcp_bind
                0x000030e8      0x150 ./lwip/src/core/dhcp.o
 .text.dhcp_renew
                0x00003238       0xdc ./lwip/src/core/dhcp.o
                0x00003238                dhcp_renew
 .text.dhcp_rebind
                0x00003314       0xdc ./lwip/src/core/dhcp.o
 .text.dhcp_reboot
                0x000033f0       0xf0 ./lwip/src/core/dhcp.o
 .text.dhcp_release
                0x000034e0      0x10c ./lwip/src/core/dhcp.o
                0x000034e0                dhcp_release
 .text.dhcp_stop
                0x000035ec       0x64 ./lwip/src/core/dhcp.o
                0x000035ec                dhcp_stop
 .text.dhcp_set_state
                0x00003650       0x34 ./lwip/src/core/dhcp.o
 .text.dhcp_option
                0x00003684       0x5c ./lwip/src/core/dhcp.o
 .text.dhcp_option_byte
                0x000036e0       0x38 ./lwip/src/core/dhcp.o
 .text.dhcp_option_short
                0x00003718       0x5e ./lwip/src/core/dhcp.o
 .text.dhcp_option_long
                0x00003776       0x96 ./lwip/src/core/dhcp.o
 .text.dhcp_option_hostname
                0x0000380c       0x7c ./lwip/src/core/dhcp.o
 .text.dhcp_parse_reply
                0x00003888      0x48c ./lwip/src/core/dhcp.o
 .text.dhcp_recv
                0x00003d14      0x160 ./lwip/src/core/dhcp.o
 .text.dhcp_create_msg
                0x00003e74      0x258 ./lwip/src/core/dhcp.o
 .text.dhcp_delete_msg
                0x000040cc       0x50 ./lwip/src/core/dhcp.o
 .text.dhcp_option_trailer
                0x0000411c       0x80 ./lwip/src/core/dhcp.o
 .text.lwip_init
                0x0000419c       0x20 ./lwip/src/core/init.o
                0x0000419c                lwip_init
 .text.netif_init
                0x000041bc        0xe ./lwip/src/core/netif.o
                0x000041bc                netif_init
 *fill*         0x000041ca        0x2 ff
 .text.netif_add
                0x000041cc       0x94 ./lwip/src/core/netif.o
                0x000041cc                netif_add
 .text.netif_set_addr
                0x00004260       0x2e ./lwip/src/core/netif.o
                0x00004260                netif_set_addr
 *fill*         0x0000428e        0x2 ff
 .text.netif_set_ipaddr
                0x00004290       0xb0 ./lwip/src/core/netif.o
                0x00004290                netif_set_ipaddr
 .text.netif_set_gw
                0x00004340       0x28 ./lwip/src/core/netif.o
                0x00004340                netif_set_gw
 .text.netif_set_netmask
                0x00004368       0x28 ./lwip/src/core/netif.o
                0x00004368                netif_set_netmask
 .text.netif_set_default
                0x00004390       0x20 ./lwip/src/core/netif.o
                0x00004390                netif_set_default
 .text.netif_set_up
                0x000043b0       0x58 ./lwip/src/core/netif.o
                0x000043b0                netif_set_up
 .text.netif_set_down
                0x00004408       0x44 ./lwip/src/core/netif.o
                0x00004408                netif_set_down
 .text.netif_set_link_up
                0x0000444c       0x66 ./lwip/src/core/netif.o
                0x0000444c                netif_set_link_up
 .text.netif_set_link_down
                0x000044b2       0x34 ./lwip/src/core/netif.o
                0x000044b2                netif_set_link_down
 *fill*         0x000044e6        0x2 ff
 .text.pbuf_free_ooseq
                0x000044e8       0x54 ./lwip/src/core/pbuf.o
 .text.pbuf_free_ooseq_callback
                0x0000453c       0x14 ./lwip/src/core/pbuf.o
 .text.pbuf_pool_is_empty
                0x00004550       0x58 ./lwip/src/core/pbuf.o
 .text.pbuf_alloc
                0x000045a8      0x294 ./lwip/src/core/pbuf.o
                0x000045a8                pbuf_alloc
 .text.pbuf_alloced_custom
                0x0000483c       0xb4 ./lwip/src/core/pbuf.o
                0x0000483c                pbuf_alloced_custom
 .text.pbuf_realloc
                0x000048f0       0xe6 ./lwip/src/core/pbuf.o
                0x000048f0                pbuf_realloc
 .text.pbuf_header
                0x000049d6       0xec ./lwip/src/core/pbuf.o
                0x000049d6                pbuf_header
 .text.pbuf_free
                0x00004ac2       0xf0 ./lwip/src/core/pbuf.o
                0x00004ac2                pbuf_free
 .text.pbuf_clen
                0x00004bb2       0x2e ./lwip/src/core/pbuf.o
                0x00004bb2                pbuf_clen
 .text.pbuf_ref
                0x00004be0       0x2e ./lwip/src/core/pbuf.o
                0x00004be0                pbuf_ref
 .text.pbuf_cat
                0x00004c0e       0x78 ./lwip/src/core/pbuf.o
                0x00004c0e                pbuf_cat
 .text.pbuf_chain
                0x00004c86       0x20 ./lwip/src/core/pbuf.o
                0x00004c86                pbuf_chain
 .text.pbuf_copy
                0x00004ca6      0x13c ./lwip/src/core/pbuf.o
                0x00004ca6                pbuf_copy
 .text.pbuf_copy_partial
                0x00004de2       0xd0 ./lwip/src/core/pbuf.o
                0x00004de2                pbuf_copy_partial
 .text.tcp_init
                0x00004eb2        0xe ./lwip/src/core/tcp.o
                0x00004eb2                tcp_init
 .text.tcp_tmr  0x00004ec0       0x2c ./lwip/src/core/tcp.o
                0x00004ec0                tcp_tmr
 .text.tcp_close_shutdown
                0x00004eec      0x258 ./lwip/src/core/tcp.o
 .text.tcp_close
                0x00005144       0x30 ./lwip/src/core/tcp.o
                0x00005144                tcp_close
 .text.tcp_shutdown
                0x00005174       0x8e ./lwip/src/core/tcp.o
                0x00005174                tcp_shutdown
 *fill*         0x00005202        0x2 ff
 .text.tcp_abandon
                0x00005204       0xdc ./lwip/src/core/tcp.o
                0x00005204                tcp_abandon
 .text.tcp_abort
                0x000052e0       0x18 ./lwip/src/core/tcp.o
                0x000052e0                tcp_abort
 .text.tcp_bind
                0x000052f8       0xe4 ./lwip/src/core/tcp.o
                0x000052f8                tcp_bind
 .text.tcp_accept_null
                0x000053dc       0x1e ./lwip/src/core/tcp.o
 *fill*         0x000053fa        0x2 ff
 .text.tcp_listen_with_backlog
                0x000053fc      0x120 ./lwip/src/core/tcp.o
                0x000053fc                tcp_listen_with_backlog
 .text.tcp_update_rcv_ann_wnd
                0x0000551c       0x84 ./lwip/src/core/tcp.o
                0x0000551c                tcp_update_rcv_ann_wnd
 .text.tcp_recved
                0x000055a0       0x7e ./lwip/src/core/tcp.o
                0x000055a0                tcp_recved
 *fill*         0x0000561e        0x2 ff
 .text.tcp_new_port
                0x00005620       0x88 ./lwip/src/core/tcp.o
 .text.tcp_slowtmr
                0x000056a8      0x4c4 ./lwip/src/core/tcp.o
                0x000056a8                tcp_slowtmr
 .text.tcp_fasttmr
                0x00005b6c       0xa4 ./lwip/src/core/tcp.o
                0x00005b6c                tcp_fasttmr
 .text.tcp_process_refused_data
                0x00005c10       0xce ./lwip/src/core/tcp.o
                0x00005c10                tcp_process_refused_data
 .text.tcp_segs_free
                0x00005cde       0x28 ./lwip/src/core/tcp.o
                0x00005cde                tcp_segs_free
 .text.tcp_seg_free
                0x00005d06       0x2e ./lwip/src/core/tcp.o
                0x00005d06                tcp_seg_free
 .text.tcp_seg_copy
                0x00005d34       0x40 ./lwip/src/core/tcp.o
                0x00005d34                tcp_seg_copy
 .text.tcp_recv_null
                0x00005d74       0x44 ./lwip/src/core/tcp.o
                0x00005d74                tcp_recv_null
 .text.tcp_kill_prio
                0x00005db8       0x80 ./lwip/src/core/tcp.o
 .text.tcp_kill_timewait
                0x00005e38       0x60 ./lwip/src/core/tcp.o
 .text.tcp_alloc
                0x00005e98      0x128 ./lwip/src/core/tcp.o
                0x00005e98                tcp_alloc
 .text.tcp_new  0x00005fc0       0x10 ./lwip/src/core/tcp.o
                0x00005fc0                tcp_new
 .text.tcp_arg  0x00005fd0       0x1c ./lwip/src/core/tcp.o
                0x00005fd0                tcp_arg
 .text.tcp_recv
                0x00005fec       0x26 ./lwip/src/core/tcp.o
                0x00005fec                tcp_recv
 .text.tcp_sent
                0x00006012       0x24 ./lwip/src/core/tcp.o
                0x00006012                tcp_sent
 .text.tcp_err  0x00006036       0x26 ./lwip/src/core/tcp.o
                0x00006036                tcp_err
 .text.tcp_accept
                0x0000605c       0x1c ./lwip/src/core/tcp.o
                0x0000605c                tcp_accept
 .text.tcp_poll
                0x00006078       0x32 ./lwip/src/core/tcp.o
                0x00006078                tcp_poll
 .text.tcp_pcb_purge
                0x000060aa       0x82 ./lwip/src/core/tcp.o
                0x000060aa                tcp_pcb_purge
 .text.tcp_pcb_remove
                0x0000612c       0xd0 ./lwip/src/core/tcp.o
                0x0000612c                tcp_pcb_remove
 .text.tcp_next_iss
                0x000061fc       0x28 ./lwip/src/core/tcp.o
                0x000061fc                tcp_next_iss
 .text.tcp_eff_send_mss
                0x00006224       0x40 ./lwip/src/core/tcp.o
                0x00006224                tcp_eff_send_mss
 .text.tcp_input
                0x00006264      0x67c ./lwip/src/core/tcp_in.o
                0x00006264                tcp_input
 .text.tcp_listen_input
                0x000068e0      0x194 ./lwip/src/core/tcp_in.o
 .text.tcp_timewait_input
                0x00006a74       0xd4 ./lwip/src/core/tcp_in.o
 .text.tcp_process
                0x00006b48      0x6f4 ./lwip/src/core/tcp_in.o
 .text.tcp_oos_insert_segment
                0x0000723c       0xec ./lwip/src/core/tcp_in.o
 .text.tcp_receive
                0x00007328      0xf74 ./lwip/src/core/tcp_in.o
 .text.tcp_parseopt
                0x0000829c      0x104 ./lwip/src/core/tcp_in.o
 .text.tcp_output_alloc_header
                0x000083a0       0xe0 ./lwip/src/core/tcp_out.o
 .text.tcp_send_fin
                0x00008480       0x7e ./lwip/src/core/tcp_out.o
                0x00008480                tcp_send_fin
 *fill*         0x000084fe        0x2 ff
 .text.tcp_create_segment
                0x00008500      0x124 ./lwip/src/core/tcp_out.o
 .text.tcp_pbuf_prealloc
                0x00008624       0xae ./lwip/src/core/tcp_out.o
 .text.tcp_seg_add_chksum
                0x000086d2       0x68 ./lwip/src/core/tcp_out.o
 .text.tcp_write_checks
                0x0000873a       0xc6 ./lwip/src/core/tcp_out.o
 .text.tcp_write
                0x00008800      0x5f6 ./lwip/src/core/tcp_out.o
                0x00008800                tcp_write
 .text.tcp_enqueue_flags
                0x00008df6      0x1d4 ./lwip/src/core/tcp_out.o
                0x00008df6                tcp_enqueue_flags
 .text.tcp_send_empty_ack
                0x00008fca       0x92 ./lwip/src/core/tcp_out.o
                0x00008fca                tcp_send_empty_ack
 .text.tcp_output
                0x0000905c      0x2c8 ./lwip/src/core/tcp_out.o
                0x0000905c                tcp_output
 .text.tcp_output_segment
                0x00009324      0x210 ./lwip/src/core/tcp_out.o
 .text.tcp_rst  0x00009534       0xde ./lwip/src/core/tcp_out.o
                0x00009534                tcp_rst
 .text.tcp_rexmit_rto
                0x00009612       0x62 ./lwip/src/core/tcp_out.o
                0x00009612                tcp_rexmit_rto
 .text.tcp_rexmit
                0x00009674       0x96 ./lwip/src/core/tcp_out.o
                0x00009674                tcp_rexmit
 .text.tcp_rexmit_fast
                0x0000970a       0xa6 ./lwip/src/core/tcp_out.o
                0x0000970a                tcp_rexmit_fast
 .text.tcp_keepalive
                0x000097b0       0x74 ./lwip/src/core/tcp_out.o
                0x000097b0                tcp_keepalive
 .text.tcp_zero_window_probe
                0x00009824      0x10a ./lwip/src/core/tcp_out.o
                0x00009824                tcp_zero_window_probe
 *fill*         0x0000992e        0x2 ff
 .text.tcpip_tcp_timer
                0x00009930       0x48 ./lwip/src/core/timers.o
 .text.tcp_timer_needed
                0x00009978       0x40 ./lwip/src/core/timers.o
                0x00009978                tcp_timer_needed
 .text.ip_reass_timer
                0x000099b8       0x24 ./lwip/src/core/timers.o
 .text.arp_timer
                0x000099dc       0x24 ./lwip/src/core/timers.o
 .text.dhcp_timer_coarse
                0x00009a00       0x24 ./lwip/src/core/timers.o
 .text.dhcp_timer_fine
                0x00009a24       0x24 ./lwip/src/core/timers.o
 .text.sys_timeouts_init
                0x00009a48       0x48 ./lwip/src/core/timers.o
                0x00009a48                sys_timeouts_init
 .text.sys_timeout
                0x00009a90       0xf4 ./lwip/src/core/timers.o
                0x00009a90                sys_timeout
 .text.sys_untimeout
                0x00009b84       0x8c ./lwip/src/core/timers.o
                0x00009b84                sys_untimeout
 .text.sys_timeouts_mbox_fetch
                0x00009c10       0xac ./lwip/src/core/timers.o
                0x00009c10                sys_timeouts_mbox_fetch
 .text.udp_init
                0x00009cbc        0xe ./lwip/src/core/udp.o
                0x00009cbc                udp_init
 *fill*         0x00009cca        0x2 ff
 .text.udp_new_port
                0x00009ccc       0x70 ./lwip/src/core/udp.o
 .text.udp_input
                0x00009d3c      0x2c4 ./lwip/src/core/udp.o
                0x00009d3c                udp_input
 .text.udp_sendto_if
                0x0000a000       0x32 ./lwip/src/core/udp.o
                0x0000a000                udp_sendto_if
 .text.udp_sendto_if_chksum
                0x0000a032      0x1d6 ./lwip/src/core/udp.o
                0x0000a032                udp_sendto_if_chksum
 .text.udp_bind
                0x0000a208       0xcc ./lwip/src/core/udp.o
                0x0000a208                udp_bind
 .text.udp_connect
                0x0000a2d4       0x98 ./lwip/src/core/udp.o
                0x0000a2d4                udp_connect
 .text.udp_recv
                0x0000a36c       0x24 ./lwip/src/core/udp.o
                0x0000a36c                udp_recv
 .text.udp_remove
                0x0000a390       0x60 ./lwip/src/core/udp.o
                0x0000a390                udp_remove
 .text.udp_new  0x0000a3f0       0x38 ./lwip/src/core/udp.o
                0x0000a3f0                udp_new
 .text.Chip_ENET_SetADDR
                0x0000a428       0x50 ./lwip/src/arch/lpc17xx_40xx_emac.o
 .text.Chip_ENET_TXEnable
                0x0000a478       0x24 ./lwip/src/arch/lpc17xx_40xx_emac.o
 .text.Chip_ENET_RXEnable
                0x0000a49c       0x30 ./lwip/src/arch/lpc17xx_40xx_emac.o
 .text.Chip_ENET_RXDisable
                0x0000a4cc       0x30 ./lwip/src/arch/lpc17xx_40xx_emac.o
 .text.Chip_ENET_ResetTXLogic
                0x0000a4fc       0x20 ./lwip/src/arch/lpc17xx_40xx_emac.o
 .text.Chip_ENET_ResetRXLogic
                0x0000a51c       0x20 ./lwip/src/arch/lpc17xx_40xx_emac.o
 .text.Chip_ENET_EnableRXFilter
                0x0000a53c       0x36 ./lwip/src/arch/lpc17xx_40xx_emac.o
 .text.Chip_ENET_GetTXProduceIndex
                0x0000a572       0x1c ./lwip/src/arch/lpc17xx_40xx_emac.o
 .text.Chip_ENET_GetTXConsumeIndex
                0x0000a58e       0x1c ./lwip/src/arch/lpc17xx_40xx_emac.o
 .text.Chip_ENET_GetRXConsumeIndex
                0x0000a5aa       0x1c ./lwip/src/arch/lpc17xx_40xx_emac.o
 .text.Chip_ENET_GetFreeDescNum
                0x0000a5c6       0x36 ./lwip/src/arch/lpc17xx_40xx_emac.o
 .text.Chip_ENET_IsRxEmpty
                0x0000a5fc       0x2e ./lwip/src/arch/lpc17xx_40xx_emac.o
 .text.Chip_ENET_EnableInt
                0x0000a62a       0x26 ./lwip/src/arch/lpc17xx_40xx_emac.o
 .text.Chip_ENET_GetIntStatus
                0x0000a650       0x1a ./lwip/src/arch/lpc17xx_40xx_emac.o
 .text.Chip_ENET_ClearIntStatus
                0x0000a66a       0x1e ./lwip/src/arch/lpc17xx_40xx_emac.o
 .text.lpc_rxqueue_pbuf
                0x0000a688       0x96 ./lwip/src/arch/lpc17xx_40xx_emac.o
 *fill*         0x0000a71e        0x2 ff
 .text.lpc_rx_setup
                0x0000a720       0x40 ./lwip/src/arch/lpc17xx_40xx_emac.o
 .text.lpc_low_level_input
                0x0000a760      0x16c ./lwip/src/arch/lpc17xx_40xx_emac.o
 .text.lpc_packet_addr_notsafe
                0x0000a8cc       0x40 ./lwip/src/arch/lpc17xx_40xx_emac.o
 .text.lpc_tx_setup
                0x0000a90c       0x60 ./lwip/src/arch/lpc17xx_40xx_emac.o
 .text.lpc_tx_reclaim_st
                0x0000a96c       0xa0 ./lwip/src/arch/lpc17xx_40xx_emac.o
 .text.lpc_low_level_output
                0x0000aa0c      0x138 ./lwip/src/arch/lpc17xx_40xx_emac.o
 .text.vPacketReceiveTask
                0x0000ab44       0x3c ./lwip/src/arch/lpc17xx_40xx_emac.o
 .text.vTransmitCleanupTask
                0x0000ab80       0xa8 ./lwip/src/arch/lpc17xx_40xx_emac.o
 .text.low_level_init
                0x0000ac28       0xa4 ./lwip/src/arch/lpc17xx_40xx_emac.o
 .text.lpc_etharp_output
                0x0000accc       0x34 ./lwip/src/arch/lpc17xx_40xx_emac.o
 .text.lpc_rx_queue
                0x0000ad00       0x5e ./lwip/src/arch/lpc17xx_40xx_emac.o
                0x0000ad00                lpc_rx_queue
 .text.lpc_enetif_input
                0x0000ad5e       0x66 ./lwip/src/arch/lpc17xx_40xx_emac.o
                0x0000ad5e                lpc_enetif_input
 .text.lpc_tx_reclaim
                0x0000adc4       0x28 ./lwip/src/arch/lpc17xx_40xx_emac.o
                0x0000adc4                lpc_tx_reclaim
 .text.lpc_tx_ready
                0x0000adec       0x3c ./lwip/src/arch/lpc17xx_40xx_emac.o
                0x0000adec                lpc_tx_ready
 .text.ETH_IRQHandler
                0x0000ae28       0x7c ./lwip/src/arch/lpc17xx_40xx_emac.o
                0x0000ae28                ETH_IRQHandler
 .text.lpc_enetif_init
                0x0000aea4      0x158 ./lwip/src/arch/lpc17xx_40xx_emac.o
                0x0000aea4                lpc_enetif_init
 .text.assert_loop
                0x0000affc        0x6 ./lwip/src/arch/lpc_debug.o
                0x0000affc                assert_loop
 .text.sys_mbox_new
                0x0000b002       0x38 ./lwip/src/arch/sys_arch_freertos.o
                0x0000b002                sys_mbox_new
 .text.sys_mbox_free
                0x0000b03a       0x26 ./lwip/src/arch/sys_arch_freertos.o
                0x0000b03a                sys_mbox_free
 .text.sys_mbox_post
                0x0000b060       0x2a ./lwip/src/arch/sys_arch_freertos.o
                0x0000b060                sys_mbox_post
 .text.sys_mbox_trypost
                0x0000b08a       0x34 ./lwip/src/arch/sys_arch_freertos.o
                0x0000b08a                sys_mbox_trypost
 .text.sys_arch_mbox_fetch
                0x0000b0be       0x98 ./lwip/src/arch/sys_arch_freertos.o
                0x0000b0be                sys_arch_mbox_fetch
 .text.sys_arch_mbox_tryfetch
                0x0000b156       0x40 ./lwip/src/arch/sys_arch_freertos.o
                0x0000b156                sys_arch_mbox_tryfetch
 .text.sys_sem_new
                0x0000b196       0x62 ./lwip/src/arch/sys_arch_freertos.o
                0x0000b196                sys_sem_new
 .text.sys_arch_sem_wait
                0x0000b1f8       0x84 ./lwip/src/arch/sys_arch_freertos.o
                0x0000b1f8                sys_arch_sem_wait
 .text.sys_mutex_new
                0x0000b27c       0x30 ./lwip/src/arch/sys_arch_freertos.o
                0x0000b27c                sys_mutex_new
 .text.sys_mutex_lock
                0x0000b2ac       0x28 ./lwip/src/arch/sys_arch_freertos.o
                0x0000b2ac                sys_mutex_lock
 .text.sys_mutex_unlock
                0x0000b2d4       0x1e ./lwip/src/arch/sys_arch_freertos.o
                0x0000b2d4                sys_mutex_unlock
 .text.sys_sem_signal
                0x0000b2f2       0x1e ./lwip/src/arch/sys_arch_freertos.o
                0x0000b2f2                sys_sem_signal
 .text.sys_sem_free
                0x0000b310       0x1a ./lwip/src/arch/sys_arch_freertos.o
                0x0000b310                sys_sem_free
 .text.sys_init
                0x0000b32a        0xe ./lwip/src/arch/sys_arch_freertos.o
                0x0000b32a                sys_init
 .text.sys_thread_new
                0x0000b338       0x4c ./lwip/src/arch/sys_arch_freertos.o
                0x0000b338                sys_thread_new
 .text.sys_arch_protect
                0x0000b384        0xe ./lwip/src/arch/sys_arch_freertos.o
                0x0000b384                sys_arch_protect
 .text.sys_arch_unprotect
                0x0000b392       0x14 ./lwip/src/arch/sys_arch_freertos.o
                0x0000b392                sys_arch_unprotect
 *fill*         0x0000b3a6        0x2 ff
 .text.netconn_new_with_proto_and_callback
                0x0000b3a8       0x9c ./lwip/src/api/api_lib.o
                0x0000b3a8                netconn_new_with_proto_and_callback
 .text.netconn_delete
                0x0000b444       0x38 ./lwip/src/api/api_lib.o
                0x0000b444                netconn_delete
 .text.netconn_bind
                0x0000b47c       0x70 ./lwip/src/api/api_lib.o
                0x0000b47c                netconn_bind
 .text.netconn_listen_with_backlog
                0x0000b4ec       0x64 ./lwip/src/api/api_lib.o
                0x0000b4ec                netconn_listen_with_backlog
 .text.netconn_accept
                0x0000b550       0xb6 ./lwip/src/api/api_lib.o
                0x0000b550                netconn_accept
 *fill*         0x0000b606        0x2 ff
 .text.netconn_recv_data
                0x0000b608      0x12c ./lwip/src/api/api_lib.o
 .text.netconn_recv
                0x0000b734       0xf0 ./lwip/src/api/api_lib.o
                0x0000b734                netconn_recv
 .text.netconn_write_partly
                0x0000b824       0xe8 ./lwip/src/api/api_lib.o
                0x0000b824                netconn_write_partly
 .text.netconn_close_shutdown
                0x0000b90c       0x68 ./lwip/src/api/api_lib.o
 .text.netconn_close
                0x0000b974       0x1a ./lwip/src/api/api_lib.o
                0x0000b974                netconn_close
 *fill*         0x0000b98e        0x2 ff
 .text.recv_udp
                0x0000b990       0xc8 ./lwip/src/api/api_msg.o
 .text.recv_tcp
                0x0000ba58       0xca ./lwip/src/api/api_msg.o
 .text.poll_tcp
                0x0000bb22       0x92 ./lwip/src/api/api_msg.o
 .text.sent_tcp
                0x0000bbb4       0x90 ./lwip/src/api/api_msg.o
 .text.err_tcp  0x0000bc44      0x11a ./lwip/src/api/api_msg.o
 *fill*         0x0000bd5e        0x2 ff
 .text.setup_tcp
                0x0000bd60       0x50 ./lwip/src/api/api_msg.o
 .text.accept_function
                0x0000bdb0       0xd2 ./lwip/src/api/api_msg.o
 *fill*         0x0000be82        0x2 ff
 .text.pcb_new  0x0000be84       0xac ./lwip/src/api/api_msg.o
 .text.do_newconn
                0x0000bf30       0x32 ./lwip/src/api/api_msg.o
                0x0000bf30                do_newconn
 *fill*         0x0000bf62        0x2 ff
 .text.netconn_alloc
                0x0000bf64       0xcc ./lwip/src/api/api_msg.o
                0x0000bf64                netconn_alloc
 .text.netconn_free
                0x0000c030       0x4a ./lwip/src/api/api_msg.o
                0x0000c030                netconn_free
 .text.netconn_drain
                0x0000c07a       0xec ./lwip/src/api/api_msg.o
 *fill*         0x0000c166        0x2 ff
 .text.do_close_internal
                0x0000c168      0x1dc ./lwip/src/api/api_msg.o
 .text.do_delconn
                0x0000c344      0x12a ./lwip/src/api/api_msg.o
                0x0000c344                do_delconn
 .text.do_bind  0x0000c46e       0x9c ./lwip/src/api/api_msg.o
                0x0000c46e                do_bind
 *fill*         0x0000c50a        0x2 ff
 .text.do_listen
                0x0000c50c      0x114 ./lwip/src/api/api_msg.o
                0x0000c50c                do_listen
 .text.do_recv  0x0000c620       0x6e ./lwip/src/api/api_msg.o
                0x0000c620                do_recv
 .text.do_writemore
                0x0000c68e      0x21e ./lwip/src/api/api_msg.o
 .text.do_write
                0x0000c8ac       0xb2 ./lwip/src/api/api_msg.o
                0x0000c8ac                do_write
 .text.do_close
                0x0000c95e       0xc2 ./lwip/src/api/api_msg.o
                0x0000c95e                do_close
 .text.netbuf_delete
                0x0000ca20       0x3c ./lwip/src/api/netbuf.o
                0x0000ca20                netbuf_delete
 .text.netbuf_data
                0x0000ca5c       0x68 ./lwip/src/api/netbuf.o
                0x0000ca5c                netbuf_data
 .text.netbuf_next
                0x0000cac4       0x4a ./lwip/src/api/netbuf.o
                0x0000cac4                netbuf_next
 .text.lwip_socket_init
                0x0000cb0e        0xe ./lwip/src/api/sockets.o
                0x0000cb0e                lwip_socket_init
 .text.tcpip_thread
                0x0000cb1c      0x10c ./lwip/src/api/tcpip.o
 .text.tcpip_input
                0x0000cc28       0x70 ./lwip/src/api/tcpip.o
                0x0000cc28                tcpip_input
 .text.tcpip_callback_with_block
                0x0000cc98       0x84 ./lwip/src/api/tcpip.o
                0x0000cc98                tcpip_callback_with_block
 .text.tcpip_apimsg
                0x0000cd1c       0x4c ./lwip/src/api/tcpip.o
                0x0000cd1c                tcpip_apimsg
 .text.tcpip_init
                0x0000cd68       0x5c ./lwip/src/api/tcpip.o
                0x0000cd68                tcpip_init
 .text.vApplicationMallocFailedHook
                0x0000cdc4       0x14 ./freertos/src/FreeRTOSCommonHooks.o
                0x0000cdc4                vApplicationMallocFailedHook
 .text.vApplicationIdleHook
                0x0000cdd8       0x10 ./freertos/src/FreeRTOSCommonHooks.o
                0x0000cdd8                vApplicationIdleHook
 .text.vApplicationStackOverflowHook
                0x0000cde8       0x1c ./freertos/src/FreeRTOSCommonHooks.o
                0x0000cde8                vApplicationStackOverflowHook
 .text.pvPortMalloc
                0x0000ce04       0x2c ./freertos/src/heap_3.o
                0x0000ce04                pvPortMalloc
 .text.vPortFree
                0x0000ce30       0x24 ./freertos/src/heap_3.o
                0x0000ce30                vPortFree
 .text.vListInitialise
                0x0000ce54       0x40 ./freertos/src/list.o
                0x0000ce54                vListInitialise
 .text.vListInitialiseItem
                0x0000ce94       0x1a ./freertos/src/list.o
                0x0000ce94                vListInitialiseItem
 .text.vListInsertEnd
                0x0000ceae       0x48 ./freertos/src/list.o
                0x0000ceae                vListInsertEnd
 .text.vListInsert
                0x0000cef6       0x72 ./freertos/src/list.o
                0x0000cef6                vListInsert
 .text.uxListRemove
                0x0000cf68       0x54 ./freertos/src/list.o
                0x0000cf68                uxListRemove
 .text.pxPortInitialiseStack
                0x0000cfbc       0x64 ./freertos/src/port.o
                0x0000cfbc                pxPortInitialiseStack
 .text.prvTaskExitError
                0x0000d020        0xa ./freertos/src/port.o
 *fill*         0x0000d02a        0x2 ff
 .text.SVC_Handler
                0x0000d02c       0x20 ./freertos/src/port.o
                0x0000d02c                SVC_Handler
 .text.prvPortStartFirstTask
                0x0000d04c       0x18 ./freertos/src/port.o
 .text.xPortStartScheduler
                0x0000d064       0x4c ./freertos/src/port.o
                0x0000d064                xPortStartScheduler
 .text.vPortYield
                0x0000d0b0       0x24 ./freertos/src/port.o
                0x0000d0b0                vPortYield
 .text.vPortEnterCritical
                0x0000d0d4       0x24 ./freertos/src/port.o
                0x0000d0d4                vPortEnterCritical
 .text.vPortExitCritical
                0x0000d0f8       0x24 ./freertos/src/port.o
                0x0000d0f8                vPortExitCritical
 .text.ulPortSetInterruptMask
                0x0000d11c       0x12 ./freertos/src/port.o
                0x0000d11c                ulPortSetInterruptMask
 .text.vPortClearInterruptMask
                0x0000d12e        0x8 ./freertos/src/port.o
                0x0000d12e                vPortClearInterruptMask
 *fill*         0x0000d136        0x2 ff
 .text.PendSV_Handler
                0x0000d138       0x54 ./freertos/src/port.o
                0x0000d138                PendSV_Handler
 .text.SysTick_Handler
                0x0000d18c       0x28 ./freertos/src/port.o
                0x0000d18c                SysTick_Handler
 .text.vPortSetupTimerInterrupt
                0x0000d1b4       0x38 ./freertos/src/port.o
                0x0000d1b4                vPortSetupTimerInterrupt
 .text.vPortEnableVFP
                0x0000d1ec       0x14 ./freertos/src/port.o
 .text.xQueueGenericReset
                0x0000d200       0xa4 ./freertos/src/queue.o
                0x0000d200                xQueueGenericReset
 .text.xQueueGenericCreate
                0x0000d2a4       0x78 ./freertos/src/queue.o
                0x0000d2a4                xQueueGenericCreate
 .text.xQueueCreateMutex
                0x0000d31c       0x84 ./freertos/src/queue.o
                0x0000d31c                xQueueCreateMutex
 .text.xQueueCreateCountingSemaphore
                0x0000d3a0       0x2c ./freertos/src/queue.o
                0x0000d3a0                xQueueCreateCountingSemaphore
 .text.xQueueGenericSend
                0x0000d3cc      0x110 ./freertos/src/queue.o
                0x0000d3cc                xQueueGenericSend
 .text.xQueueGenericSendFromISR
                0x0000d4dc       0x88 ./freertos/src/queue.o
                0x0000d4dc                xQueueGenericSendFromISR
 .text.xQueueGenericReceive
                0x0000d564      0x16c ./freertos/src/queue.o
                0x0000d564                xQueueGenericReceive
 .text.uxQueueMessagesWaiting
                0x0000d6d0       0x20 ./freertos/src/queue.o
                0x0000d6d0                uxQueueMessagesWaiting
 .text.vQueueDelete
                0x0000d6f0       0x2a ./freertos/src/queue.o
                0x0000d6f0                vQueueDelete
 .text.prvCopyDataToQueue
                0x0000d71a       0xce ./freertos/src/queue.o
 .text.prvCopyDataFromQueue
                0x0000d7e8       0x4c ./freertos/src/queue.o
 .text.prvUnlockQueue
                0x0000d834       0x98 ./freertos/src/queue.o
 .text.prvIsQueueEmpty
                0x0000d8cc       0x2c ./freertos/src/queue.o
 .text.prvIsQueueFull
                0x0000d8f8       0x30 ./freertos/src/queue.o
 .text.vQueueUnregisterQueue
                0x0000d928       0x48 ./freertos/src/queue.o
                0x0000d928                vQueueUnregisterQueue
 .text.xTaskGenericCreate
                0x0000d970      0x140 ./freertos/src/tasks.o
                0x0000d970                xTaskGenericCreate
 .text.vTaskDelay
                0x0000dab0       0x54 ./freertos/src/tasks.o
                0x0000dab0                vTaskDelay
 .text.vTaskStartScheduler
                0x0000db04       0x58 ./freertos/src/tasks.o
                0x0000db04                vTaskStartScheduler
 .text.vTaskSuspendAll
                0x0000db5c       0x1c ./freertos/src/tasks.o
                0x0000db5c                vTaskSuspendAll
 .text.xTaskResumeAll
                0x0000db78       0xfc ./freertos/src/tasks.o
                0x0000db78                xTaskResumeAll
 .text.xTaskGetTickCount
                0x0000dc74       0x24 ./freertos/src/tasks.o
                0x0000dc74                xTaskGetTickCount
 .text.xTaskIncrementTick
                0x0000dc98      0x18c ./freertos/src/tasks.o
                0x0000dc98                xTaskIncrementTick
 .text.vTaskSwitchContext
                0x0000de24       0xb8 ./freertos/src/tasks.o
                0x0000de24                vTaskSwitchContext
 .text.vTaskPlaceOnEventList
                0x0000dedc       0x60 ./freertos/src/tasks.o
                0x0000dedc                vTaskPlaceOnEventList
 .text.xTaskRemoveFromEventList
                0x0000df3c       0xac ./freertos/src/tasks.o
                0x0000df3c                xTaskRemoveFromEventList
 .text.vTaskSetTimeOutState
                0x0000dfe8       0x2c ./freertos/src/tasks.o
                0x0000dfe8                vTaskSetTimeOutState
 .text.xTaskCheckForTimeOut
                0x0000e014       0x88 ./freertos/src/tasks.o
                0x0000e014                xTaskCheckForTimeOut
 .text.vTaskMissedYield
                0x0000e09c       0x18 ./freertos/src/tasks.o
                0x0000e09c                vTaskMissedYield
 .text.prvIdleTask
                0x0000e0b4       0x24 ./freertos/src/tasks.o
 .text.prvInitialiseTCBVariables
                0x0000e0d8       0x98 ./freertos/src/tasks.o
 .text.prvInitialiseTaskLists
                0x0000e170       0x80 ./freertos/src/tasks.o
 .text.prvCheckTasksWaitingTermination
                0x0000e1f0       0x78 ./freertos/src/tasks.o
 .text.prvAddCurrentTaskToDelayedList
                0x0000e268       0x6c ./freertos/src/tasks.o
 .text.prvAllocateTCBAndStack
                0x0000e2d4       0x62 ./freertos/src/tasks.o
 .text.prvDeleteTCB
                0x0000e336       0x20 ./freertos/src/tasks.o
 *fill*         0x0000e356        0x2 ff
 .text.xTaskGetCurrentTaskHandle
                0x0000e358       0x20 ./freertos/src/tasks.o
                0x0000e358                xTaskGetCurrentTaskHandle
 .text.vTaskPriorityInherit
                0x0000e378       0xb4 ./freertos/src/tasks.o
                0x0000e378                vTaskPriorityInherit
 .text.vTaskPriorityDisinherit
                0x0000e42c       0x7c ./freertos/src/tasks.o
                0x0000e42c                vTaskPriorityDisinherit
 .text.DriveAxisParameters
                0x0000e4a8      0x1ec ./example/src/Axis_Configuration.o
                0x0000e4a8                DriveAxisParameters
 .text.readCopleyResponse
                0x0000e694       0xdc ./example/src/Copley.o
                0x0000e694                readCopleyResponse
 .text.Copley_Disable
                0x0000e770       0x24 ./example/src/Copley.o
                0x0000e770                Copley_Disable
 .text.Copley_Enable
                0x0000e794       0x28 ./example/src/Copley.o
                0x0000e794                Copley_Enable
 .text.Copley_Configure
                0x0000e7bc       0xdc ./example/src/Copley.o
                0x0000e7bc                Copley_Configure
 .text.Copley_Read
                0x0000e898       0x3c ./example/src/Copley.o
                0x0000e898                Copley_Read
 .text.Copley_Send_Demand
                0x0000e8d4       0x94 ./example/src/Copley.o
                0x0000e8d4                Copley_Send_Demand
 .text.Set_Direction
                0x0000e968       0x34 ./example/src/Copley.o
                0x0000e968                Set_Direction
 .text.Copley_Get_Pos
                0x0000e99c       0x18 ./example/src/Copley.o
                0x0000e99c                Copley_Get_Pos
 .text.Copley_Wait
                0x0000e9b4       0x2c ./example/src/Copley.o
                0x0000e9b4                Copley_Wait
 .text.prvSetupHardware
                0x0000e9e0       0x40 ./example/src/Copley_Controller.o
 .text.Enable_Drive
                0x0000ea20       0x3c ./example/src/Copley_Controller.o
                0x0000ea20                Enable_Drive
 .text.Fade     0x0000ea5c       0x48 ./example/src/Copley_Controller.o
                0x0000ea5c                Fade
 .text.Joystick
                0x0000eaa4       0x40 ./example/src/Copley_Controller.o
                0x0000eaa4                Joystick
 .text.BreakIn  0x0000eae4      0x3ac ./example/src/Copley_Controller.o
                0x0000eae4                BreakIn
 .text.BuildOut
                0x0000ee90      0x118 ./example/src/Copley_Controller.o
                0x0000ee90                BuildOut
 .text.Copley_Manager
                0x0000efa8      0x184 ./example/src/Copley_Controller.o
                0x0000efa8                Copley_Manager
 .text.TCP_Manager
                0x0000f12c       0x80 ./example/src/Copley_Controller.o
                0x0000f12c                TCP_Manager
 .text.application
                0x0000f1ac       0xd0 ./example/src/Copley_Controller.o
                0x0000f1ac                application
 .text.Admin_setup
                0x0000f27c       0x60 ./example/src/Copley_Controller.o
                0x0000f27c                Admin_setup
 .text.main     0x0000f2dc       0xc8 ./example/src/Copley_Controller.o
                0x0000f2dc                main
 .text.NVIC_EnableIRQ
                0x0000f3a4       0x34 ./example/src/Network_Link.o
 .text.NVIC_SetPriority
                0x0000f3d8       0x54 ./example/src/Network_Link.o
 .text.Chip_ENET_Set100Mbps
                0x0000f42c       0x1c ./example/src/Network_Link.o
 .text.Chip_ENET_Set10Mbps
                0x0000f448       0x1a ./example/src/Network_Link.o
 .text.tcpip_init_done_signal
                0x0000f462       0x1a ./example/src/Network_Link.o
                0x0000f462                tcpip_init_done_signal
 .text.SetupIFTask
                0x0000f47c       0x9c ./example/src/Network_Link.o
                0x0000f47c                SetupIFTask
 .text.netcheck
                0x0000f518      0x130 ./example/src/Network_Link.o
                0x0000f518                netcheck
 .text.msDelay  0x0000f648       0x2c ./example/src/Network_Link.o
                0x0000f648                msDelay
 .text.Set_Loop_Tick_Time
                0x0000f674       0x24 ./example/src/Profiler.o
                0x0000f674                Set_Loop_Tick_Time
 .text.Integrator
                0x0000f698       0x7c ./example/src/Profiler.o
                0x0000f698                Integrator
 .text.End_me   0x0000f714       0x54 ./example/src/Profiler.o
                0x0000f714                End_me
 .text.Profile_SRamp
                0x0000f768      0x284 ./example/src/Profiler.o
                0x0000f768                Profile_SRamp
 .text.M4_Joystick
                0x0000f9ec      0x210 ./example/src/Profiler.o
                0x0000f9ec                M4_Joystick
 .text.M4_Fade  0x0000fbfc      0x96c ./example/src/Profiler.o
                0x0000fbfc                M4_Fade
 .text.M4_Soak  0x00010568       0xf0 ./example/src/Profiler.o
                0x00010568                M4_Soak
 .text.M7_Pos_Follow
                0x00010658       0x74 ./example/src/Profiler.o
                0x00010658                M7_Pos_Follow
 .text.AxisProfiler
                0x000106cc       0xc8 ./example/src/Profiler.o
                0x000106cc                AxisProfiler
 .text.Pos_Demand_Generator
                0x00010794      0x18c ./example/src/Profiler.o
                0x00010794                Pos_Demand_Generator
 .text.tcp_connection_thread
                0x00010920      0x190 ./example/src/TCP_Connection.o
 .text.tcp_read
                0x00010ab0       0x5c ./example/src/TCP_Connection.o
                0x00010ab0                tcp_read
 .text.tcp_send
                0x00010b0c       0x40 ./example/src/TCP_Connection.o
                0x00010b0c                tcp_send
 .text.tcp_connection_init
                0x00010b4c       0x28 ./example/src/TCP_Connection.o
                0x00010b4c                tcp_connection_init
 .text.NVIC_EnableIRQ
                0x00010b74       0x34 ./example/src/UART_Manager.o
 .text.NVIC_DisableIRQ
                0x00010ba8       0x34 ./example/src/UART_Manager.o
 .text.NVIC_SetPriority
                0x00010bdc       0x54 ./example/src/UART_Manager.o
 .text.Chip_UART_IntEnable
                0x00010c30       0x22 ./example/src/UART_Manager.o
 .text.Chip_UART_SetupFIFOS
                0x00010c52       0x1c ./example/src/UART_Manager.o
 .text.Chip_UART_ConfigData
                0x00010c6e       0x1c ./example/src/UART_Manager.o
 *fill*         0x00010c8a        0x2 ff
 .text.UART4_IRQHandler
                0x00010c8c       0x20 ./example/src/UART_Manager.o
                0x00010c8c                UART4_IRQHandler
 .text.Setup_UART_SELECTION
                0x00010cac       0x84 ./example/src/UART_Manager.o
                0x00010cac                Setup_UART_SELECTION
 .text.Send_UART
                0x00010d30       0x2c ./example/src/UART_Manager.o
                0x00010d30                Send_UART
 .text.Poll_UART_For_String
                0x00010d5c       0x50 ./example/src/UART_Manager.o
                0x00010d5c                Poll_UART_For_String
 .text.deinnit_UART_SELECTION
                0x00010dac       0x18 ./example/src/UART_Manager.o
                0x00010dac                deinnit_UART_SELECTION
 .text.__check_heap_overflow
                0x00010dc4       0x30 ./example/src/cr_redlib_heap_fix.o
                0x00010dc4                __check_heap_overflow
 .text.ftoa     0x00010df4      0x1a4 ./example/src/myprint.o
                0x00010df4                ftoa
 .text.SystemInit
                0x00010f98       0x28 ./example/src/sysinit.o
                0x00010f98                SystemInit
 .text.Chip_IOCON_Init
                0x00010fc0       0x16 C:\Embedded_Programs\Network_Controller\lpc_board_ea_devkit_4088\Debug\liblpc_board_ea_devkit_4088.a(board.o)
 .text.Chip_IOCON_PinMuxSet
                0x00010fd6       0x2e C:\Embedded_Programs\Network_Controller\lpc_board_ea_devkit_4088\Debug\liblpc_board_ea_devkit_4088.a(board.o)
 .text.Chip_GPIO_Init
                0x00011004       0x16 C:\Embedded_Programs\Network_Controller\lpc_board_ea_devkit_4088\Debug\liblpc_board_ea_devkit_4088.a(board.o)
 .text.Chip_GPIO_SetPinState
                0x0001101a       0x66 C:\Embedded_Programs\Network_Controller\lpc_board_ea_devkit_4088\Debug\liblpc_board_ea_devkit_4088.a(board.o)
 .text.Chip_GPIO_WritePortBit
                0x00011080       0x2c C:\Embedded_Programs\Network_Controller\lpc_board_ea_devkit_4088\Debug\liblpc_board_ea_devkit_4088.a(board.o)
 .text.Chip_GPIO_GetPinState
                0x000110ac       0x3a C:\Embedded_Programs\Network_Controller\lpc_board_ea_devkit_4088\Debug\liblpc_board_ea_devkit_4088.a(board.o)
 .text.Chip_GPIO_SetPinDIROutput
                0x000110e6       0x38 C:\Embedded_Programs\Network_Controller\lpc_board_ea_devkit_4088\Debug\liblpc_board_ea_devkit_4088.a(board.o)
 .text.Chip_GPIO_SetPinDIRInput
                0x0001111e       0x3c C:\Embedded_Programs\Network_Controller\lpc_board_ea_devkit_4088\Debug\liblpc_board_ea_devkit_4088.a(board.o)
 .text.Chip_GPIO_SetPinDIR
                0x0001115a       0x42 C:\Embedded_Programs\Network_Controller\lpc_board_ea_devkit_4088\Debug\liblpc_board_ea_devkit_4088.a(board.o)
 .text.Chip_GPIO_WriteDirBit
                0x0001119c       0x2e C:\Embedded_Programs\Network_Controller\lpc_board_ea_devkit_4088\Debug\liblpc_board_ea_devkit_4088.a(board.o)
 .text.Chip_UART_SendByte
                0x000111ca       0x1e C:\Embedded_Programs\Network_Controller\lpc_board_ea_devkit_4088\Debug\liblpc_board_ea_devkit_4088.a(board.o)
 .text.Chip_UART_ConfigData
                0x000111e8       0x1c C:\Embedded_Programs\Network_Controller\lpc_board_ea_devkit_4088\Debug\liblpc_board_ea_devkit_4088.a(board.o)
 .text.Chip_UART_ReadLineStatus
                0x00011204       0x18 C:\Embedded_Programs\Network_Controller\lpc_board_ea_devkit_4088\Debug\liblpc_board_ea_devkit_4088.a(board.o)
 .text.__sys_write
                0x0001121c       0x38 C:\Embedded_Programs\Network_Controller\lpc_board_ea_devkit_4088\Debug\liblpc_board_ea_devkit_4088.a(board.o)
                0x0001121c                __sys_write
 .text.Board_LED_Init
                0x00011254       0x6c C:\Embedded_Programs\Network_Controller\lpc_board_ea_devkit_4088\Debug\liblpc_board_ea_devkit_4088.a(board.o)
 .text.Board_GPIO_Init
                0x000112c0       0x48 C:\Embedded_Programs\Network_Controller\lpc_board_ea_devkit_4088\Debug\liblpc_board_ea_devkit_4088.a(board.o)
 .text.Board_UART_Init
                0x00011308       0x60 C:\Embedded_Programs\Network_Controller\lpc_board_ea_devkit_4088\Debug\liblpc_board_ea_devkit_4088.a(board.o)
                0x00011308                Board_UART_Init
 .text.Board_Debug_Init
                0x00011368       0x30 C:\Embedded_Programs\Network_Controller\lpc_board_ea_devkit_4088\Debug\liblpc_board_ea_devkit_4088.a(board.o)
                0x00011368                Board_Debug_Init
 .text.Board_UARTPutChar
                0x00011398       0x34 C:\Embedded_Programs\Network_Controller\lpc_board_ea_devkit_4088\Debug\liblpc_board_ea_devkit_4088.a(board.o)
                0x00011398                Board_UARTPutChar
 .text.Board_UARTPutSTR
                0x000113cc       0x28 C:\Embedded_Programs\Network_Controller\lpc_board_ea_devkit_4088\Debug\liblpc_board_ea_devkit_4088.a(board.o)
                0x000113cc                Board_UARTPutSTR
 .text.Board_LED_Set
                0x000113f4       0x90 C:\Embedded_Programs\Network_Controller\lpc_board_ea_devkit_4088\Debug\liblpc_board_ea_devkit_4088.a(board.o)
                0x000113f4                Board_LED_Set
 .text.GPIO_Set
                0x00011484       0x94 C:\Embedded_Programs\Network_Controller\lpc_board_ea_devkit_4088\Debug\liblpc_board_ea_devkit_4088.a(board.o)
                0x00011484                GPIO_Set
 .text.GPIO_Get
                0x00011518       0x58 C:\Embedded_Programs\Network_Controller\lpc_board_ea_devkit_4088\Debug\liblpc_board_ea_devkit_4088.a(board.o)
                0x00011518                GPIO_Get
 .text.Board_ENET_GetMacADDR
                0x00011570       0x34 C:\Embedded_Programs\Network_Controller\lpc_board_ea_devkit_4088\Debug\liblpc_board_ea_devkit_4088.a(board.o)
                0x00011570                Board_ENET_GetMacADDR
 .text.Board_Init
                0x000115a4       0x28 C:\Embedded_Programs\Network_Controller\lpc_board_ea_devkit_4088\Debug\liblpc_board_ea_devkit_4088.a(board.o)
                0x000115a4                Board_Init
 .text.Chip_SYSCTL_EnableBoost
                0x000115cc       0x1c C:\Embedded_Programs\Network_Controller\lpc_board_ea_devkit_4088\Debug\liblpc_board_ea_devkit_4088.a(board_sysinit.o)
 .text.Chip_Clock_SetEMCClockDiv
                0x000115e8       0x24 C:\Embedded_Programs\Network_Controller\lpc_board_ea_devkit_4088\Debug\liblpc_board_ea_devkit_4088.a(board_sysinit.o)
 .text.Chip_IOCON_PinMuxSet
                0x0001160c       0x2e C:\Embedded_Programs\Network_Controller\lpc_board_ea_devkit_4088\Debug\liblpc_board_ea_devkit_4088.a(board_sysinit.o)
 *fill*         0x0001163a        0x2 ff
 .text.Board_SetupMuxing
                0x0001163c       0x74 C:\Embedded_Programs\Network_Controller\lpc_board_ea_devkit_4088\Debug\liblpc_board_ea_devkit_4088.a(board_sysinit.o)
                0x0001163c                Board_SetupMuxing
 .text.Board_SetupClocking
                0x000116b0       0x1c C:\Embedded_Programs\Network_Controller\lpc_board_ea_devkit_4088\Debug\liblpc_board_ea_devkit_4088.a(board_sysinit.o)
                0x000116b0                Board_SetupClocking
 .text.Board_SetupExtMemory
                0x000116cc       0x5c C:\Embedded_Programs\Network_Controller\lpc_board_ea_devkit_4088\Debug\liblpc_board_ea_devkit_4088.a(board_sysinit.o)
                0x000116cc                Board_SetupExtMemory
 .text.Board_SystemInit
                0x00011728       0x14 C:\Embedded_Programs\Network_Controller\lpc_board_ea_devkit_4088\Debug\liblpc_board_ea_devkit_4088.a(board_sysinit.o)
                0x00011728                Board_SystemInit
 .text.Chip_ENET_IsMIIBusy
                0x0001173c       0x26 C:\Embedded_Programs\Network_Controller\lpc_board_ea_devkit_4088\Debug\liblpc_board_ea_devkit_4088.a(lpc_phy_smsc87x0.o)
 *fill*         0x00011762        0x2 ff
 .text.lpc_mii_write
                0x00011764       0x64 C:\Embedded_Programs\Network_Controller\lpc_board_ea_devkit_4088\Debug\liblpc_board_ea_devkit_4088.a(lpc_phy_smsc87x0.o)
 .text.lpc_mii_read
                0x000117c8       0x70 C:\Embedded_Programs\Network_Controller\lpc_board_ea_devkit_4088\Debug\liblpc_board_ea_devkit_4088.a(lpc_phy_smsc87x0.o)
 .text.smsc_update_phy_sts
                0x00011838       0xe8 C:\Embedded_Programs\Network_Controller\lpc_board_ea_devkit_4088\Debug\liblpc_board_ea_devkit_4088.a(lpc_phy_smsc87x0.o)
 .text.lpc_phy_init
                0x00011920       0xac C:\Embedded_Programs\Network_Controller\lpc_board_ea_devkit_4088\Debug\liblpc_board_ea_devkit_4088.a(lpc_phy_smsc87x0.o)
                0x00011920                lpc_phy_init
 .text.lpcPHYStsPoll
                0x000119cc       0xc0 C:\Embedded_Programs\Network_Controller\lpc_board_ea_devkit_4088\Debug\liblpc_board_ea_devkit_4088.a(lpc_phy_smsc87x0.o)
                0x000119cc                lpcPHYStsPoll
 .text.SystemCoreClockUpdate
                0x00011a8c       0x18 C:\Embedded_Programs\Network_Controller\lpc_chip_40xx\Debug\liblpc_chip_40xx.a(chip_17xx_40xx.o)
                0x00011a8c                SystemCoreClockUpdate
 .text.Chip_Clock_IsMainPLLEnabled
                0x00011aa4       0x28 C:\Embedded_Programs\Network_Controller\lpc_chip_40xx\Debug\liblpc_chip_40xx.a(clock_17xx_40xx.o)
 .text.Chip_Clock_FeedPLL
                0x00011acc       0x38 C:\Embedded_Programs\Network_Controller\lpc_chip_40xx\Debug\liblpc_chip_40xx.a(clock_17xx_40xx.o)
 .text.Chip_Clock_GetMainPLLSource
                0x00011b04       0x20 C:\Embedded_Programs\Network_Controller\lpc_chip_40xx\Debug\liblpc_chip_40xx.a(clock_17xx_40xx.o)
 .text.Chip_Clock_GetPCLKDiv
                0x00011b24       0x1c C:\Embedded_Programs\Network_Controller\lpc_chip_40xx\Debug\liblpc_chip_40xx.a(clock_17xx_40xx.o)
 .text.Chip_Clock_GetMainOscRate
                0x00011b40       0x18 C:\Embedded_Programs\Network_Controller\lpc_chip_40xx\Debug\liblpc_chip_40xx.a(clock_17xx_40xx.o)
 .text.Chip_Clock_GetIntOscRate
                0x00011b58       0x14 C:\Embedded_Programs\Network_Controller\lpc_chip_40xx\Debug\liblpc_chip_40xx.a(clock_17xx_40xx.o)
 .text.Chip_Clock_GetMainPLLInClockRate
                0x00011b6c        0xe C:\Embedded_Programs\Network_Controller\lpc_chip_40xx\Debug\liblpc_chip_40xx.a(clock_17xx_40xx.o)
 *fill*         0x00011b7a        0x2 ff
 .text.Chip_Clock_EnablePLL
                0x00011b7c       0x44 C:\Embedded_Programs\Network_Controller\lpc_chip_40xx\Debug\liblpc_chip_40xx.a(clock_17xx_40xx.o)
                0x00011b7c                Chip_Clock_EnablePLL
 .text.Chip_Clock_DisablePLL
                0x00011bc0       0x48 C:\Embedded_Programs\Network_Controller\lpc_chip_40xx\Debug\liblpc_chip_40xx.a(clock_17xx_40xx.o)
                0x00011bc0                Chip_Clock_DisablePLL
 .text.Chip_Clock_SetupPLL
                0x00011c08       0x4c C:\Embedded_Programs\Network_Controller\lpc_chip_40xx\Debug\liblpc_chip_40xx.a(clock_17xx_40xx.o)
                0x00011c08                Chip_Clock_SetupPLL
 .text.Chip_Clock_EnablePeriphClock
                0x00011c54       0x58 C:\Embedded_Programs\Network_Controller\lpc_chip_40xx\Debug\liblpc_chip_40xx.a(clock_17xx_40xx.o)
                0x00011c54                Chip_Clock_EnablePeriphClock
 .text.Chip_Clock_DisablePeriphClock
                0x00011cac       0x5c C:\Embedded_Programs\Network_Controller\lpc_chip_40xx\Debug\liblpc_chip_40xx.a(clock_17xx_40xx.o)
                0x00011cac                Chip_Clock_DisablePeriphClock
 .text.Chip_Clock_SetCPUClockSource
                0x00011d08       0x44 C:\Embedded_Programs\Network_Controller\lpc_chip_40xx\Debug\liblpc_chip_40xx.a(clock_17xx_40xx.o)
                0x00011d08                Chip_Clock_SetCPUClockSource
 .text.Chip_Clock_GetCPUClockSource
                0x00011d4c       0x30 C:\Embedded_Programs\Network_Controller\lpc_chip_40xx\Debug\liblpc_chip_40xx.a(clock_17xx_40xx.o)
                0x00011d4c                Chip_Clock_GetCPUClockSource
 .text.Chip_Clock_SetCPUClockDiv
                0x00011d7c       0x30 C:\Embedded_Programs\Network_Controller\lpc_chip_40xx\Debug\liblpc_chip_40xx.a(clock_17xx_40xx.o)
                0x00011d7c                Chip_Clock_SetCPUClockDiv
 .text.Chip_Clock_GetCPUClockDiv
                0x00011dac       0x1c C:\Embedded_Programs\Network_Controller\lpc_chip_40xx\Debug\liblpc_chip_40xx.a(clock_17xx_40xx.o)
                0x00011dac                Chip_Clock_GetCPUClockDiv
 .text.Chip_Clock_GetSYSCLKRate
                0x00011dc8       0x2a C:\Embedded_Programs\Network_Controller\lpc_chip_40xx\Debug\liblpc_chip_40xx.a(clock_17xx_40xx.o)
                0x00011dc8                Chip_Clock_GetSYSCLKRate
 *fill*         0x00011df2        0x2 ff
 .text.Chip_Clock_GetMainPLLOutClockRate
                0x00011df4       0x40 C:\Embedded_Programs\Network_Controller\lpc_chip_40xx\Debug\liblpc_chip_40xx.a(clock_17xx_40xx.o)
                0x00011df4                Chip_Clock_GetMainPLLOutClockRate
 .text.Chip_Clock_GetMainClockRate
                0x00011e34       0x28 C:\Embedded_Programs\Network_Controller\lpc_chip_40xx\Debug\liblpc_chip_40xx.a(clock_17xx_40xx.o)
                0x00011e34                Chip_Clock_GetMainClockRate
 .text.Chip_Clock_GetSystemClockRate
                0x00011e5c       0x18 C:\Embedded_Programs\Network_Controller\lpc_chip_40xx\Debug\liblpc_chip_40xx.a(clock_17xx_40xx.o)
                0x00011e5c                Chip_Clock_GetSystemClockRate
 .text.Chip_Clock_SetSPIFIClockSource
                0x00011e74       0x34 C:\Embedded_Programs\Network_Controller\lpc_chip_40xx\Debug\liblpc_chip_40xx.a(clock_17xx_40xx.o)
                0x00011e74                Chip_Clock_SetSPIFIClockSource
 .text.Chip_Clock_SetSPIFIClockDiv
                0x00011ea8       0x30 C:\Embedded_Programs\Network_Controller\lpc_chip_40xx\Debug\liblpc_chip_40xx.a(clock_17xx_40xx.o)
                0x00011ea8                Chip_Clock_SetSPIFIClockDiv
 .text.Chip_Clock_GetPeripheralClockRate
                0x00011ed8       0x2e C:\Embedded_Programs\Network_Controller\lpc_chip_40xx\Debug\liblpc_chip_40xx.a(clock_17xx_40xx.o)
                0x00011ed8                Chip_Clock_GetPeripheralClockRate
 .text.Chip_DAC_Init
                0x00011f06       0x1e C:\Embedded_Programs\Network_Controller\lpc_chip_40xx\Debug\liblpc_chip_40xx.a(dac_17xx_40xx.o)
                0x00011f06                Chip_DAC_Init
 .text.Chip_DAC_SetBias
                0x00011f24       0x34 C:\Embedded_Programs\Network_Controller\lpc_chip_40xx\Debug\liblpc_chip_40xx.a(dac_17xx_40xx.o)
                0x00011f24                Chip_DAC_SetBias
 .text.Chip_Clock_GetEMCClockDiv
                0x00011f58       0x1c C:\Embedded_Programs\Network_Controller\lpc_chip_40xx\Debug\liblpc_chip_40xx.a(emc_17xx_40xx.o)
 .text.Chip_Clock_GetEMCClockRate
                0x00011f74       0x18 C:\Embedded_Programs\Network_Controller\lpc_chip_40xx\Debug\liblpc_chip_40xx.a(emc_17xx_40xx.o)
 .text.convertTimmingParam
                0x00011f8c       0x6c C:\Embedded_Programs\Network_Controller\lpc_chip_40xx\Debug\liblpc_chip_40xx.a(emc_17xx_40xx.o)
 .text.getColsLen
                0x00011ff8       0x4e C:\Embedded_Programs\Network_Controller\lpc_chip_40xx\Debug\liblpc_chip_40xx.a(emc_17xx_40xx.o)
 .text.initDynMem
                0x00012046      0x292 C:\Embedded_Programs\Network_Controller\lpc_chip_40xx\Debug\liblpc_chip_40xx.a(emc_17xx_40xx.o)
                0x00012046                initDynMem
 .text.initStaticMem
                0x000122d8       0xb0 C:\Embedded_Programs\Network_Controller\lpc_chip_40xx\Debug\liblpc_chip_40xx.a(emc_17xx_40xx.o)
                0x000122d8                initStaticMem
 .text.Chip_EMC_Dynamic_Init
                0x00012388       0x24 C:\Embedded_Programs\Network_Controller\lpc_chip_40xx\Debug\liblpc_chip_40xx.a(emc_17xx_40xx.o)
                0x00012388                Chip_EMC_Dynamic_Init
 .text.Chip_EMC_Static_Init
                0x000123ac       0x24 C:\Embedded_Programs\Network_Controller\lpc_chip_40xx\Debug\liblpc_chip_40xx.a(emc_17xx_40xx.o)
                0x000123ac                Chip_EMC_Static_Init
 .text.Chip_EMC_Init
                0x000123d0       0x50 C:\Embedded_Programs\Network_Controller\lpc_chip_40xx\Debug\liblpc_chip_40xx.a(emc_17xx_40xx.o)
                0x000123d0                Chip_EMC_Init
 .text.Chip_Clock_GetENETClockRate
                0x00012420        0xe C:\Embedded_Programs\Network_Controller\lpc_chip_40xx\Debug\liblpc_chip_40xx.a(enet_17xx_40xx.o)
 .text.Chip_ENET_Reset
                0x0001242e       0x24 C:\Embedded_Programs\Network_Controller\lpc_chip_40xx\Debug\liblpc_chip_40xx.a(enet_17xx_40xx.o)
 .text.resetENET
                0x00012452       0x2e C:\Embedded_Programs\Network_Controller\lpc_chip_40xx\Debug\liblpc_chip_40xx.a(enet_17xx_40xx.o)
 .text.Chip_ENET_Init
                0x00012480       0x8e C:\Embedded_Programs\Network_Controller\lpc_chip_40xx\Debug\liblpc_chip_40xx.a(enet_17xx_40xx.o)
                0x00012480                Chip_ENET_Init
 *fill*         0x0001250e        0x2 ff
 .text.Chip_ENET_SetupMII
                0x00012510       0x48 C:\Embedded_Programs\Network_Controller\lpc_chip_40xx\Debug\liblpc_chip_40xx.a(enet_17xx_40xx.o)
                0x00012510                Chip_ENET_SetupMII
 .text.Chip_ENET_FindMIIDiv
                0x00012558       0x50 C:\Embedded_Programs\Network_Controller\lpc_chip_40xx\Debug\liblpc_chip_40xx.a(enet_17xx_40xx.o)
                0x00012558                Chip_ENET_FindMIIDiv
 .text.Chip_ENET_StartMIIWrite
                0x000125a8       0x3c C:\Embedded_Programs\Network_Controller\lpc_chip_40xx\Debug\liblpc_chip_40xx.a(enet_17xx_40xx.o)
                0x000125a8                Chip_ENET_StartMIIWrite
 .text.Chip_ENET_StartMIIRead
                0x000125e4       0x34 C:\Embedded_Programs\Network_Controller\lpc_chip_40xx\Debug\liblpc_chip_40xx.a(enet_17xx_40xx.o)
                0x000125e4                Chip_ENET_StartMIIRead
 .text.Chip_ENET_ReadMIIData
                0x00012618       0x20 C:\Embedded_Programs\Network_Controller\lpc_chip_40xx\Debug\liblpc_chip_40xx.a(enet_17xx_40xx.o)
                0x00012618                Chip_ENET_ReadMIIData
 .text.Chip_ENET_SetFullDuplex
                0x00012638       0x36 C:\Embedded_Programs\Network_Controller\lpc_chip_40xx\Debug\liblpc_chip_40xx.a(enet_17xx_40xx.o)
                0x00012638                Chip_ENET_SetFullDuplex
 .text.Chip_ENET_SetHalfDuplex
                0x0001266e       0x36 C:\Embedded_Programs\Network_Controller\lpc_chip_40xx\Debug\liblpc_chip_40xx.a(enet_17xx_40xx.o)
                0x0001266e                Chip_ENET_SetHalfDuplex
 .text.Chip_ENET_InitTxDescriptors
                0x000126a4       0x3c C:\Embedded_Programs\Network_Controller\lpc_chip_40xx\Debug\liblpc_chip_40xx.a(enet_17xx_40xx.o)
                0x000126a4                Chip_ENET_InitTxDescriptors
 .text.Chip_ENET_InitRxDescriptors
                0x000126e0       0x3c C:\Embedded_Programs\Network_Controller\lpc_chip_40xx\Debug\liblpc_chip_40xx.a(enet_17xx_40xx.o)
                0x000126e0                Chip_ENET_InitRxDescriptors
 .text.Chip_ENET_GetFillDescNum
                0x0001271c       0x4c C:\Embedded_Programs\Network_Controller\lpc_chip_40xx\Debug\liblpc_chip_40xx.a(enet_17xx_40xx.o)
                0x0001271c                Chip_ENET_GetFillDescNum
 .text.Chip_ENET_IncTXProduceIndex
                0x00012768       0x3e C:\Embedded_Programs\Network_Controller\lpc_chip_40xx\Debug\liblpc_chip_40xx.a(enet_17xx_40xx.o)
                0x00012768                Chip_ENET_IncTXProduceIndex
 .text.Chip_ENET_IncRXConsumeIndex
                0x000127a6       0x3e C:\Embedded_Programs\Network_Controller\lpc_chip_40xx\Debug\liblpc_chip_40xx.a(enet_17xx_40xx.o)
                0x000127a6                Chip_ENET_IncRXConsumeIndex
 .text.fpuInit  0x000127e4       0x74 C:\Embedded_Programs\Network_Controller\lpc_chip_40xx\Debug\liblpc_chip_40xx.a(fpu_init.o)
                0x000127e4                fpuInit
 .text.Chip_IOCON_PinMuxSet
                0x00012858       0x2e C:\Embedded_Programs\Network_Controller\lpc_chip_40xx\Debug\liblpc_chip_40xx.a(iocon_17xx_40xx.o)
 .text.Chip_IOCON_SetPinMuxing
                0x00012886       0x62 C:\Embedded_Programs\Network_Controller\lpc_chip_40xx\Debug\liblpc_chip_40xx.a(iocon_17xx_40xx.o)
                0x00012886                Chip_IOCON_SetPinMuxing
 .text.RingBuffer_GetCount
                0x000128e8       0x22 C:\Embedded_Programs\Network_Controller\lpc_chip_40xx\Debug\liblpc_chip_40xx.a(ring_buffer.o)
 .text.RingBuffer_GetFree
                0x0001290a       0x1e C:\Embedded_Programs\Network_Controller\lpc_chip_40xx\Debug\liblpc_chip_40xx.a(ring_buffer.o)
 .text.RingBuffer_IsFull
                0x00012928       0x26 C:\Embedded_Programs\Network_Controller\lpc_chip_40xx\Debug\liblpc_chip_40xx.a(ring_buffer.o)
 .text.RingBuffer_IsEmpty
                0x0001294e       0x2a C:\Embedded_Programs\Network_Controller\lpc_chip_40xx\Debug\liblpc_chip_40xx.a(ring_buffer.o)
 .text.RingBuffer_Init
                0x00012978       0x3c C:\Embedded_Programs\Network_Controller\lpc_chip_40xx\Debug\liblpc_chip_40xx.a(ring_buffer.o)
                0x00012978                RingBuffer_Init
 .text.RingBuffer_Insert
                0x000129b4       0x5c C:\Embedded_Programs\Network_Controller\lpc_chip_40xx\Debug\liblpc_chip_40xx.a(ring_buffer.o)
                0x000129b4                RingBuffer_Insert
 .text.RingBuffer_InsertMult
                0x00012a10      0x122 C:\Embedded_Programs\Network_Controller\lpc_chip_40xx\Debug\liblpc_chip_40xx.a(ring_buffer.o)
                0x00012a10                RingBuffer_InsertMult
 .text.RingBuffer_Pop
                0x00012b32       0x5c C:\Embedded_Programs\Network_Controller\lpc_chip_40xx\Debug\liblpc_chip_40xx.a(ring_buffer.o)
                0x00012b32                RingBuffer_Pop
 .text.RingBuffer_PopMult
                0x00012b8e      0x122 C:\Embedded_Programs\Network_Controller\lpc_chip_40xx\Debug\liblpc_chip_40xx.a(ring_buffer.o)
                0x00012b8e                RingBuffer_PopMult
 .text.Chip_SYSCTL_PeriphReset
                0x00012cb0       0x68 C:\Embedded_Programs\Network_Controller\lpc_chip_40xx\Debug\liblpc_chip_40xx.a(sysctl_17xx_40xx.o)
                0x00012cb0                Chip_SYSCTL_PeriphReset
 .text.Chip_Clock_IsMainPLLEnabled
                0x00012d18       0x28 C:\Embedded_Programs\Network_Controller\lpc_chip_40xx\Debug\liblpc_chip_40xx.a(sysinit_17xx_40xx.o)
 .text.Chip_Clock_IsMainPLLLocked
                0x00012d40       0x28 C:\Embedded_Programs\Network_Controller\lpc_chip_40xx\Debug\liblpc_chip_40xx.a(sysinit_17xx_40xx.o)
 .text.Chip_Clock_EnableCrystal
                0x00012d68       0x24 C:\Embedded_Programs\Network_Controller\lpc_chip_40xx\Debug\liblpc_chip_40xx.a(sysinit_17xx_40xx.o)
 .text.Chip_Clock_IsCrystalEnabled
                0x00012d8c       0x28 C:\Embedded_Programs\Network_Controller\lpc_chip_40xx\Debug\liblpc_chip_40xx.a(sysinit_17xx_40xx.o)
 .text.Chip_Clock_SetMainPLLSource
                0x00012db4       0x24 C:\Embedded_Programs\Network_Controller\lpc_chip_40xx\Debug\liblpc_chip_40xx.a(sysinit_17xx_40xx.o)
 .text.Chip_Clock_SetPCLKDiv
                0x00012dd8       0x20 C:\Embedded_Programs\Network_Controller\lpc_chip_40xx\Debug\liblpc_chip_40xx.a(sysinit_17xx_40xx.o)
 .text.Chip_SetupXtalClocking
                0x00012df8       0x82 C:\Embedded_Programs\Network_Controller\lpc_chip_40xx\Debug\liblpc_chip_40xx.a(sysinit_17xx_40xx.o)
                0x00012df8                Chip_SetupXtalClocking
 .text.RingBuffer_IsEmpty
                0x00012e7a       0x2a C:\Embedded_Programs\Network_Controller\lpc_chip_40xx\Debug\liblpc_chip_40xx.a(uart_17xx_40xx.o)
 .text.Chip_UART_SendByte
                0x00012ea4       0x1e C:\Embedded_Programs\Network_Controller\lpc_chip_40xx\Debug\liblpc_chip_40xx.a(uart_17xx_40xx.o)
 .text.Chip_UART_ReadByte
                0x00012ec2       0x1a C:\Embedded_Programs\Network_Controller\lpc_chip_40xx\Debug\liblpc_chip_40xx.a(uart_17xx_40xx.o)
 .text.Chip_UART_IntEnable
                0x00012edc       0x22 C:\Embedded_Programs\Network_Controller\lpc_chip_40xx\Debug\liblpc_chip_40xx.a(uart_17xx_40xx.o)
 .text.Chip_UART_IntDisable
                0x00012efe       0x24 C:\Embedded_Programs\Network_Controller\lpc_chip_40xx\Debug\liblpc_chip_40xx.a(uart_17xx_40xx.o)
 .text.Chip_UART_ReadIntIDReg
                0x00012f22       0x18 C:\Embedded_Programs\Network_Controller\lpc_chip_40xx\Debug\liblpc_chip_40xx.a(uart_17xx_40xx.o)
 .text.Chip_UART_SetupFIFOS
                0x00012f3a       0x1c C:\Embedded_Programs\Network_Controller\lpc_chip_40xx\Debug\liblpc_chip_40xx.a(uart_17xx_40xx.o)
 .text.Chip_UART_ConfigData
                0x00012f56       0x1c C:\Embedded_Programs\Network_Controller\lpc_chip_40xx\Debug\liblpc_chip_40xx.a(uart_17xx_40xx.o)
 .text.Chip_UART_EnableDivisorAccess
                0x00012f72       0x20 C:\Embedded_Programs\Network_Controller\lpc_chip_40xx\Debug\liblpc_chip_40xx.a(uart_17xx_40xx.o)
 .text.Chip_UART_DisableDivisorAccess
                0x00012f92       0x20 C:\Embedded_Programs\Network_Controller\lpc_chip_40xx\Debug\liblpc_chip_40xx.a(uart_17xx_40xx.o)
 .text.Chip_UART_SetDivisorLatches
                0x00012fb2       0x28 C:\Embedded_Programs\Network_Controller\lpc_chip_40xx\Debug\liblpc_chip_40xx.a(uart_17xx_40xx.o)
 .text.Chip_UART_ReadLineStatus
                0x00012fda       0x18 C:\Embedded_Programs\Network_Controller\lpc_chip_40xx\Debug\liblpc_chip_40xx.a(uart_17xx_40xx.o)
 .text.Chip_UART_SetAutoBaudReg
                0x00012ff2       0x22 C:\Embedded_Programs\Network_Controller\lpc_chip_40xx\Debug\liblpc_chip_40xx.a(uart_17xx_40xx.o)
 .text.Chip_UART_GetClockIndex
                0x00013014       0x64 C:\Embedded_Programs\Network_Controller\lpc_chip_40xx\Debug\liblpc_chip_40xx.a(uart_17xx_40xx.o)
 .text.Chip_UART_ABIntHandler
                0x00013078       0x6c C:\Embedded_Programs\Network_Controller\lpc_chip_40xx\Debug\liblpc_chip_40xx.a(uart_17xx_40xx.o)
 .text.Chip_UART_Init
                0x000130e4       0x78 C:\Embedded_Programs\Network_Controller\lpc_chip_40xx\Debug\liblpc_chip_40xx.a(uart_17xx_40xx.o)
                0x000130e4                Chip_UART_Init
 .text.Chip_UART_DeInit
                0x0001315c       0x24 C:\Embedded_Programs\Network_Controller\lpc_chip_40xx\Debug\liblpc_chip_40xx.a(uart_17xx_40xx.o)
                0x0001315c                Chip_UART_DeInit
 .text.Chip_UART_TXEnable
                0x00013180       0x30 C:\Embedded_Programs\Network_Controller\lpc_chip_40xx\Debug\liblpc_chip_40xx.a(uart_17xx_40xx.o)
                0x00013180                Chip_UART_TXEnable
 .text.Chip_UART_TXDisable
                0x000131b0       0x30 C:\Embedded_Programs\Network_Controller\lpc_chip_40xx\Debug\liblpc_chip_40xx.a(uart_17xx_40xx.o)
                0x000131b0                Chip_UART_TXDisable
 .text.Chip_UART_SetBaud
                0x000131e0       0x58 C:\Embedded_Programs\Network_Controller\lpc_chip_40xx\Debug\liblpc_chip_40xx.a(uart_17xx_40xx.o)
                0x000131e0                Chip_UART_SetBaud
 .text.Chip_UART_RXIntHandlerRB
                0x00013238       0x3a C:\Embedded_Programs\Network_Controller\lpc_chip_40xx\Debug\liblpc_chip_40xx.a(uart_17xx_40xx.o)
                0x00013238                Chip_UART_RXIntHandlerRB
 .text.Chip_UART_TXIntHandlerRB
                0x00013272       0x40 C:\Embedded_Programs\Network_Controller\lpc_chip_40xx\Debug\liblpc_chip_40xx.a(uart_17xx_40xx.o)
                0x00013272                Chip_UART_TXIntHandlerRB
 .text.Chip_UART_SendRB
                0x000132b2       0x60 C:\Embedded_Programs\Network_Controller\lpc_chip_40xx\Debug\liblpc_chip_40xx.a(uart_17xx_40xx.o)
                0x000132b2                Chip_UART_SendRB
 .text.Chip_UART_ReadRB
                0x00013312       0x22 C:\Embedded_Programs\Network_Controller\lpc_chip_40xx\Debug\liblpc_chip_40xx.a(uart_17xx_40xx.o)
                0x00013312                Chip_UART_ReadRB
 .text.Chip_UART_IRQRBHandler
                0x00013334       0x4a C:\Embedded_Programs\Network_Controller\lpc_chip_40xx\Debug\liblpc_chip_40xx.a(uart_17xx_40xx.o)
                0x00013334                Chip_UART_IRQRBHandler
 .text.__main   0x0001337e        0xe c:/nxp/mcuxpressoide_11.1.1_3241/ide/plugins/com.nxp.mcuxpresso.tools.win32_11.1.0.202001081728/tools/bin/../lib/gcc/arm-none-eabi/8.3.1/../../../../arm-none-eabi/lib/thumb/v7e-m+fp/softfp\libcr_nohost.a(_cr__main.o)
                0x0001337e                __main
 .text.memcpy   0x0001338c        0x4 c:/nxp/mcuxpressoide_11.1.1_3241/ide/plugins/com.nxp.mcuxpresso.tools.win32_11.1.0.202001081728/tools/bin/../lib/gcc/arm-none-eabi/8.3.1/../../../../arm-none-eabi/lib/thumb/v7e-m+fp/softfp\libcr_c.a(memcpy.o)
                0x0001338c                memcpy
 .text.memset   0x00013390        0x4 c:/nxp/mcuxpressoide_11.1.1_3241/ide/plugins/com.nxp.mcuxpresso.tools.win32_11.1.0.202001081728/tools/bin/../lib/gcc/arm-none-eabi/8.3.1/../../../../arm-none-eabi/lib/thumb/v7e-m+fp/softfp\libcr_c.a(memset.o)
                0x00013390                memset
 .text.malloc   0x00013394       0xc8 c:/nxp/mcuxpressoide_11.1.1_3241/ide/plugins/com.nxp.mcuxpresso.tools.win32_11.1.0.202001081728/tools/bin/../lib/gcc/arm-none-eabi/8.3.1/../../../../arm-none-eabi/lib/thumb/v7e-m+fp/softfp\libcr_c.a(alloc.o)
                0x00013394                malloc
 .text.free     0x0001345c       0x30 c:/nxp/mcuxpressoide_11.1.1_3241/ide/plugins/com.nxp.mcuxpresso.tools.win32_11.1.0.202001081728/tools/bin/../lib/gcc/arm-none-eabi/8.3.1/../../../../arm-none-eabi/lib/thumb/v7e-m+fp/softfp\libcr_c.a(alloc.o)
                0x0001345c                free
 .text._Csys_alloc
                0x0001348c       0x20 c:/nxp/mcuxpressoide_11.1.1_3241/ide/plugins/com.nxp.mcuxpresso.tools.win32_11.1.0.202001081728/tools/bin/../lib/gcc/arm-none-eabi/8.3.1/../../../../arm-none-eabi/lib/thumb/v7e-m+fp/softfp\libcr_c.a(alloc.o)
                0x0001348c                _Csys_alloc
 .text.fabs     0x000134ac       0x1c c:/nxp/mcuxpressoide_11.1.1_3241/ide/plugins/com.nxp.mcuxpresso.tools.win32_11.1.0.202001081728/tools/bin/../lib/gcc/arm-none-eabi/8.3.1/../../../../arm-none-eabi/lib/thumb/v7e-m+fp/softfp\libcr_c.a(fabs.o)
                0x000134ac                fabs
 .text.fp_round
                0x000134c8       0x4e c:/nxp/mcuxpressoide_11.1.1_3241/ide/plugins/com.nxp.mcuxpresso.tools.win32_11.1.0.202001081728/tools/bin/../lib/gcc/arm-none-eabi/8.3.1/../../../../arm-none-eabi/lib/thumb/v7e-m+fp/softfp\libcr_c.a(fpprintf.o)
 .text.pr_dec.constprop.1
                0x00013516       0x26 c:/nxp/mcuxpressoide_11.1.1_3241/ide/plugins/com.nxp.mcuxpresso.tools.win32_11.1.0.202001081728/tools/bin/../lib/gcc/arm-none-eabi/8.3.1/../../../../arm-none-eabi/lib/thumb/v7e-m+fp/softfp\libcr_c.a(fpprintf.o)
 .text.sprintf  0x0001353c       0x6c c:/nxp/mcuxpressoide_11.1.1_3241/ide/plugins/com.nxp.mcuxpresso.tools.win32_11.1.0.202001081728/tools/bin/../lib/gcc/arm-none-eabi/8.3.1/../../../../arm-none-eabi/lib/thumb/v7e-m+fp/softfp\libcr_c.a(fpprintf.o)
                0x0001353c                sprintf
 .text.fp_display
                0x000135a8      0x954 c:/nxp/mcuxpressoide_11.1.1_3241/ide/plugins/com.nxp.mcuxpresso.tools.win32_11.1.0.202001081728/tools/bin/../lib/gcc/arm-none-eabi/8.3.1/../../../../arm-none-eabi/lib/thumb/v7e-m+fp/softfp\libcr_c.a(fpprintf.o)
 .text.vsnprintf
                0x00013efc       0x68 c:/nxp/mcuxpressoide_11.1.1_3241/ide/plugins/com.nxp.mcuxpresso.tools.win32_11.1.0.202001081728/tools/bin/../lib/gcc/arm-none-eabi/8.3.1/../../../../arm-none-eabi/lib/thumb/v7e-m+fp/softfp\libcr_c.a(fpprintf.o)
                0x00013efc                vsnprintf
 .text.printf   0x00013f64       0x54 c:/nxp/mcuxpressoide_11.1.1_3241/ide/plugins/com.nxp.mcuxpresso.tools.win32_11.1.0.202001081728/tools/bin/../lib/gcc/arm-none-eabi/8.3.1/../../../../arm-none-eabi/lib/thumb/v7e-m+fp/softfp\libcr_c.a(fpprintf.o)
                0x00013f64                printf
 .text._initio  0x00013fb8       0x78 c:/nxp/mcuxpressoide_11.1.1_3241/ide/plugins/com.nxp.mcuxpresso.tools.win32_11.1.0.202001081728/tools/bin/../lib/gcc/arm-none-eabi/8.3.1/../../../../arm-none-eabi/lib/thumb/v7e-m+fp/softfp\libcr_c.a(initio.o)
                0x00013fb8                _initio
 .text.memcmp   0x00014030       0x44 c:/nxp/mcuxpressoide_11.1.1_3241/ide/plugins/com.nxp.mcuxpresso.tools.win32_11.1.0.202001081728/tools/bin/../lib/gcc/arm-none-eabi/8.3.1/../../../../arm-none-eabi/lib/thumb/v7e-m+fp/softfp\libcr_c.a(memcmp.o)
                0x00014030                memcmp
 .text.__vfprintf
                0x00014074      0xbe0 c:/nxp/mcuxpressoide_11.1.1_3241/ide/plugins/com.nxp.mcuxpresso.tools.win32_11.1.0.202001081728/tools/bin/../lib/gcc/arm-none-eabi/8.3.1/../../../../arm-none-eabi/lib/thumb/v7e-m+fp/softfp\libcr_c.a(printf.o)
                0x00014074                __vfprintf
 .text.ch_val   0x00014c54       0x30 c:/nxp/mcuxpressoide_11.1.1_3241/ide/plugins/com.nxp.mcuxpresso.tools.win32_11.1.0.202001081728/tools/bin/../lib/gcc/arm-none-eabi/8.3.1/../../../../arm-none-eabi/lib/thumb/v7e-m+fp/softfp\libcr_c.a(scanf.o)
 .text._strtoul
                0x00014c84       0xbc c:/nxp/mcuxpressoide_11.1.1_3241/ide/plugins/com.nxp.mcuxpresso.tools.win32_11.1.0.202001081728/tools/bin/../lib/gcc/arm-none-eabi/8.3.1/../../../../arm-none-eabi/lib/thumb/v7e-m+fp/softfp\libcr_c.a(scanf.o)
 .text.strtol   0x00014d40       0x7c c:/nxp/mcuxpressoide_11.1.1_3241/ide/plugins/com.nxp.mcuxpresso.tools.win32_11.1.0.202001081728/tools/bin/../lib/gcc/arm-none-eabi/8.3.1/../../../../arm-none-eabi/lib/thumb/v7e-m+fp/softfp\libcr_c.a(scanf.o)
                0x00014d40                strtol
 .text.atoi     0x00014dbc       0x18 c:/nxp/mcuxpressoide_11.1.1_3241/ide/plugins/com.nxp.mcuxpresso.tools.win32_11.1.0.202001081728/tools/bin/../lib/gcc/arm-none-eabi/8.3.1/../../../../arm-none-eabi/lib/thumb/v7e-m+fp/softfp\libcr_c.a(scanf.o)
                0x00014dbc                atoi
 .text.setvbuf  0x00014dd4       0x40 c:/nxp/mcuxpressoide_11.1.1_3241/ide/plugins/com.nxp.mcuxpresso.tools.win32_11.1.0.202001081728/tools/bin/../lib/gcc/arm-none-eabi/8.3.1/../../../../arm-none-eabi/lib/thumb/v7e-m+fp/softfp\libcr_c.a(setvbuf.o)
                0x00014dd4                setvbuf
 .text.strcat   0x00014e14       0x20 c:/nxp/mcuxpressoide_11.1.1_3241/ide/plugins/com.nxp.mcuxpresso.tools.win32_11.1.0.202001081728/tools/bin/../lib/gcc/arm-none-eabi/8.3.1/../../../../arm-none-eabi/lib/thumb/v7e-m+fp/softfp\libcr_c.a(strcat.o)
                0x00014e14                strcat
 .text.strcpy   0x00014e34       0x42 c:/nxp/mcuxpressoide_11.1.1_3241/ide/plugins/com.nxp.mcuxpresso.tools.win32_11.1.0.202001081728/tools/bin/../lib/gcc/arm-none-eabi/8.3.1/../../../../arm-none-eabi/lib/thumb/v7e-m+fp/softfp\libcr_c.a(strcpy.o)
                0x00014e34                strcpy
 .text.strlen   0x00014e76       0x4c c:/nxp/mcuxpressoide_11.1.1_3241/ide/plugins/com.nxp.mcuxpresso.tools.win32_11.1.0.202001081728/tools/bin/../lib/gcc/arm-none-eabi/8.3.1/../../../../arm-none-eabi/lib/thumb/v7e-m+fp/softfp\libcr_c.a(strlen.o)
                0x00014e76                strlen
 .text.strncmp  0x00014ec2       0x58 c:/nxp/mcuxpressoide_11.1.1_3241/ide/plugins/com.nxp.mcuxpresso.tools.win32_11.1.0.202001081728/tools/bin/../lib/gcc/arm-none-eabi/8.3.1/../../../../arm-none-eabi/lib/thumb/v7e-m+fp/softfp\libcr_c.a(strncmp.o)
                0x00014ec2                strncmp
 .text.strncpy  0x00014f1a       0x58 c:/nxp/mcuxpressoide_11.1.1_3241/ide/plugins/com.nxp.mcuxpresso.tools.win32_11.1.0.202001081728/tools/bin/../lib/gcc/arm-none-eabi/8.3.1/../../../../arm-none-eabi/lib/thumb/v7e-m+fp/softfp\libcr_c.a(strncpy.o)
                0x00014f1a                strncpy
 .text.strstr   0x00014f72       0x20 c:/nxp/mcuxpressoide_11.1.1_3241/ide/plugins/com.nxp.mcuxpresso.tools.win32_11.1.0.202001081728/tools/bin/../lib/gcc/arm-none-eabi/8.3.1/../../../../arm-none-eabi/lib/thumb/v7e-m+fp/softfp\libcr_c.a(strstr.o)
                0x00014f72                strstr
 *fill*         0x00014f92        0x2 ff
 .text.strtok   0x00014f94       0x40 c:/nxp/mcuxpressoide_11.1.1_3241/ide/plugins/com.nxp.mcuxpresso.tools.win32_11.1.0.202001081728/tools/bin/../lib/gcc/arm-none-eabi/8.3.1/../../../../arm-none-eabi/lib/thumb/v7e-m+fp/softfp\libcr_c.a(strtok.o)
                0x00014f94                strtok
 .text._sbrk    0x00014fd4       0x3c c:/nxp/mcuxpressoide_11.1.1_3241/ide/plugins/com.nxp.mcuxpresso.tools.win32_11.1.0.202001081728/tools/bin/../lib/gcc/arm-none-eabi/8.3.1/../../../../arm-none-eabi/lib/thumb/v7e-m+fp/softfp\libcr_c.a(_cr_sbrk.o)
                0x00014fd4                _sbrk
 .text._deferredlazyseek
                0x00015010       0x40 c:/nxp/mcuxpressoide_11.1.1_3241/ide/plugins/com.nxp.mcuxpresso.tools.win32_11.1.0.202001081728/tools/bin/../lib/gcc/arm-none-eabi/8.3.1/../../../../arm-none-eabi/lib/thumb/v7e-m+fp/softfp\libcr_c.a(_deferredlazyseek.o)
                0x00015010                _deferredlazyseek
 .text.__flsbuf
                0x00015050      0x140 c:/nxp/mcuxpressoide_11.1.1_3241/ide/plugins/com.nxp.mcuxpresso.tools.win32_11.1.0.202001081728/tools/bin/../lib/gcc/arm-none-eabi/8.3.1/../../../../arm-none-eabi/lib/thumb/v7e-m+fp/softfp\libcr_c.a(_deferredlazyseek.o)
                0x00015050                __flsbuf
 .text._fdopen  0x00015190       0x68 c:/nxp/mcuxpressoide_11.1.1_3241/ide/plugins/com.nxp.mcuxpresso.tools.win32_11.1.0.202001081728/tools/bin/../lib/gcc/arm-none-eabi/8.3.1/../../../../arm-none-eabi/lib/thumb/v7e-m+fp/softfp\libcr_c.a(_fdopen.o)
                0x00015190                _fdopen
 .text._fflush  0x000151f8       0x52 c:/nxp/mcuxpressoide_11.1.1_3241/ide/plugins/com.nxp.mcuxpresso.tools.win32_11.1.0.202001081728/tools/bin/../lib/gcc/arm-none-eabi/8.3.1/../../../../arm-none-eabi/lib/thumb/v7e-m+fp/softfp\libcr_c.a(_fflush.o)
                0x000151f8                _fflush
 .text._frexpl  0x0001524a       0x56 c:/nxp/mcuxpressoide_11.1.1_3241/ide/plugins/com.nxp.mcuxpresso.tools.win32_11.1.0.202001081728/tools/bin/../lib/gcc/arm-none-eabi/8.3.1/../../../../arm-none-eabi/lib/thumb/v7e-m+fp/softfp\libcr_c.a(_frexpl.o)
                0x0001524a                _frexpl