Archive member included to satisfy reference by file (symbol)

C:\Embedded_Programs\Network_Controller\lpc_board_ea_devkit_4088\Debug\liblpc_board_ea_devkit_4088.a(board.o)
                              ./freertos/src/FreeRTOSCommonHooks.o (Board_UARTPutSTR)
C:\Embedded_Programs\Network_Controller\lpc_board_ea_devkit_4088\Debug\liblpc_board_ea_devkit_4088.a(board_sysinit.o)
                              ./example/src/sysinit.o (Board_SystemInit)
C:\Embedded_Programs\Network_Controller\lpc_board_ea_devkit_4088\Debug\liblpc_board_ea_devkit_4088.a(lpc_phy_smsc87x0.o)
                              ./lwip/src/arch/lpc17xx_40xx_emac.o (lpc_phy_init)
C:\Embedded_Programs\Network_Controller\lpc_board_ea_devkit_4088\Debug\liblpc_board_ea_devkit_4088.a(uda1380.o)
                              C:\Embedded_Programs\Network_Controller\lpc_board_ea_devkit_4088\Debug\liblpc_board_ea_devkit_4088.a(board.o) (UDA1380_Init)
C:\Embedded_Programs\Network_Controller\lpc_chip_40xx\Debug\liblpc_chip_40xx.a(chip_17xx_40xx.o)
                              ./freertos/src/port.o (SystemCoreClock)
C:\Embedded_Programs\Network_Controller\lpc_chip_40xx\Debug\liblpc_chip_40xx.a(clock_17xx_40xx.o)
                              C:\Embedded_Programs\Network_Controller\lpc_chip_40xx\Debug\liblpc_chip_40xx.a(chip_17xx_40xx.o) (Chip_Clock_SetupPLL)
C:\Embedded_Programs\Network_Controller\lpc_chip_40xx\Debug\liblpc_chip_40xx.a(dac_17xx_40xx.o)
                              ./example/src/RTOS_Tests.o (Chip_DAC_Init)
C:\Embedded_Programs\Network_Controller\lpc_chip_40xx\Debug\liblpc_chip_40xx.a(emc_17xx_40xx.o)
                              C:\Embedded_Programs\Network_Controller\lpc_board_ea_devkit_4088\Debug\liblpc_board_ea_devkit_4088.a(board_sysinit.o) (Chip_EMC_Dynamic_Init)
C:\Embedded_Programs\Network_Controller\lpc_chip_40xx\Debug\liblpc_chip_40xx.a(enet_17xx_40xx.o)
                              ./lwip/src/arch/lpc17xx_40xx_emac.o (Chip_ENET_Init)
C:\Embedded_Programs\Network_Controller\lpc_chip_40xx\Debug\liblpc_chip_40xx.a(fpu_init.o)
                              ./example/src/sysinit.o (fpuInit)
C:\Embedded_Programs\Network_Controller\lpc_chip_40xx\Debug\liblpc_chip_40xx.a(i2c_17xx_40xx.o)
                              C:\Embedded_Programs\Network_Controller\lpc_board_ea_devkit_4088\Debug\liblpc_board_ea_devkit_4088.a(uda1380.o) (Chip_I2C_EventHandlerPolling)
C:\Embedded_Programs\Network_Controller\lpc_chip_40xx\Debug\liblpc_chip_40xx.a(i2s_17xx_40xx.o)
                              C:\Embedded_Programs\Network_Controller\lpc_board_ea_devkit_4088\Debug\liblpc_board_ea_devkit_4088.a(board.o) (Chip_I2S_Init)
C:\Embedded_Programs\Network_Controller\lpc_chip_40xx\Debug\liblpc_chip_40xx.a(iocon_17xx_40xx.o)
                              C:\Embedded_Programs\Network_Controller\lpc_board_ea_devkit_4088\Debug\liblpc_board_ea_devkit_4088.a(board_sysinit.o) (Chip_IOCON_SetPinMuxing)
C:\Embedded_Programs\Network_Controller\lpc_chip_40xx\Debug\liblpc_chip_40xx.a(ring_buffer.o)
                              ./example/src/UART_Manager.o (RingBuffer_Init)
C:\Embedded_Programs\Network_Controller\lpc_chip_40xx\Debug\liblpc_chip_40xx.a(ssp_17xx_40xx.o)
                              C:\Embedded_Programs\Network_Controller\lpc_board_ea_devkit_4088\Debug\liblpc_board_ea_devkit_4088.a(board.o) (Chip_SSP_WriteFrames_Blocking)
C:\Embedded_Programs\Network_Controller\lpc_chip_40xx\Debug\liblpc_chip_40xx.a(sysctl_17xx_40xx.o)
                              C:\Embedded_Programs\Network_Controller\lpc_board_ea_devkit_4088\Debug\liblpc_board_ea_devkit_4088.a(board_sysinit.o) (Chip_SYSCTL_PeriphReset)
C:\Embedded_Programs\Network_Controller\lpc_chip_40xx\Debug\liblpc_chip_40xx.a(sysinit_17xx_40xx.o)
                              C:\Embedded_Programs\Network_Controller\lpc_board_ea_devkit_4088\Debug\liblpc_board_ea_devkit_4088.a(board_sysinit.o) (Chip_SetupXtalClocking)
C:\Embedded_Programs\Network_Controller\lpc_chip_40xx\Debug\liblpc_chip_40xx.a(uart_17xx_40xx.o)
                              ./example/src/UART_Manager.o (Chip_UART_Init)
c:/nxp/mcuxpressoide_11.3.0_5222/ide/plugins/com.nxp.mcuxpresso.tools.win32_11.3.0.202008311133/tools/bin/../lib/gcc/arm-none-eabi/9.3.1/../../../../arm-none-eabi/lib/thumb/v7e-m+fp/softfp\libcr_nohost.a(_cr__main.o)
                              ./example/src/cr_startup_lpc40xx.o (__main)
c:/nxp/mcuxpressoide_11.3.0_5222/ide/plugins/com.nxp.mcuxpresso.tools.win32_11.3.0.202008311133/tools/bin/../lib/gcc/arm-none-eabi/9.3.1/../../../../arm-none-eabi/lib/thumb/v7e-m+fp/softfp\libcr_c.a(memcpy.o)
                              ./lwip/src/netif/etharp.o (memcpy)
c:/nxp/mcuxpressoide_11.3.0_5222/ide/plugins/com.nxp.mcuxpresso.tools.win32_11.3.0.202008311133/tools/bin/../lib/gcc/arm-none-eabi/9.3.1/../../../../arm-none-eabi/lib/thumb/v7e-m+fp/softfp\libcr_c.a(memset.o)
                              ./lwip/src/core/ipv4/ip_frag.o (memset)
[...]
Memory Configuration

Name             Origin             Length             Attributes
MFlash512        0x00000000         0x00080000         xr
RamPeriph32      0x20000000         0x00008000         xrw
RamLoc64         0x10000000         0x00010000         xrw
*default*        0x00000000         0xffffffff

Linker script and memory map

LOAD ./lwip/src/netif/etharp.o
LOAD ./lwip/src/netif/ethernetif.o
LOAD ./lwip/src/core/ipv4/autoip.o
LOAD ./lwip/src/core/ipv4/icmp.o
LOAD ./lwip/src/core/ipv4/igmp.o
LOAD ./lwip/src/core/ipv4/inet.o
LOAD ./lwip/src/core/ipv4/inet_chksum.o
LOAD ./lwip/src/core/ipv4/ip.o
LOAD ./lwip/src/core/ipv4/ip_addr.o
LOAD ./lwip/src/core/ipv4/ip_frag.o
LOAD ./lwip/src/core/def.o
LOAD ./lwip/src/core/dhcp.o
LOAD ./lwip/src/core/dns.o
LOAD ./lwip/src/core/init.o
LOAD ./lwip/src/core/mem.o
LOAD ./lwip/src/core/memp.o
LOAD ./lwip/src/core/netif.o
LOAD ./lwip/src/core/pbuf.o
LOAD ./lwip/src/core/raw.o
LOAD ./lwip/src/core/stats.o
LOAD ./lwip/src/core/sys.o
LOAD ./lwip/src/core/tcp.o
LOAD ./lwip/src/core/tcp_in.o
LOAD ./lwip/src/core/tcp_out.o
LOAD ./lwip/src/core/timers.o
LOAD ./lwip/src/core/udp.o
LOAD ./lwip/src/arch/lpc17xx_40xx_emac.o
LOAD ./lwip/src/arch/lpc_debug.o
LOAD ./lwip/src/arch/sys_arch_freertos.o
LOAD ./lwip/src/api/api_lib.o
LOAD ./lwip/src/api/api_msg.o
LOAD ./lwip/src/api/err.o
LOAD ./lwip/src/api/netbuf.o
LOAD ./lwip/src/api/netdb.o
LOAD ./lwip/src/api/netifapi.o
LOAD ./lwip/src/api/sockets.o
LOAD ./lwip/src/api/tcpip.o
LOAD ./freertos/src/FreeRTOSCommonHooks.o
LOAD ./freertos/src/heap_3.o
LOAD ./freertos/src/list.o
LOAD ./freertos/src/port.o
LOAD ./freertos/src/queue.o
LOAD ./freertos/src/tasks.o
LOAD ./example/src/Axis_Configuration.o
LOAD ./example/src/Axis_Control.o
LOAD ./example/src/Network_Link.o
LOAD ./example/src/Profiler.o
LOAD ./example/src/RTOS_Tests.o
LOAD ./example/src/Stepper.o
LOAD ./example/src/TCP_Connection.o
LOAD ./example/src/UART_Manager.o
LOAD ./example/src/cr_redlib_heap_fix.o
LOAD ./example/src/cr_startup_lpc40xx.o
LOAD ./example/src/myprint.o
LOAD ./example/src/sysinit.o
LOAD C:\Embedded_Programs\Network_Controller\lpc_board_ea_devkit_4088\Debug\liblpc_board_ea_devkit_4088.a
LOAD C:\Embedded_Programs\Network_Controller\lpc_chip_40xx\Debug\liblpc_chip_40xx.a
START GROUP
LOAD c:/nxp/mcuxpressoide_11.3.0_5222/ide/plugins/com.nxp.mcuxpresso.tools.win32_11.3.0.202008311133/tools/bin/../lib/gcc/arm-none-eabi/9.3.1/../../../../arm-none-eabi/lib/thumb/v7e-m+fp/softfp\libcr_nohost.a
LOAD c:/nxp/mcuxpressoide_11.3.0_5222/ide/plugins/com.nxp.mcuxpresso.tools.win32_11.3.0.202008311133/tools/bin/../lib/gcc/arm-none-eabi/9.3.1/../../../../arm-none-eabi/lib/thumb/v7e-m+fp/softfp\libcr_c.a
LOAD c:/nxp/mcuxpressoide_11.3.0_5222/ide/plugins/com.nxp.mcuxpresso.tools.win32_11.3.0.202008311133/tools/bin/../lib/gcc/arm-none-eabi/9.3.1/thumb/v7e-m+fp/softfp\libcr_eabihelpers.a
LOAD c:/nxp/mcuxpressoide_11.3.0_5222/ide/plugins/com.nxp.mcuxpresso.tools.win32_11.3.0.202008311133/tools/bin/../lib/gcc/arm-none-eabi/9.3.1/thumb/v7e-m+fp/softfp\libgcc.a
END GROUP
                0x00000000                __base_MFlash512 = 0x0
                0x00000000                __base_Flash = 0x0
                0x00080000                __top_MFlash512 = 0x80000
                0x00080000                __top_Flash = 0x80000
                0x20000000                __base_RamPeriph32 = 0x20000000
                0x20000000                __base_RAM = 0x20000000
                0x20008000                __top_RamPeriph32 = 0x20008000
                0x20008000                __top_RAM = 0x20008000
                0x10000000                __base_RamLoc64 = 0x10000000
                0x10000000                __base_RAM2 = 0x10000000
                0x10010000                __top_RamLoc64 = 0x10010000
                0x10010000                __top_RAM2 = 0x10010000

.text           0x00000000     0x95cc
 FILL mask 0xff
                0x00000000                __vectors_start__ = ABSOLUTE (.)
 *(.isr_vector)
 .isr_vector    0x00000000       0xe4 ./example/src/cr_startup_lpc40xx.o
                0x00000000                g_pfnVectors
                0x000000e4                . = ALIGN (0x4)
                0x000000e4                __section_table_start = .
                0x000000e4                __data_section_table = .
                0x000000e4        0x4 LONG 0x95cc LOADADDR (.data)
                0x000000e8        0x4 LONG 0x20000000 ADDR (.data)
                0x000000ec        0x4 LONG 0x34 SIZEOF (.data)
                0x000000f0        0x4 LONG 0x95cc LOADADDR (.data_RAM2)
                0x000000f4        0x4 LONG 0x10000000 ADDR (.data_RAM2)
                0x000000f8        0x4 LONG 0x0 SIZEOF (.data_RAM2)
                0x000000fc                __data_section_table_end = .
                0x000000fc                __bss_section_table = .
                0x000000fc        0x4 LONG 0x20000038 ADDR (.bss)
                0x00000100        0x4 LONG 0xb84 SIZEOF (.bss)
                0x00000104        0x4 LONG 0x10000000 ADDR (.bss_RAM2)
                0x00000108        0x4 LONG 0x0 SIZEOF (.bss_RAM2)
                0x0000010c                __bss_section_table_end = .
                0x0000010c                __section_table_end = .
 *(.after_vectors*)
 .after_vectors
                0x0000010c      0x154 ./example/src/cr_startup_lpc40xx.o
                0x0000010c                data_init
                0x00000150                bss_init
                0x00000188                ResetISR
                0x00000220                NMI_Handler
                0x00000226                HardFault_Handler
                0x0000022c                MemManage_Handler
                0x00000232                BusFault_Handler
                0x00000238                UsageFault_Handler
                0x00000244                DebugMon_Handler
                0x00000256                USBActivity_IRQHandler
                0x00000256                I2C1_IRQHandler
                0x00000256                EINT2_IRQHandler
                0x00000256                UART1_IRQHandler
                0x00000256                SDIO_IRQHandler
                0x00000256                CANActivity_IRQHandler
                0x00000256                TIMER3_IRQHandler
                0x00000256                UART0_IRQHandler
                0x00000256                I2C0_IRQHandler
                0x00000256                EINT3_IRQHandler
                0x00000256                IntDefaultHandler
                0x00000256                PLL0_IRQHandler
                0x00000256                CAN_IRQHandler
                0x00000256                PLL1_IRQHandler
                0x00000256                RIT_IRQHandler
                0x00000256                I2S_IRQHandler
                0x00000256                I2C2_IRQHandler
                0x00000256                RTC_IRQHandler
                0x00000256                TIMER0_IRQHandler
                0x00000256                SPI_IRQHandler
                0x00000256                LCD_IRQHandler
                0x00000256                PWM1_IRQHandler
                0x00000256                EINT1_IRQHandler
                0x00000256                TIMER1_IRQHandler
                0x00000256                UART2_IRQHandler
                0x00000256                ADC_IRQHandler
                0x00000256                SSP1_IRQHandler
                0x00000256                USB_IRQHandler
                0x00000256                BOD_IRQHandler
                0x00000256                TIMER2_IRQHandler
                0x00000256                WDT_IRQHandler
                0x00000256                QEI_IRQHandler
                0x00000256                EINT0_IRQHandler
                0x00000256                PWM0_IRQHandler
                0x00000256                SSP2_IRQHandler
                0x00000256                EEPROM_IRQHandler
                0x00000256                SSP0_IRQHandler
                0x00000256                DMA_IRQHandler
                0x00000256                GPIO_IRQHandler
                0x00000256                UART3_IRQHandler
                0x00000256                MCPWM_IRQHandler
 *(.text*)
 .text.etharp_free_entry
                0x00000260       0x64 ./lwip/src/netif/etharp.o
 .text.etharp_cleanup_netif
                0x000002c4       0x60 ./lwip/src/netif/etharp.o
                0x000002c4                etharp_cleanup_netif
 .text.etharp_raw
                0x00000324      0x11a ./lwip/src/netif/etharp.o
 *fill*         0x0000043e        0x2 ff
 .text.etharp_request
                0x00000440       0x44 ./lwip/src/netif/etharp.o
                0x00000440                etharp_request
 .text.lwip_standard_chksum
                0x00000484       0x9a ./lwip/src/core/ipv4/inet_chksum.o
 .text.inet_chksum_pseudo
                0x0000051e      0x10c ./lwip/src/core/ipv4/inet_chksum.o
                0x0000051e                inet_chksum_pseudo
 .text.inet_chksum_pseudo_partial
                0x0000062a      0x138 ./lwip/src/core/ipv4/inet_chksum.o
                0x0000062a                inet_chksum_pseudo_partial
 .text.inet_chksum
                0x00000762       0x24 ./lwip/src/core/ipv4/inet_chksum.o
                0x00000762                inet_chksum
 *fill*         0x00000786        0x2 ff
 .text.ip_output_if
                0x00000788      0x1c0 ./lwip/src/core/ipv4/ip.o
                0x00000788                ip_output_if
 .text.ip4_addr_isbroadcast
                0x00000948       0x78 ./lwip/src/core/ipv4/ip_addr.o
                0x00000948                ip4_addr_isbroadcast
 .text.ipaddr_ntoa_r
                0x000009c0      0x104 ./lwip/src/core/ipv4/ip_addr.o
                0x000009c0                ipaddr_ntoa_r
 .text.ip_frag_alloc_pbuf_custom_ref
                0x00000ac4       0x18 ./lwip/src/core/ipv4/ip_frag.o
 .text.ip_frag_free_pbuf_custom_ref
                0x00000adc       0x20 ./lwip/src/core/ipv4/ip_frag.o
 .text.ipfrag_free_pbuf_custom
                0x00000afc       0x42 ./lwip/src/core/ipv4/ip_frag.o
 *fill*         0x00000b3e        0x2 ff
 .text.ip_frag  0x00000b40      0x20c ./lwip/src/core/ipv4/ip_frag.o
                0x00000b40                ip_frag
 .text.lwip_htons
                0x00000d4c       0x2a ./lwip/src/core/def.o
                0x00000d4c                lwip_htons
 .text.lwip_ntohs
                0x00000d76       0x1c ./lwip/src/core/def.o
                0x00000d76                lwip_ntohs
 .text.lwip_htonl
                0x00000d92       0x32 ./lwip/src/core/def.o
                0x00000d92                lwip_htonl
 .text.lwip_ntohl
                0x00000dc4       0x18 ./lwip/src/core/def.o
                0x00000dc4                lwip_ntohl
 .text.dhcp_network_changed
                0x00000ddc       0x80 ./lwip/src/core/dhcp.o
                0x00000ddc                dhcp_network_changed
 .text.dhcp_discover
                0x00000e5c      0x100 ./lwip/src/core/dhcp.o
 .text.dhcp_reboot
                0x00000f5c       0xf0 ./lwip/src/core/dhcp.o
 .text.dhcp_set_state
                0x0000104c       0x34 ./lwip/src/core/dhcp.o
 .text.dhcp_option
                0x00001080       0x5c ./lwip/src/core/dhcp.o
 .text.dhcp_option_byte
                0x000010dc       0x38 ./lwip/src/core/dhcp.o
 .text.dhcp_option_short
                0x00001114       0x5e ./lwip/src/core/dhcp.o
 .text.dhcp_option_long
                0x00001172       0x96 ./lwip/src/core/dhcp.o
 .text.dhcp_create_msg
                0x00001208      0x258 ./lwip/src/core/dhcp.o
 .text.dhcp_delete_msg
                0x00001460       0x50 ./lwip/src/core/dhcp.o
 .text.dhcp_option_trailer
                0x000014b0       0x80 ./lwip/src/core/dhcp.o
 .text.netif_set_down
                0x00001530       0x44 ./lwip/src/core/netif.o
                0x00001530                netif_set_down
 .text.netif_set_link_up
                0x00001574       0x66 ./lwip/src/core/netif.o
                0x00001574                netif_set_link_up
 .text.netif_set_link_down
                0x000015da       0x34 ./lwip/src/core/netif.o
                0x000015da                netif_set_link_down
 *fill*         0x0000160e        0x2 ff
 .text.pbuf_free_ooseq
                0x00001610       0x54 ./lwip/src/core/pbuf.o
 .text.pbuf_free_ooseq_callback
                0x00001664       0x14 ./lwip/src/core/pbuf.o
 .text.pbuf_pool_is_empty
                0x00001678       0x58 ./lwip/src/core/pbuf.o
 .text.pbuf_alloc
                0x000016d0      0x294 ./lwip/src/core/pbuf.o
                0x000016d0                pbuf_alloc
 .text.pbuf_alloced_custom
                0x00001964       0xb4 ./lwip/src/core/pbuf.o
                0x00001964                pbuf_alloced_custom
 .text.pbuf_realloc
                0x00001a18       0xe6 ./lwip/src/core/pbuf.o
                0x00001a18                pbuf_realloc
 .text.pbuf_header
                0x00001afe       0xec ./lwip/src/core/pbuf.o
                0x00001afe                pbuf_header
 .text.pbuf_free
                0x00001bea       0xf0 ./lwip/src/core/pbuf.o
                0x00001bea                pbuf_free
 .text.pbuf_ref
                0x00001cda       0x2e ./lwip/src/core/pbuf.o
                0x00001cda                pbuf_ref
 .text.pbuf_cat
                0x00001d08       0x78 ./lwip/src/core/pbuf.o
                0x00001d08                pbuf_cat
 .text.pbuf_chain
                0x00001d80       0x20 ./lwip/src/core/pbuf.o
                0x00001d80                pbuf_chain
 .text.tcp_segs_free
                0x00001da0       0x28 ./lwip/src/core/tcp.o
                0x00001da0                tcp_segs_free
 .text.tcp_seg_free
                0x00001dc8       0x2e ./lwip/src/core/tcp.o
                0x00001dc8                tcp_seg_free
 *fill*         0x00001df6        0x2 ff
 .text.udp_new_port
                0x00001df8       0x70 ./lwip/src/core/udp.o
 .text.udp_sendto_if
                0x00001e68       0x32 ./lwip/src/core/udp.o
                0x00001e68                udp_sendto_if
 .text.udp_sendto_if_chksum
                0x00001e9a      0x1d6 ./lwip/src/core/udp.o
                0x00001e9a                udp_sendto_if_chksum
 .text.udp_bind
                0x00002070       0xcc ./lwip/src/core/udp.o
                0x00002070                udp_bind
 .text.Chip_ENET_GetIntStatus
                0x0000213c       0x1a ./lwip/src/arch/lpc17xx_40xx_emac.o
 .text.Chip_ENET_ClearIntStatus
                0x00002156       0x1e ./lwip/src/arch/lpc17xx_40xx_emac.o
 .text.ETH_IRQHandler
                0x00002174       0x7c ./lwip/src/arch/lpc17xx_40xx_emac.o
                0x00002174                ETH_IRQHandler
 .text.assert_loop
                0x000021f0        0x6 ./lwip/src/arch/lpc_debug.o
                0x000021f0                assert_loop
 .text.sys_mbox_post
                0x000021f6       0x2c ./lwip/src/arch/sys_arch_freertos.o
                0x000021f6                sys_mbox_post
 .text.sys_mbox_trypost
                0x00002222       0x34 ./lwip/src/arch/sys_arch_freertos.o
                0x00002222                sys_mbox_trypost
 .text.sys_arch_protect
                0x00002256        0xe ./lwip/src/arch/sys_arch_freertos.o
                0x00002256                sys_arch_protect
 .text.sys_arch_unprotect
                0x00002264       0x14 ./lwip/src/arch/sys_arch_freertos.o
                0x00002264                sys_arch_unprotect
 .text.tcpip_callback_with_block
                0x00002278       0x84 ./lwip/src/api/tcpip.o
                0x00002278                tcpip_callback_with_block
 .text.vApplicationMallocFailedHook
                0x000022fc       0x14 ./freertos/src/FreeRTOSCommonHooks.o
                0x000022fc                vApplicationMallocFailedHook
 .text.vApplicationIdleHook
                0x00002310       0x12 ./freertos/src/FreeRTOSCommonHooks.o
                0x00002310                vApplicationIdleHook
 *fill*         0x00002322        0x2 ff
 .text.vApplicationStackOverflowHook
                0x00002324       0x1c ./freertos/src/FreeRTOSCommonHooks.o
                0x00002324                vApplicationStackOverflowHook
 .text.pvPortMalloc
                0x00002340       0x2c ./freertos/src/heap_3.o
                0x00002340                pvPortMalloc
 .text.vPortFree
                0x0000236c       0x24 ./freertos/src/heap_3.o
                0x0000236c                vPortFree
 .text.vListInitialise
                0x00002390       0x40 ./freertos/src/list.o
                0x00002390                vListInitialise
 .text.vListInitialiseItem
                0x000023d0       0x1a ./freertos/src/list.o
                0x000023d0                vListInitialiseItem
 .text.vListInsertEnd
                0x000023ea       0x48 ./freertos/src/list.o
                0x000023ea                vListInsertEnd
 .text.vListInsert
                0x00002432       0x72 ./freertos/src/list.o
                0x00002432                vListInsert
 .text.uxListRemove
                0x000024a4       0x54 ./freertos/src/list.o
                0x000024a4                uxListRemove
 .text.pxPortInitialiseStack
                0x000024f8       0x64 ./freertos/src/port.o
                0x000024f8                pxPortInitialiseStack
 .text.prvTaskExitError
                0x0000255c        0xa ./freertos/src/port.o
 *fill*         0x00002566        0x2 ff
 .text.SVC_Handler
                0x00002568       0x20 ./freertos/src/port.o
                0x00002568                SVC_Handler
 .text.prvPortStartFirstTask
                0x00002588       0x18 ./freertos/src/port.o
 .text.xPortStartScheduler
                0x000025a0       0x4c ./freertos/src/port.o
                0x000025a0                xPortStartScheduler
 .text.vPortYield
                0x000025ec       0x24 ./freertos/src/port.o
                0x000025ec                vPortYield
 .text.vPortEnterCritical
                0x00002610       0x24 ./freertos/src/port.o
                0x00002610                vPortEnterCritical
 .text.vPortExitCritical
                0x00002634       0x24 ./freertos/src/port.o
                0x00002634                vPortExitCritical
 .text.ulPortSetInterruptMask
                0x00002658       0x12 ./freertos/src/port.o
                0x00002658                ulPortSetInterruptMask
 .text.vPortClearInterruptMask
                0x0000266a        0x8 ./freertos/src/port.o
                0x0000266a                vPortClearInterruptMask
 *fill*         0x00002672        0x2 ff
 .text.PendSV_Handler
                0x00002674       0x54 ./freertos/src/port.o
                0x00002674                PendSV_Handler
 .text.SysTick_Handler
                0x000026c8       0x28 ./freertos/src/port.o
                0x000026c8                SysTick_Handler
 .text.vPortSetupTimerInterrupt
                0x000026f0       0x38 ./freertos/src/port.o
                0x000026f0                vPortSetupTimerInterrupt
 .text.vPortEnableVFP
                0x00002728       0x14 ./freertos/src/port.o
 .text.xQueueGenericSend
                0x0000273c      0x110 ./freertos/src/queue.o
                0x0000273c                xQueueGenericSend
 .text.xQueueGenericSendFromISR
                0x0000284c       0x88 ./freertos/src/queue.o
                0x0000284c                xQueueGenericSendFromISR
 .text.prvCopyDataToQueue
                0x000028d4       0xce ./freertos/src/queue.o
 .text.prvUnlockQueue
                0x000029a2       0x98 ./freertos/src/queue.o
 .text.prvIsQueueFull
                0x00002a3a       0x30 ./freertos/src/queue.o
 *fill*         0x00002a6a        0x2 ff
 .text.xTaskGenericCreate
                0x00002a6c      0x140 ./freertos/src/tasks.o
                0x00002a6c                xTaskGenericCreate
 .text.vTaskStartScheduler
                0x00002bac       0x58 ./freertos/src/tasks.o
                0x00002bac                vTaskStartScheduler
 .text.vTaskSuspendAll
                0x00002c04       0x1c ./freertos/src/tasks.o
                0x00002c04                vTaskSuspendAll
 .text.xTaskResumeAll
                0x00002c20       0xfc ./freertos/src/tasks.o
                0x00002c20                xTaskResumeAll
 .text.xTaskGetTickCount
                0x00002d1c       0x24 ./freertos/src/tasks.o
                0x00002d1c                xTaskGetTickCount
 .text.xTaskIncrementTick
                0x00002d40      0x18c ./freertos/src/tasks.o
                0x00002d40                xTaskIncrementTick
 .text.vTaskSwitchContext
                0x00002ecc       0xb8 ./freertos/src/tasks.o
                0x00002ecc                vTaskSwitchContext
 .text.vTaskPlaceOnEventList
                0x00002f84       0x60 ./freertos/src/tasks.o
                0x00002f84                vTaskPlaceOnEventList
 .text.xTaskRemoveFromEventList
                0x00002fe4       0xac ./freertos/src/tasks.o
                0x00002fe4                xTaskRemoveFromEventList
 .text.vTaskSetTimeOutState
                0x00003090       0x2c ./freertos/src/tasks.o
                0x00003090                vTaskSetTimeOutState
 .text.xTaskCheckForTimeOut
                0x000030bc       0x88 ./freertos/src/tasks.o
                0x000030bc                xTaskCheckForTimeOut
 .text.vTaskMissedYield
                0x00003144       0x18 ./freertos/src/tasks.o
                0x00003144                vTaskMissedYield
 .text.prvIdleTask
                0x0000315c       0x24 ./freertos/src/tasks.o
 .text.prvInitialiseTCBVariables
                0x00003180       0x98 ./freertos/src/tasks.o
 .text.prvInitialiseTaskLists
                0x00003218       0x80 ./freertos/src/tasks.o
 .text.prvCheckTasksWaitingTermination
                0x00003298       0x78 ./freertos/src/tasks.o
 .text.prvAddCurrentTaskToDelayedList
                0x00003310       0x6c ./freertos/src/tasks.o
 .text.prvAllocateTCBAndStack
                0x0000337c       0x62 ./freertos/src/tasks.o
 .text.prvDeleteTCB
                0x000033de       0x20 ./freertos/src/tasks.o
 *fill*         0x000033fe        0x2 ff
 .text.vTaskPriorityDisinherit
                0x00003400       0x7c ./freertos/src/tasks.o
                0x00003400                vTaskPriorityDisinherit
 *fill*         0x0000347c        0x4 ff
 .text.DriveAxisParameters
                0x00003480      0x1ec ./example/src/Axis_Configuration.o
                0x00003480                DriveAxisParameters
 .text.Chip_ENET_Set100Mbps
                0x0000366c       0x1c ./example/src/Network_Link.o
 .text.Chip_ENET_Set10Mbps
                0x00003688       0x1a ./example/src/Network_Link.o
 *fill*         0x000036a2        0x2 ff
 .text.netcheck
                0x000036a4      0x130 ./example/src/Network_Link.o
                0x000036a4                netcheck
 .text.Set_Loop_Tick_Time
                0x000037d4       0x24 ./example/src/Profiler.o
                0x000037d4                Set_Loop_Tick_Time
 .text.Integrator
                0x000037f8       0x7c ./example/src/Profiler.o
                0x000037f8                Integrator
 .text.End_me   0x00003874       0x54 ./example/src/Profiler.o
                0x00003874                End_me
 .text.Profile_SRamp
                0x000038c8      0x284 ./example/src/Profiler.o
                0x000038c8                Profile_SRamp
 .text.M4_Joystick
                0x00003b4c      0x210 ./example/src/Profiler.o
                0x00003b4c                M4_Joystick
 .text.M4_Fade  0x00003d5c      0x96c ./example/src/Profiler.o
                0x00003d5c                M4_Fade
 .text.M4_Soak  0x000046c8       0xf0 ./example/src/Profiler.o
                0x000046c8                M4_Soak
 .text.M7_Pos_Follow
                0x000047b8       0x74 ./example/src/Profiler.o
                0x000047b8                M7_Pos_Follow
 .text.AxisProfiler
                0x0000482c       0xc8 ./example/src/Profiler.o
                0x0000482c                AxisProfiler
 .text.Pos_Demand_Generator
                0x000048f4      0x18c ./example/src/Profiler.o
                0x000048f4                Pos_Demand_Generator
 .text.prvSetupHardware
                0x00004a80       0x60 ./example/src/RTOS_Tests.o
 .text.application
                0x00004ae0       0xbc ./example/src/RTOS_Tests.o
                0x00004ae0                application
 .text.Admin_setup
                0x00004b9c       0x5c ./example/src/RTOS_Tests.o
                0x00004b9c                Admin_setup
 .text.main     0x00004bf8       0x7c ./example/src/RTOS_Tests.o
                0x00004bf8                main
 .text.NVIC_EnableIRQ
                0x00004c74       0x34 ./example/src/UART_Manager.o
 .text.NVIC_SetPriority
                0x00004ca8       0x54 ./example/src/UART_Manager.o
 .text.Chip_UART_IntEnable
                0x00004cfc       0x22 ./example/src/UART_Manager.o
 .text.Chip_UART_SetupFIFOS
                0x00004d1e       0x1c ./example/src/UART_Manager.o
 .text.Chip_UART_ConfigData
                0x00004d3a       0x1c ./example/src/UART_Manager.o
 *fill*         0x00004d56        0x2 ff
 .text.UART4_IRQHandler
                0x00004d58       0x20 ./example/src/UART_Manager.o
                0x00004d58                UART4_IRQHandler
 .text.Setup_UART_SELECTION
                0x00004d78       0x84 ./example/src/UART_Manager.o
                0x00004d78                Setup_UART_SELECTION
 .text.__check_heap_overflow
                0x00004dfc       0x30 ./example/src/cr_redlib_heap_fix.o
                0x00004dfc                __check_heap_overflow
 .text.SystemInit
                0x00004e2c       0x28 ./example/src/sysinit.o
                0x00004e2c                SystemInit
 .text.Chip_IOCON_Init
                0x00004e54       0x16 C:\Embedded_Programs\Network_Controller\lpc_board_ea_devkit_4088\Debug\liblpc_board_ea_devkit_4088.a(board.o)
 .text.Chip_IOCON_PinMuxSet
                0x00004e6a       0x2e C:\Embedded_Programs\Network_Controller\lpc_board_ea_devkit_4088\Debug\liblpc_board_ea_devkit_4088.a(board.o)
 .text.Chip_GPIO_Init
                0x00004e98       0x16 C:\Embedded_Programs\Network_Controller\lpc_board_ea_devkit_4088\Debug\liblpc_board_ea_devkit_4088.a(board.o)
 .text.Chip_GPIO_SetPinState
                0x00004eae       0x66 C:\Embedded_Programs\Network_Controller\lpc_board_ea_devkit_4088\Debug\liblpc_board_ea_devkit_4088.a(board.o)
 .text.Chip_GPIO_WritePortBit
                0x00004f14       0x2c C:\Embedded_Programs\Network_Controller\lpc_board_ea_devkit_4088\Debug\liblpc_board_ea_devkit_4088.a(board.o)
 .text.Chip_GPIO_GetPinState
                0x00004f40       0x3a C:\Embedded_Programs\Network_Controller\lpc_board_ea_devkit_4088\Debug\liblpc_board_ea_devkit_4088.a(board.o)
 .text.Chip_GPIO_SetPinDIROutput
                0x00004f7a       0x38 C:\Embedded_Programs\Network_Controller\lpc_board_ea_devkit_4088\Debug\liblpc_board_ea_devkit_4088.a(board.o)
 .text.Chip_GPIO_SetPinDIRInput
                0x00004fb2       0x3c C:\Embedded_Programs\Network_Controller\lpc_board_ea_devkit_4088\Debug\liblpc_board_ea_devkit_4088.a(board.o)
 .text.Chip_GPIO_SetPinDIR
                0x00004fee       0x42 C:\Embedded_Programs\Network_Controller\lpc_board_ea_devkit_4088\Debug\liblpc_board_ea_devkit_4088.a(board.o)
 .text.Chip_GPIO_WriteDirBit
                0x00005030       0x2e C:\Embedded_Programs\Network_Controller\lpc_board_ea_devkit_4088\Debug\liblpc_board_ea_devkit_4088.a(board.o)
 .text.Chip_UART_SendByte
                0x0000505e       0x1e C:\Embedded_Programs\Network_Controller\lpc_board_ea_devkit_4088\Debug\liblpc_board_ea_devkit_4088.a(board.o)
 .text.Chip_UART_ConfigData
                0x0000507c       0x1c C:\Embedded_Programs\Network_Controller\lpc_board_ea_devkit_4088\Debug\liblpc_board_ea_devkit_4088.a(board.o)
 .text.Chip_UART_ReadLineStatus
                0x00005098       0x18 C:\Embedded_Programs\Network_Controller\lpc_board_ea_devkit_4088\Debug\liblpc_board_ea_devkit_4088.a(board.o)
 .text.__sys_write
                0x000050b0       0x38 C:\Embedded_Programs\Network_Controller\lpc_board_ea_devkit_4088\Debug\liblpc_board_ea_devkit_4088.a(board.o)
                0x000050b0                __sys_write
 .text.Board_LED_Init
                0x000050e8       0x6c C:\Embedded_Programs\Network_Controller\lpc_board_ea_devkit_4088\Debug\liblpc_board_ea_devkit_4088.a(board.o)
 .text.Board_GPIO_Init
                0x00005154       0xa8 C:\Embedded_Programs\Network_Controller\lpc_board_ea_devkit_4088\Debug\liblpc_board_ea_devkit_4088.a(board.o)
 .text.Board_UART_Init
                0x000051fc       0x60 C:\Embedded_Programs\Network_Controller\lpc_board_ea_devkit_4088\Debug\liblpc_board_ea_devkit_4088.a(board.o)
                0x000051fc                Board_UART_Init
 .text.Board_Debug_Init
                0x0000525c       0x30 C:\Embedded_Programs\Network_Controller\lpc_board_ea_devkit_4088\Debug\liblpc_board_ea_devkit_4088.a(board.o)
                0x0000525c                Board_Debug_Init
 .text.Board_UARTPutChar
                0x0000528c       0x34 C:\Embedded_Programs\Network_Controller\lpc_board_ea_devkit_4088\Debug\liblpc_board_ea_devkit_4088.a(board.o)
                0x0000528c                Board_UARTPutChar
 .text.Board_UARTPutSTR
                0x000052c0       0x28 C:\Embedded_Programs\Network_Controller\lpc_board_ea_devkit_4088\Debug\liblpc_board_ea_devkit_4088.a(board.o)
                0x000052c0                Board_UARTPutSTR
 .text.Board_LED_Set
                0x000052e8       0x90 C:\Embedded_Programs\Network_Controller\lpc_board_ea_devkit_4088\Debug\liblpc_board_ea_devkit_4088.a(board.o)
                0x000052e8                Board_LED_Set
 .text.GPIO_Set
                0x00005378       0xdc C:\Embedded_Programs\Network_Controller\lpc_board_ea_devkit_4088\Debug\liblpc_board_ea_devkit_4088.a(board.o)
                0x00005378                GPIO_Set
 .text.GPIO_Get
                0x00005454       0x58 C:\Embedded_Programs\Network_Controller\lpc_board_ea_devkit_4088\Debug\liblpc_board_ea_devkit_4088.a(board.o)
                0x00005454                GPIO_Get
 .text.Board_Init
                0x000054ac       0x28 C:\Embedded_Programs\Network_Controller\lpc_board_ea_devkit_4088\Debug\liblpc_board_ea_devkit_4088.a(board.o)
                0x000054ac                Board_Init
 .text.Chip_SYSCTL_EnableBoost
                0x000054d4       0x1c C:\Embedded_Programs\Network_Controller\lpc_board_ea_devkit_4088\Debug\liblpc_board_ea_devkit_4088.a(board_sysinit.o)
 .text.Chip_Clock_SetEMCClockDiv
                0x000054f0       0x24 C:\Embedded_Programs\Network_Controller\lpc_board_ea_devkit_4088\Debug\liblpc_board_ea_devkit_4088.a(board_sysinit.o)
 .text.Chip_IOCON_PinMuxSet
                0x00005514       0x2e C:\Embedded_Programs\Network_Controller\lpc_board_ea_devkit_4088\Debug\liblpc_board_ea_devkit_4088.a(board_sysinit.o)
 *fill*         0x00005542        0x2 ff
 .text.Board_SetupMuxing
                0x00005544       0x74 C:\Embedded_Programs\Network_Controller\lpc_board_ea_devkit_4088\Debug\liblpc_board_ea_devkit_4088.a(board_sysinit.o)
                0x00005544                Board_SetupMuxing
 .text.Board_SetupClocking
                0x000055b8       0x1c C:\Embedded_Programs\Network_Controller\lpc_board_ea_devkit_4088\Debug\liblpc_board_ea_devkit_4088.a(board_sysinit.o)
                0x000055b8                Board_SetupClocking
 .text.Board_SetupExtMemory
                0x000055d4       0x5c C:\Embedded_Programs\Network_Controller\lpc_board_ea_devkit_4088\Debug\liblpc_board_ea_devkit_4088.a(board_sysinit.o)
                0x000055d4                Board_SetupExtMemory
 .text.Board_SystemInit
                0x00005630       0x14 C:\Embedded_Programs\Network_Controller\lpc_board_ea_devkit_4088\Debug\liblpc_board_ea_devkit_4088.a(board_sysinit.o)
                0x00005630                Board_SystemInit
 .text.Chip_ENET_IsMIIBusy
                0x00005644       0x26 C:\Embedded_Programs\Network_Controller\lpc_board_ea_devkit_4088\Debug\liblpc_board_ea_devkit_4088.a(lpc_phy_smsc87x0.o)
 *fill*         0x0000566a        0x2 ff
 .text.smsc_update_phy_sts
                0x0000566c       0xe8 C:\Embedded_Programs\Network_Controller\lpc_board_ea_devkit_4088\Debug\liblpc_board_ea_devkit_4088.a(lpc_phy_smsc87x0.o)
 .text.lpcPHYStsPoll
                0x00005754       0xc0 C:\Embedded_Programs\Network_Controller\lpc_board_ea_devkit_4088\Debug\liblpc_board_ea_devkit_4088.a(lpc_phy_smsc87x0.o)
                0x00005754                lpcPHYStsPoll
 .text.SystemCoreClockUpdate
                0x00005814       0x18 C:\Embedded_Programs\Network_Controller\lpc_chip_40xx\Debug\liblpc_chip_40xx.a(chip_17xx_40xx.o)
                0x00005814                SystemCoreClockUpdate
 .text.Chip_Clock_IsMainPLLEnabled
                0x0000582c       0x28 C:\Embedded_Programs\Network_Controller\lpc_chip_40xx\Debug\liblpc_chip_40xx.a(clock_17xx_40xx.o)
 .text.Chip_Clock_FeedPLL
                0x00005854       0x38 C:\Embedded_Programs\Network_Controller\lpc_chip_40xx\Debug\liblpc_chip_40xx.a(clock_17xx_40xx.o)
 .text.Chip_Clock_GetMainPLLSource
                0x0000588c       0x20 C:\Embedded_Programs\Network_Controller\lpc_chip_40xx\Debug\liblpc_chip_40xx.a(clock_17xx_40xx.o)
 .text.Chip_Clock_GetPCLKDiv
                0x000058ac       0x1c C:\Embedded_Programs\Network_Controller\lpc_chip_40xx\Debug\liblpc_chip_40xx.a(clock_17xx_40xx.o)
 .text.Chip_Clock_GetMainOscRate
                0x000058c8       0x18 C:\Embedded_Programs\Network_Controller\lpc_chip_40xx\Debug\liblpc_chip_40xx.a(clock_17xx_40xx.o)
 .text.Chip_Clock_GetIntOscRate
                0x000058e0       0x14 C:\Embedded_Programs\Network_Controller\lpc_chip_40xx\Debug\liblpc_chip_40xx.a(clock_17xx_40xx.o)
 .text.Chip_Clock_GetMainPLLInClockRate
                0x000058f4        0xe C:\Embedded_Programs\Network_Controller\lpc_chip_40xx\Debug\liblpc_chip_40xx.a(clock_17xx_40xx.o)
 *fill*         0x00005902        0x2 ff
 .text.Chip_Clock_EnablePLL
                0x00005904       0x44 C:\Embedded_Programs\Network_Controller\lpc_chip_40xx\Debug\liblpc_chip_40xx.a(clock_17xx_40xx.o)
                0x00005904                Chip_Clock_EnablePLL
 .text.Chip_Clock_DisablePLL
                0x00005948       0x48 C:\Embedded_Programs\Network_Controller\lpc_chip_40xx\Debug\liblpc_chip_40xx.a(clock_17xx_40xx.o)
                0x00005948                Chip_Clock_DisablePLL
 .text.Chip_Clock_SetupPLL
                0x00005990       0x4c C:\Embedded_Programs\Network_Controller\lpc_chip_40xx\Debug\liblpc_chip_40xx.a(clock_17xx_40xx.o)
                0x00005990                Chip_Clock_SetupPLL
 .text.Chip_Clock_EnablePeriphClock
                0x000059dc       0x58 C:\Embedded_Programs\Network_Controller\lpc_chip_40xx\Debug\liblpc_chip_40xx.a(clock_17xx_40xx.o)
                0x000059dc                Chip_Clock_EnablePeriphClock
 .text.Chip_Clock_SetCPUClockSource
                0x00005a34       0x44 C:\Embedded_Programs\Network_Controller\lpc_chip_40xx\Debug\liblpc_chip_40xx.a(clock_17xx_40xx.o)
                0x00005a34                Chip_Clock_SetCPUClockSource
 .text.Chip_Clock_GetCPUClockSource
                0x00005a78       0x30 C:\Embedded_Programs\Network_Controller\lpc_chip_40xx\Debug\liblpc_chip_40xx.a(clock_17xx_40xx.o)
                0x00005a78                Chip_Clock_GetCPUClockSource
 .text.Chip_Clock_SetCPUClockDiv
                0x00005aa8       0x30 C:\Embedded_Programs\Network_Controller\lpc_chip_40xx\Debug\liblpc_chip_40xx.a(clock_17xx_40xx.o)
                0x00005aa8                Chip_Clock_SetCPUClockDiv
 .text.Chip_Clock_GetCPUClockDiv
                0x00005ad8       0x1c C:\Embedded_Programs\Network_Controller\lpc_chip_40xx\Debug\liblpc_chip_40xx.a(clock_17xx_40xx.o)
                0x00005ad8                Chip_Clock_GetCPUClockDiv
 .text.Chip_Clock_GetSYSCLKRate
                0x00005af4       0x2a C:\Embedded_Programs\Network_Controller\lpc_chip_40xx\Debug\liblpc_chip_40xx.a(clock_17xx_40xx.o)
                0x00005af4                Chip_Clock_GetSYSCLKRate
 *fill*         0x00005b1e        0x2 ff
 .text.Chip_Clock_GetMainPLLOutClockRate
                0x00005b20       0x40 C:\Embedded_Programs\Network_Controller\lpc_chip_40xx\Debug\liblpc_chip_40xx.a(clock_17xx_40xx.o)
                0x00005b20                Chip_Clock_GetMainPLLOutClockRate
 .text.Chip_Clock_GetMainClockRate
                0x00005b60       0x28 C:\Embedded_Programs\Network_Controller\lpc_chip_40xx\Debug\liblpc_chip_40xx.a(clock_17xx_40xx.o)
                0x00005b60                Chip_Clock_GetMainClockRate
 .text.Chip_Clock_GetSystemClockRate
                0x00005b88       0x18 C:\Embedded_Programs\Network_Controller\lpc_chip_40xx\Debug\liblpc_chip_40xx.a(clock_17xx_40xx.o)
                0x00005b88                Chip_Clock_GetSystemClockRate
 .text.Chip_Clock_SetSPIFIClockSource
                0x00005ba0       0x34 C:\Embedded_Programs\Network_Controller\lpc_chip_40xx\Debug\liblpc_chip_40xx.a(clock_17xx_40xx.o)
                0x00005ba0                Chip_Clock_SetSPIFIClockSource
 .text.Chip_Clock_SetSPIFIClockDiv
                0x00005bd4       0x30 C:\Embedded_Programs\Network_Controller\lpc_chip_40xx\Debug\liblpc_chip_40xx.a(clock_17xx_40xx.o)
                0x00005bd4                Chip_Clock_SetSPIFIClockDiv
 .text.Chip_Clock_GetPeripheralClockRate
                0x00005c04       0x2e C:\Embedded_Programs\Network_Controller\lpc_chip_40xx\Debug\liblpc_chip_40xx.a(clock_17xx_40xx.o)
                0x00005c04                Chip_Clock_GetPeripheralClockRate
 .text.Chip_DAC_Init
                0x00005c32       0x1e C:\Embedded_Programs\Network_Controller\lpc_chip_40xx\Debug\liblpc_chip_40xx.a(dac_17xx_40xx.o)
                0x00005c32                Chip_DAC_Init
 .text.Chip_DAC_SetBias
                0x00005c50       0x34 C:\Embedded_Programs\Network_Controller\lpc_chip_40xx\Debug\liblpc_chip_40xx.a(dac_17xx_40xx.o)
                0x00005c50                Chip_DAC_SetBias
 .text.Chip_Clock_GetEMCClockDiv
                0x00005c84       0x1c C:\Embedded_Programs\Network_Controller\lpc_chip_40xx\Debug\liblpc_chip_40xx.a(emc_17xx_40xx.o)
 .text.Chip_Clock_GetEMCClockRate
                0x00005ca0       0x18 C:\Embedded_Programs\Network_Controller\lpc_chip_40xx\Debug\liblpc_chip_40xx.a(emc_17xx_40xx.o)
 .text.convertTimmingParam
                0x00005cb8       0x6c C:\Embedded_Programs\Network_Controller\lpc_chip_40xx\Debug\liblpc_chip_40xx.a(emc_17xx_40xx.o)
 .text.getColsLen
                0x00005d24       0x4e C:\Embedded_Programs\Network_Controller\lpc_chip_40xx\Debug\liblpc_chip_40xx.a(emc_17xx_40xx.o)
 .text.initDynMem
                0x00005d72      0x292 C:\Embedded_Programs\Network_Controller\lpc_chip_40xx\Debug\liblpc_chip_40xx.a(emc_17xx_40xx.o)
                0x00005d72                initDynMem
 .text.initStaticMem
                0x00006004       0xb0 C:\Embedded_Programs\Network_Controller\lpc_chip_40xx\Debug\liblpc_chip_40xx.a(emc_17xx_40xx.o)
                0x00006004                initStaticMem
 .text.Chip_EMC_Dynamic_Init
                0x000060b4       0x24 C:\Embedded_Programs\Network_Controller\lpc_chip_40xx\Debug\liblpc_chip_40xx.a(emc_17xx_40xx.o)
                0x000060b4                Chip_EMC_Dynamic_Init
 .text.Chip_EMC_Static_Init
                0x000060d8       0x24 C:\Embedded_Programs\Network_Controller\lpc_chip_40xx\Debug\liblpc_chip_40xx.a(emc_17xx_40xx.o)
                0x000060d8                Chip_EMC_Static_Init
 .text.Chip_EMC_Init
                0x000060fc       0x50 C:\Embedded_Programs\Network_Controller\lpc_chip_40xx\Debug\liblpc_chip_40xx.a(emc_17xx_40xx.o)
                0x000060fc                Chip_EMC_Init
 .text.Chip_ENET_StartMIIRead
                0x0000614c       0x34 C:\Embedded_Programs\Network_Controller\lpc_chip_40xx\Debug\liblpc_chip_40xx.a(enet_17xx_40xx.o)
                0x0000614c                Chip_ENET_StartMIIRead
 .text.Chip_ENET_ReadMIIData
                0x00006180       0x20 C:\Embedded_Programs\Network_Controller\lpc_chip_40xx\Debug\liblpc_chip_40xx.a(enet_17xx_40xx.o)
                0x00006180                Chip_ENET_ReadMIIData
 .text.Chip_ENET_SetFullDuplex
                0x000061a0       0x36 C:\Embedded_Programs\Network_Controller\lpc_chip_40xx\Debug\liblpc_chip_40xx.a(enet_17xx_40xx.o)
                0x000061a0                Chip_ENET_SetFullDuplex
 .text.Chip_ENET_SetHalfDuplex
                0x000061d6       0x36 C:\Embedded_Programs\Network_Controller\lpc_chip_40xx\Debug\liblpc_chip_40xx.a(enet_17xx_40xx.o)
                0x000061d6                Chip_ENET_SetHalfDuplex
 .text.fpuInit  0x0000620c       0x74 C:\Embedded_Programs\Network_Controller\lpc_chip_40xx\Debug\liblpc_chip_40xx.a(fpu_init.o)
                0x0000620c                fpuInit
 .text.Chip_IOCON_PinMuxSet
                0x00006280       0x2e C:\Embedded_Programs\Network_Controller\lpc_chip_40xx\Debug\liblpc_chip_40xx.a(iocon_17xx_40xx.o)
 .text.Chip_IOCON_SetPinMuxing
                0x000062ae       0x62 C:\Embedded_Programs\Network_Controller\lpc_chip_40xx\Debug\liblpc_chip_40xx.a(iocon_17xx_40xx.o)
                0x000062ae                Chip_IOCON_SetPinMuxing
 .text.RingBuffer_GetCount
                0x00006310       0x22 C:\Embedded_Programs\Network_Controller\lpc_chip_40xx\Debug\liblpc_chip_40xx.a(ring_buffer.o)
 .text.RingBuffer_IsFull
                0x00006332       0x26 C:\Embedded_Programs\Network_Controller\lpc_chip_40xx\Debug\liblpc_chip_40xx.a(ring_buffer.o)
 .text.RingBuffer_IsEmpty
                0x00006358       0x2a C:\Embedded_Programs\Network_Controller\lpc_chip_40xx\Debug\liblpc_chip_40xx.a(ring_buffer.o)
 .text.RingBuffer_Init
                0x00006382       0x3c C:\Embedded_Programs\Network_Controller\lpc_chip_40xx\Debug\liblpc_chip_40xx.a(ring_buffer.o)
                0x00006382                RingBuffer_Init
 .text.RingBuffer_Insert
                0x000063be       0x5c C:\Embedded_Programs\Network_Controller\lpc_chip_40xx\Debug\liblpc_chip_40xx.a(ring_buffer.o)
                0x000063be                RingBuffer_Insert
 .text.RingBuffer_Pop
                0x0000641a       0x5c C:\Embedded_Programs\Network_Controller\lpc_chip_40xx\Debug\liblpc_chip_40xx.a(ring_buffer.o)
                0x0000641a                RingBuffer_Pop
 *fill*         0x00006476        0x2 ff
 .text.Chip_SYSCTL_PeriphReset
                0x00006478       0x68 C:\Embedded_Programs\Network_Controller\lpc_chip_40xx\Debug\liblpc_chip_40xx.a(sysctl_17xx_40xx.o)
                0x00006478                Chip_SYSCTL_PeriphReset
 .text.Chip_Clock_IsMainPLLEnabled
                0x000064e0       0x28 C:\Embedded_Programs\Network_Controller\lpc_chip_40xx\Debug\liblpc_chip_40xx.a(sysinit_17xx_40xx.o)
 .text.Chip_Clock_IsMainPLLLocked
                0x00006508       0x28 C:\Embedded_Programs\Network_Controller\lpc_chip_40xx\Debug\liblpc_chip_40xx.a(sysinit_17xx_40xx.o)
 .text.Chip_Clock_EnableCrystal
                0x00006530       0x24 C:\Embedded_Programs\Network_Controller\lpc_chip_40xx\Debug\liblpc_chip_40xx.a(sysinit_17xx_40xx.o)
 .text.Chip_Clock_IsCrystalEnabled
                0x00006554       0x28 C:\Embedded_Programs\Network_Controller\lpc_chip_40xx\Debug\liblpc_chip_40xx.a(sysinit_17xx_40xx.o)
 .text.Chip_Clock_SetMainPLLSource
                0x0000657c       0x24 C:\Embedded_Programs\Network_Controller\lpc_chip_40xx\Debug\liblpc_chip_40xx.a(sysinit_17xx_40xx.o)
 .text.Chip_Clock_SetPCLKDiv
                0x000065a0       0x20 C:\Embedded_Programs\Network_Controller\lpc_chip_40xx\Debug\liblpc_chip_40xx.a(sysinit_17xx_40xx.o)
 .text.Chip_SetupXtalClocking
                0x000065c0       0x82 C:\Embedded_Programs\Network_Controller\lpc_chip_40xx\Debug\liblpc_chip_40xx.a(sysinit_17xx_40xx.o)
                0x000065c0                Chip_SetupXtalClocking
 .text.RingBuffer_IsEmpty
                0x00006642       0x2a C:\Embedded_Programs\Network_Controller\lpc_chip_40xx\Debug\liblpc_chip_40xx.a(uart_17xx_40xx.o)
 .text.Chip_UART_SendByte
                0x0000666c       0x1e C:\Embedded_Programs\Network_Controller\lpc_chip_40xx\Debug\liblpc_chip_40xx.a(uart_17xx_40xx.o)
 .text.Chip_UART_ReadByte
                0x0000668a       0x1a C:\Embedded_Programs\Network_Controller\lpc_chip_40xx\Debug\liblpc_chip_40xx.a(uart_17xx_40xx.o)
 .text.Chip_UART_IntDisable
                0x000066a4       0x24 C:\Embedded_Programs\Network_Controller\lpc_chip_40xx\Debug\liblpc_chip_40xx.a(uart_17xx_40xx.o)
 .text.Chip_UART_ReadIntIDReg
                0x000066c8       0x18 C:\Embedded_Programs\Network_Controller\lpc_chip_40xx\Debug\liblpc_chip_40xx.a(uart_17xx_40xx.o)
 .text.Chip_UART_SetupFIFOS
                0x000066e0       0x1c C:\Embedded_Programs\Network_Controller\lpc_chip_40xx\Debug\liblpc_chip_40xx.a(uart_17xx_40xx.o)
 .text.Chip_UART_ConfigData
                0x000066fc       0x1c C:\Embedded_Programs\Network_Controller\lpc_chip_40xx\Debug\liblpc_chip_40xx.a(uart_17xx_40xx.o)
 .text.Chip_UART_EnableDivisorAccess
                0x00006718       0x20 C:\Embedded_Programs\Network_Controller\lpc_chip_40xx\Debug\liblpc_chip_40xx.a(uart_17xx_40xx.o)
 .text.Chip_UART_DisableDivisorAccess
                0x00006738       0x20 C:\Embedded_Programs\Network_Controller\lpc_chip_40xx\Debug\liblpc_chip_40xx.a(uart_17xx_40xx.o)
 .text.Chip_UART_SetDivisorLatches
                0x00006758       0x28 C:\Embedded_Programs\Network_Controller\lpc_chip_40xx\Debug\liblpc_chip_40xx.a(uart_17xx_40xx.o)
 .text.Chip_UART_ReadLineStatus
                0x00006780       0x18 C:\Embedded_Programs\Network_Controller\lpc_chip_40xx\Debug\liblpc_chip_40xx.a(uart_17xx_40xx.o)
 .text.Chip_UART_SetAutoBaudReg
                0x00006798       0x22 C:\Embedded_Programs\Network_Controller\lpc_chip_40xx\Debug\liblpc_chip_40xx.a(uart_17xx_40xx.o)
 *fill*         0x000067ba        0x2 ff
 .text.Chip_UART_GetClockIndex
                0x000067bc       0x64 C:\Embedded_Programs\Network_Controller\lpc_chip_40xx\Debug\liblpc_chip_40xx.a(uart_17xx_40xx.o)
 .text.Chip_UART_ABIntHandler
                0x00006820       0x6c C:\Embedded_Programs\Network_Controller\lpc_chip_40xx\Debug\liblpc_chip_40xx.a(uart_17xx_40xx.o)
 .text.Chip_UART_Init
                0x0000688c       0x78 C:\Embedded_Programs\Network_Controller\lpc_chip_40xx\Debug\liblpc_chip_40xx.a(uart_17xx_40xx.o)
                0x0000688c                Chip_UART_Init
 .text.Chip_UART_TXEnable
                0x00006904       0x30 C:\Embedded_Programs\Network_Controller\lpc_chip_40xx\Debug\liblpc_chip_40xx.a(uart_17xx_40xx.o)
                0x00006904                Chip_UART_TXEnable
 .text.Chip_UART_TXDisable
                0x00006934       0x30 C:\Embedded_Programs\Network_Controller\lpc_chip_40xx\Debug\liblpc_chip_40xx.a(uart_17xx_40xx.o)
                0x00006934                Chip_UART_TXDisable
 .text.Chip_UART_SetBaud
                0x00006964       0x58 C:\Embedded_Programs\Network_Controller\lpc_chip_40xx\Debug\liblpc_chip_40xx.a(uart_17xx_40xx.o)
                0x00006964                Chip_UART_SetBaud
 .text.Chip_UART_RXIntHandlerRB
                0x000069bc       0x3a C:\Embedded_Programs\Network_Controller\lpc_chip_40xx\Debug\liblpc_chip_40xx.a(uart_17xx_40xx.o)
                0x000069bc                Chip_UART_RXIntHandlerRB
 .text.Chip_UART_TXIntHandlerRB
                0x000069f6       0x40 C:\Embedded_Programs\Network_Controller\lpc_chip_40xx\Debug\liblpc_chip_40xx.a(uart_17xx_40xx.o)
                0x000069f6                Chip_UART_TXIntHandlerRB
 .text.Chip_UART_IRQRBHandler
                0x00006a36       0x4a C:\Embedded_Programs\Network_Controller\lpc_chip_40xx\Debug\liblpc_chip_40xx.a(uart_17xx_40xx.o)
                0x00006a36                Chip_UART_IRQRBHandler
 .text.__main   0x00006a80        0xe c:/nxp/mcuxpressoide_11.3.0_5222/ide/plugins/com.nxp.mcuxpresso.tools.win32_11.3.0.202008311133/tools/bin/../lib/gcc/arm-none-eabi/9.3.1/../../../../arm-none-eabi/lib/thumb/v7e-m+fp/softfp\libcr_nohost.a(_cr__main.o)
                0x00006a80                __main
 .text.memcpy   0x00006a8e        0x4 c:/nxp/mcuxpressoide_11.3.0_5222/ide/plugins/com.nxp.mcuxpresso.tools.win32_11.3.0.202008311133/tools/bin/../lib/gcc/arm-none-eabi/9.3.1/../../../../arm-none-eabi/lib/thumb/v7e-m+fp/softfp\libcr_c.a(memcpy.o)
                0x00006a8e                memcpy
 .text.memset   0x00006a92        0x4 c:/nxp/mcuxpressoide_11.3.0_5222/ide/plugins/com.nxp.mcuxpresso.tools.win32_11.3.0.202008311133/tools/bin/../lib/gcc/arm-none-eabi/9.3.1/../../../../arm-none-eabi/lib/thumb/v7e-m+fp/softfp\libcr_c.a(memset.o)
                0x00006a92                memset
 *fill*         0x00006a96        0x2 ff
 .text.malloc   0x00006a98       0xc8 c:/nxp/mcuxpressoide_11.3.0_5222/ide/plugins/com.nxp.mcuxpresso.tools.win32_11.3.0.202008311133/tools/bin/../lib/gcc/arm-none-eabi/9.3.1/../../../../arm-none-eabi/lib/thumb/v7e-m+fp/softfp\libcr_c.a(alloc.o)
                0x00006a98                malloc
 .text.free     0x00006b60       0x30 c:/nxp/mcuxpressoide_11.3.0_5222/ide/plugins/com.nxp.mcuxpresso.tools.win32_11.3.0.202008311133/tools/bin/../lib/gcc/arm-none-eabi/9.3.1/../../../../arm-none-eabi/lib/thumb/v7e-m+fp/softfp\libcr_c.a(alloc.o)
                0x00006b60                free
 .text._Csys_alloc
                0x00006b90       0x20 c:/nxp/mcuxpressoide_11.3.0_5222/ide/plugins/com.nxp.mcuxpresso.tools.win32_11.3.0.202008311133/tools/bin/../lib/gcc/arm-none-eabi/9.3.1/../../../../arm-none-eabi/lib/thumb/v7e-m+fp/softfp\libcr_c.a(alloc.o)
                0x00006b90                _Csys_alloc
 .text.fabs     0x00006bb0       0x1c c:/nxp/mcuxpressoide_11.3.0_5222/ide/plugins/com.nxp.mcuxpresso.tools.win32_11.3.0.202008311133/tools/bin/../lib/gcc/arm-none-eabi/9.3.1/../../../../arm-none-eabi/lib/thumb/v7e-m+fp/softfp\libcr_c.a(fabs.o)
                0x00006bb0                fabs
 .text.fp_round
                0x00006bcc       0x4e c:/nxp/mcuxpressoide_11.3.0_5222/ide/plugins/com.nxp.mcuxpresso.tools.win32_11.3.0.202008311133/tools/bin/../lib/gcc/arm-none-eabi/9.3.1/../../../../arm-none-eabi/lib/thumb/v7e-m+fp/softfp\libcr_c.a(fpprintf.o)
 .text.pr_dec.constprop.0
                0x00006c1a       0x26 c:/nxp/mcuxpressoide_11.3.0_5222/ide/plugins/com.nxp.mcuxpresso.tools.win32_11.3.0.202008311133/tools/bin/../lib/gcc/arm-none-eabi/9.3.1/../../../../arm-none-eabi/lib/thumb/v7e-m+fp/softfp\libcr_c.a(fpprintf.o)
 .text.sprintf  0x00006c40       0x6c c:/nxp/mcuxpressoide_11.3.0_5222/ide/plugins/com.nxp.mcuxpresso.tools.win32_11.3.0.202008311133/tools/bin/../lib/gcc/arm-none-eabi/9.3.1/../../../../arm-none-eabi/lib/thumb/v7e-m+fp/softfp\libcr_c.a(fpprintf.o)
                0x00006c40                sprintf
 *fill*         0x00006cac        0x4 ff
 .text.fp_display
                0x00006cb0      0x95c c:/nxp/mcuxpressoide_11.3.0_5222/ide/plugins/com.nxp.mcuxpresso.tools.win32_11.3.0.202008311133/tools/bin/../lib/gcc/arm-none-eabi/9.3.1/../../../../arm-none-eabi/lib/thumb/v7e-m+fp/softfp\libcr_c.a(fpprintf.o)
 .text.vsnprintf
                0x0000760c       0x68 c:/nxp/mcuxpressoide_11.3.0_5222/ide/plugins/com.nxp.mcuxpresso.tools.win32_11.3.0.202008311133/tools/bin/../lib/gcc/arm-none-eabi/9.3.1/../../../../arm-none-eabi/lib/thumb/v7e-m+fp/softfp\libcr_c.a(fpprintf.o)
                0x0000760c                vsnprintf
 .text.printf   0x00007674       0x54 c:/nxp/mcuxpressoide_11.3.0_5222/ide/plugins/com.nxp.mcuxpresso.tools.win32_11.3.0.202008311133/tools/bin/../lib/gcc/arm-none-eabi/9.3.1/../../../../arm-none-eabi/lib/thumb/v7e-m+fp/softfp\libcr_c.a(fpprintf.o)
                0x00007674                printf
 .text._initio  0x000076c8       0x78 c:/nxp/mcuxpressoide_11.3.0_5222/ide/plugins/com.nxp.mcuxpresso.tools.win32_11.3.0.202008311133/tools/bin/../lib/gcc/arm-none-eabi/9.3.1/../../../../arm-none-eabi/lib/thumb/v7e-m+fp/softfp\libcr_c.a(initio.o)
                0x000076c8                _initio
 .text.__vfprintf
                0x00007740      0xce8 c:/nxp/mcuxpressoide_11.3.0_5222/ide/plugins/com.nxp.mcuxpresso.tools.win32_11.3.0.202008311133/tools/bin/../lib/gcc/arm-none-eabi/9.3.1/../../../../arm-none-eabi/lib/thumb/v7e-m+fp/softfp\libcr_c.a(printf.o)
                0x00007740                __vfprintf
 .text.setvbuf  0x00008428       0x3e c:/nxp/mcuxpressoide_11.3.0_5222/ide/plugins/com.nxp.mcuxpresso.tools.win32_11.3.0.202008311133/tools/bin/../lib/gcc/arm-none-eabi/9.3.1/../../../../arm-none-eabi/lib/thumb/v7e-m+fp/softfp\libcr_c.a(setvbuf.o)
                0x00008428                setvbuf
 .text.strlen   0x00008466       0x4c c:/nxp/mcuxpressoide_11.3.0_5222/ide/plugins/com.nxp.mcuxpresso.tools.win32_11.3.0.202008311133/tools/bin/../lib/gcc/arm-none-eabi/9.3.1/../../../../arm-none-eabi/lib/thumb/v7e-m+fp/softfp\libcr_c.a(strlen.o)
                0x00008466                strlen
 *fill*         0x000084b2        0x2 ff
 .text._sbrk    0x000084b4       0x3c c:/nxp/mcuxpressoide_11.3.0_5222/ide/plugins/com.nxp.mcuxpresso.tools.win32_11.3.0.202008311133/tools/bin/../lib/gcc/arm-none-eabi/9.3.1/../../../../arm-none-eabi/lib/thumb/v7e-m+fp/softfp\libcr_c.a(_cr_sbrk.o)
                0x000084b4                _sbrk
 .text._deferredlazyseek
                0x000084f0       0x40 c:/nxp/mcuxpressoide_11.3.0_5222/ide/plugins/com.nxp.mcuxpresso.tools.win32_11.3.0.202008311133/tools/bin/../lib/gcc/arm-none-eabi/9.3.1/../../../../arm-none-eabi/lib/thumb/v7e-m+fp/softfp\libcr_c.a(_deferredlazyseek.o)
                0x000084f0                _deferredlazyseek
 .text.__flsbuf
                0x00008530      0x140 c:/nxp/mcuxpressoide_11.3.0_5222/ide/plugins/com.nxp.mcuxpresso.tools.win32_11.3.0.202008311133/tools/bin/../lib/gcc/arm-none-eabi/9.3.1/../../../../arm-none-eabi/lib/thumb/v7e-m+fp/softfp\libcr_c.a(_deferredlazyseek.o)
                0x00008530                __flsbuf
 .text._fdopen  0x00008670       0x68 c:/nxp/mcuxpressoide_11.3.0_5222/ide/plugins/com.nxp.mcuxpresso.tools.win32_11.3.0.202008311133/tools/bin/../lib/gcc/arm-none-eabi/9.3.1/../../../../arm-none-eabi/lib/thumb/v7e-m+fp/softfp\libcr_c.a(_fdopen.o)
                0x00008670                _fdopen
 .text._fflush  0x000086d8       0x52 c:/nxp/mcuxpressoide_11.3.0_5222/ide/plugins/com.nxp.mcuxpresso.tools.win32_11.3.0.202008311133/tools/bin/../lib/gcc/arm-none-eabi/9.3.1/../../../../arm-none-eabi/lib/thumb/v7e-m+fp/softfp\libcr_c.a(_fflush.o)
                0x000086d8                _fflush
 .text._frexpl  0x0000872a       0x62 c:/nxp/mcuxpressoide_11.3.0_5222/ide/plugins/com.nxp.mcuxpresso.tools.win32_11.3.0.202008311133/tools/bin/../lib/gcc/arm-none-eabi/9.3.1/../../../../arm-none-eabi/lib/thumb/v7e-m+fp/softfp\libcr_c.a(_frexpl.o)
                0x0000872a                _frexpl
 .text._ldexpl  0x0000878c       0x48 c:/nxp/mcuxpressoide_11.3.0_5222/ide/plugins/com.nxp.mcuxpresso.tools.win32_11.3.0.202008311133/tools/bin/../lib/gcc/arm-none-eabi/9.3.1/../../../../arm-none-eabi/lib/thumb/v7e-m+fp/softfp\libcr_c.a(_ldexpl.o)
                0x0000878c                _ldexpl
 .text._Cwritebuf
                0x000087d4       0x6c c:/nxp/mcuxpressoide_11.3.0_5222/ide/plugins/com.nxp.mcuxpresso.tools.win32_11.3.0.202008311133/tools/bin/../lib/gcc/arm-none-eabi/9.3.1/../../../../arm-none-eabi/lib/thumb/v7e-m+fp/softfp\libcr_c.a(_writebuf.o)
                0x000087d4                _Cwritebuf
 .text.fclose   0x00008840       0x58 c:/nxp/mcuxpressoide_11.3.0_5222/ide/plugins/com.nxp.mcuxpresso.tools.win32_11.3.0.202008311133/tools/bin/../lib/gcc/arm-none-eabi/9.3.1/../../../../arm-none-eabi/lib/thumb/v7e-m+fp/softfp\libcr_c.a(fclose.o)
                0x00008840                fclose
 .text.fflush   0x00008898       0x44 c:/nxp/mcuxpressoide_11.3.0_5222/ide/plugins/com.nxp.mcuxpresso.tools.win32_11.3.0.202008311133/tools/bin/../lib/gcc/arm-none-eabi/9.3.1/../../../../arm-none-eabi/lib/thumb/v7e-m+fp/softfp\libcr_c.a(fflush.o)
                0x00008898                fflush
 .text.fseek    0x000088dc      0x100 c:/nxp/mcuxpressoide_11.3.0_5222/ide/plugins/com.nxp.mcuxpresso.tools.win32_11.3.0.202008311133/tools/bin/../lib/gcc/arm-none-eabi/9.3.1/../../../../arm-none-eabi/lib/thumb/v7e-m+fp/softfp\libcr_c.a(fseek.o)
                0x000088dc                fseek
 .text.ftell    0x000089dc       0x44 c:/nxp/mcuxpressoide_11.3.0_5222/ide/plugins/com.nxp.mcuxpresso.tools.win32_11.3.0.202008311133/tools/bin/../lib/gcc/arm-none-eabi/9.3.1/../../../../arm-none-eabi/lib/thumb/v7e-m+fp/softfp\libcr_c.a(ftell.o)
                0x000089dc                ftell
 .text.remove   0x00008a20       0x14 c:/nxp/mcuxpressoide_11.3.0_5222/ide/plugins/com.nxp.mcuxpresso.tools.win32_11.3.0.202008311133/tools/bin/../lib/gcc/arm-none-eabi/9.3.1/../../../../arm-none-eabi/lib/thumb/v7e-m+fp/softfp\libcr_c.a(remove.o)
                0x00008a20                remove
 .text._do_fflush
                0x00008a34       0x40 c:/nxp/mcuxpressoide_11.3.0_5222/ide/plugins/com.nxp.mcuxpresso.tools.win32_11.3.0.202008311133/tools/bin/../lib/gcc/arm-none-eabi/9.3.1/../../../../arm-none-eabi/lib/thumb/v7e-m+fp/softfp\libcr_c.a(_do_fflush.o)
                0x00008a34                _do_fflush
 .text.__aeabi_dmul
                0x00008a74      0x114 c:/nxp/mcuxpressoide_11.3.0_5222/ide/plugins/com.nxp.mcuxpresso.tools.win32_11.3.0.202008311133/tools/bin/../lib/gcc/arm-none-eabi/9.3.1/thumb/v7e-m+fp/softfp\libcr_eabihelpers.a(double.o)
                0x00008a74                __aeabi_dmul
 .text.__aeabi_ddiv
                0x00008b88      0x144 c:/nxp/mcuxpressoide_11.3.0_5222/ide/plugins/com.nxp.mcuxpresso.tools.win32_11.3.0.202008311133/tools/bin/../lib/gcc/arm-none-eabi/9.3.1/thumb/v7e-m+fp/softfp\libcr_eabihelpers.a(double.o)
                0x00008b88                __aeabi_ddiv
 .text.__aeabi_dsub
                0x00008ccc      0x1b0 c:/nxp/mcuxpressoide_11.3.0_5222/ide/plugins/com.nxp.mcuxpresso.tools.win32_11.3.0.202008311133/tools/bin/../lib/gcc/arm-none-eabi/9.3.1/thumb/v7e-m+fp/softfp\libcr_eabihelpers.a(double.o)
                0x00008ccc                __aeabi_dsub
 .text.__aeabi_dadd
                0x00008e7c      0x114 c:/nxp/mcuxpressoide_11.3.0_5222/ide/plugins/com.nxp.mcuxpresso.tools.win32_11.3.0.202008311133/tools/bin/../lib/gcc/arm-none-eabi/9.3.1/thumb/v7e-m+fp/softfp\libcr_eabihelpers.a(double.o)
                0x00008e7c                __aeabi_dadd
 .text.__aeabi_d2f
                0x00008f90       0x58 c:/nxp/mcuxpressoide_11.3.0_5222/ide/plugins/com.nxp.mcuxpresso.tools.win32_11.3.0.202008311133/tools/bin/../lib/gcc/arm-none-eabi/9.3.1/thumb/v7e-m+fp/softfp\libcr_eabihelpers.a(double.o)
                0x00008f90                __aeabi_d2f
 .text.__aeabi_d2iz
                0x00008fe8       0x40 c:/nxp/mcuxpressoide_11.3.0_5222/ide/plugins/com.nxp.mcuxpresso.tools.win32_11.3.0.202008311133/tools/bin/../lib/gcc/arm-none-eabi/9.3.1/thumb/v7e-m+fp/softfp\libcr_eabihelpers.a(double.o)
                0x00008fe8                __aeabi_d2iz
 .text.__bhs_ui2d
                0x00009028       0x46 c:/nxp/mcuxpressoide_11.3.0_5222/ide/plugins/com.nxp.mcuxpresso.tools.win32_11.3.0.202008311133/tools/bin/../lib/gcc/arm-none-eabi/9.3.1/thumb/v7e-m+fp/softfp\libcr_eabihelpers.a(double.o)
                0x00009028                __bhs_ui2d
 .text.__aeabi_i2d
                0x0000906e       0x12 c:/nxp/mcuxpressoide_11.3.0_5222/ide/plugins/com.nxp.mcuxpresso.tools.win32_11.3.0.202008311133/tools/bin/../lib/gcc/arm-none-eabi/9.3.1/thumb/v7e-m+fp/softfp\libcr_eabihelpers.a(double.o)
                0x0000906e                __aeabi_i2d
 .text.__aeabi_dcmpeq
                0x00009080       0x30 c:/nxp/mcuxpressoide_11.3.0_5222/ide/plugins/com.nxp.mcuxpresso.tools.win32_11.3.0.202008311133/tools/bin/../lib/gcc/arm-none-eabi/9.3.1/thumb/v7e-m+fp/softfp\libcr_eabihelpers.a(double.o)
                0x00009080                __aeabi_dcmpeq
 .text.__aeabi_dcmplt
                0x000090b0       0x56 c:/nxp/mcuxpressoide_11.3.0_5222/ide/plugins/com.nxp.mcuxpresso.tools.win32_11.3.0.202008311133/tools/bin/../lib/gcc/arm-none-eabi/9.3.1/thumb/v7e-m+fp/softfp\libcr_eabihelpers.a(double.o)
                0x000090b0                __aeabi_dcmplt
 .text.__aeabi_dcmpgt
                0x00009106       0x56 c:/nxp/mcuxpressoide_11.3.0_5222/ide/plugins/com.nxp.mcuxpresso.tools.win32_11.3.0.202008311133/tools/bin/../lib/gcc/arm-none-eabi/9.3.1/thumb/v7e-m+fp/softfp\libcr_eabihelpers.a(double.o)
                0x00009106                __aeabi_dcmpgt
 .text.__aeabi_dcmple
                0x0000915c       0x56 c:/nxp/mcuxpressoide_11.3.0_5222/ide/plugins/com.nxp.mcuxpresso.tools.win32_11.3.0.202008311133/tools/bin/../lib/gcc/arm-none-eabi/9.3.1/thumb/v7e-m+fp/softfp\libcr_eabihelpers.a(double.o)
                0x0000915c                __aeabi_dcmple
 .text.__aeabi_dcmpge
                0x000091b2       0x5c c:/nxp/mcuxpressoide_11.3.0_5222/ide/plugins/com.nxp.mcuxpresso.tools.win32_11.3.0.202008311133/tools/bin/../lib/gcc/arm-none-eabi/9.3.1/thumb/v7e-m+fp/softfp\libcr_eabihelpers.a(double.o)
                0x000091b2                __aeabi_dcmpge
 *fill*         0x0000920e        0x2 ff
 .text.__aeabi_f2d
                0x00009210       0x38 c:/nxp/mcuxpressoide_11.3.0_5222/ide/plugins/com.nxp.mcuxpresso.tools.win32_11.3.0.202008311133/tools/bin/../lib/gcc/arm-none-eabi/9.3.1/thumb/v7e-m+fp/softfp\libcr_eabihelpers.a(float.o)
                0x00009210                __aeabi_f2d
 .text.__aeabi_memcpy
                0x00009248       0x34 c:/nxp/mcuxpressoide_11.3.0_5222/ide/plugins/com.nxp.mcuxpresso.tools.win32_11.3.0.202008311133/tools/bin/../lib/gcc/arm-none-eabi/9.3.1/thumb/v7e-m+fp/softfp\libcr_eabihelpers.a(memcpy.o)
                0x00009248                __aeabi_memcpy
                0x00009252                __aeabi_memcpy8
                0x00009252                __aeabi_memcpy4
 .text.__aeabi_memset_lowlevel
                0x0000927c       0x32 c:/nxp/mcuxpressoide_11.3.0_5222/ide/plugins/com.nxp.mcuxpresso.tools.win32_11.3.0.202008311133/tools/bin/../lib/gcc/arm-none-eabi/9.3.1/thumb/v7e-m+fp/softfp\libcr_eabihelpers.a(memcpy.o)
                0x0000927c                __aeabi_lowlevel_memset
 .text.__sys_appexit
                0x000092ae        0x2 c:/nxp/mcuxpressoide_11.3.0_5222/ide/plugins/com.nxp.mcuxpresso.tools.win32_11.3.0.202008311133/tools/bin/../lib/gcc/arm-none-eabi/9.3.1/../../../../arm-none-eabi/lib/thumb/v7e-m+fp/softfp\libcr_nohost.a(__sys_appexit.o)
                0x000092ae                __sys_appexit
                0x000092ae                __exit
 .text.__sys_close
                0x000092b0        0x6 c:/nxp/mcuxpressoide_11.3.0_5222/ide/plugins/com.nxp.mcuxpresso.tools.win32_11.3.0.202008311133/tools/bin/../lib/gcc/arm-none-eabi/9.3.1/../../../../arm-none-eabi/lib/thumb/v7e-m+fp/softfp\libcr_nohost.a(__sys_close.o)
                0x000092b0                __sys_close
 .text.__sys_flen
                0x000092b6        0x6 c:/nxp/mcuxpressoide_11.3.0_5222/ide/plugins/com.nxp.mcuxpresso.tools.win32_11.3.0.202008311133/tools/bin/../lib/gcc/arm-none-eabi/9.3.1/../../../../arm-none-eabi/lib/thumb/v7e-m+fp/softfp\libcr_nohost.a(__sys_flen.o)
                0x000092b6                __sys_flen
 .text.__sys_istty
                0x000092bc        0x6 c:/nxp/mcuxpressoide_11.3.0_5222/ide/plugins/com.nxp.mcuxpresso.tools.win32_11.3.0.202008311133/tools/bin/../lib/gcc/arm-none-eabi/9.3.1/../../../../arm-none-eabi/lib/thumb/v7e-m+fp/softfp\libcr_nohost.a(__sys_istty.o)
                0x000092bc                __sys_istty
 .text.__sys_remove
                0x000092c2        0x6 c:/nxp/mcuxpressoide_11.3.0_5222/ide/plugins/com.nxp.mcuxpresso.tools.win32_11.3.0.202008311133/tools/bin/../lib/gcc/arm-none-eabi/9.3.1/../../../../arm-none-eabi/lib/thumb/v7e-m+fp/softfp\libcr_nohost.a(__sys_remove.o)
                0x000092c2                __sys_remove
 .text.__sys_seek
                0x000092c8        0x6 c:/nxp/mcuxpressoide_11.3.0_5222/ide/plugins/com.nxp.mcuxpresso.tools.win32_11.3.0.202008311133/tools/bin/../lib/gcc/arm-none-eabi/9.3.1/../../../../arm-none-eabi/lib/thumb/v7e-m+fp/softfp\libcr_nohost.a(__sys_seek.o)
                0x000092c8                __sys_seek
 .text.__sys_tmpnam
                0x000092ce        0x6 c:/nxp/mcuxpressoide_11.3.0_5222/ide/plugins/com.nxp.mcuxpresso.tools.win32_11.3.0.202008311133/tools/bin/../lib/gcc/arm-none-eabi/9.3.1/../../../../arm-none-eabi/lib/thumb/v7e-m+fp/softfp\libcr_nohost.a(__sys_tmpnam.o)
                0x000092ce                __sys_tmpnam
 *(.rodata .rodata.* .constdata .constdata.*)
 .rodata.ethbroadcast
                0x000092d4        0x6 ./lwip/src/netif/etharp.o
                0x000092d4                ethbroadcast
 *fill*         0x000092da        0x2 ff
 .rodata.ethzero
                0x000092dc        0x6 ./lwip/src/netif/etharp.o
                0x000092dc                ethzero
 *fill*         0x000092e2        0x2 ff
 .rodata.ip_addr_broadcast
                0x000092e4        0x4 ./lwip/src/core/ipv4/ip_addr.o
                0x000092e4                ip_addr_broadcast
 .rodata.memp_sizes
                0x000092e8       0x1a ./lwip/src/core/memp.o
                0x000092e8                memp_sizes
 *fill*         0x00009302        0x2 ff
 .rodata.vApplicationMallocFailedHook.str1.4
                0x00009304       0x26 ./freertos/src/FreeRTOSCommonHooks.o
 *fill*         0x0000932a        0x2 ff
 .rodata.vApplicationStackOverflowHook.str1.4
                0x0000932c       0x30 ./freertos/src/FreeRTOSCommonHooks.o
 .rodata.vTaskStartScheduler.str1.4
                0x0000935c        0x5 ./freertos/src/tasks.o
 *fill*         0x00009361        0x3 ff
 .rodata.netcheck.str1.4
                0x00009364       0x56 ./example/src/Network_Link.o
 *fill*         0x000093ba        0x2 ff
 .rodata.End_me.str1.4
                0x000093bc       0x13 ./example/src/Profiler.o
 *fill*         0x000093cf        0x1 ff
 .rodata.Profile_SRamp.str1.4
                0x000093d0       0x22 ./example/src/Profiler.o
 *fill*         0x000093f2        0x2 ff
 .rodata.main.str1.4
                0x000093f4       0x18 ./example/src/RTOS_Tests.o
 .rodata.OscRateIn
                0x0000940c        0x4 C:\Embedded_Programs\Network_Controller\lpc_board_ea_devkit_4088\Debug\liblpc_board_ea_devkit_4088.a(board.o)
                0x0000940c                OscRateIn
 .rodata.pinmuxing
                0x00009410       0x80 C:\Embedded_Programs\Network_Controller\lpc_board_ea_devkit_4088\Debug\liblpc_board_ea_devkit_4088.a(board_sysinit.o)
 .rodata.IS42S32800D_config
                0x00009490       0x74 C:\Embedded_Programs\Network_Controller\lpc_board_ea_devkit_4088\Debug\liblpc_board_ea_devkit_4088.a(board_sysinit.o)
 .rodata.SST39VF320_config
                0x00009504       0x20 C:\Embedded_Programs\Network_Controller\lpc_board_ea_devkit_4088\Debug\liblpc_board_ea_devkit_4088.a(board_sysinit.o)
 .rodata.K9F1G_config
                0x00009524       0x20 C:\Embedded_Programs\Network_Controller\lpc_board_ea_devkit_4088\Debug\liblpc_board_ea_devkit_4088.a(board_sysinit.o)
 .rodata._Csys_alloc.str1.1
                0x00009544       0x18 c:/nxp/mcuxpressoide_11.3.0_5222/ide/plugins/com.nxp.mcuxpresso.tools.win32_11.3.0.202008311133/tools/bin/../lib/gcc/arm-none-eabi/9.3.1/../../../../arm-none-eabi/lib/thumb/v7e-m+fp/softfp\libcr_c.a(alloc.o)
 .rodata.fp_display.str1.1
                0x0000955c       0x34 c:/nxp/mcuxpressoide_11.3.0_5222/ide/plugins/com.nxp.mcuxpresso.tools.win32_11.3.0.202008311133/tools/bin/../lib/gcc/arm-none-eabi/9.3.1/../../../../arm-none-eabi/lib/thumb/v7e-m+fp/softfp\libcr_c.a(fpprintf.o)
                                 0x35 (size before relaxing)
 .rodata._initio.str1.1
                0x00009590        0x4 c:/nxp/mcuxpressoide_11.3.0_5222/ide/plugins/com.nxp.mcuxpresso.tools.win32_11.3.0.202008311133/tools/bin/../lib/gcc/arm-none-eabi/9.3.1/../../../../arm-none-eabi/lib/thumb/v7e-m+fp/softfp\libcr_c.a(initio.o)
 .rodata.__vfprintf.str1.1
                0x00009594       0x31 c:/nxp/mcuxpressoide_11.3.0_5222/ide/plugins/com.nxp.mcuxpresso.tools.win32_11.3.0.202008311133/tools/bin/../lib/gcc/arm-none-eabi/9.3.1/../../../../arm-none-eabi/lib/thumb/v7e-m+fp/softfp\libcr_c.a(printf.o)
                                 0x38 (size before relaxing)
 *fill*         0x000095c5        0x3 ff
 .rodata.__num_Ciob_streams
                0x000095c8        0x4 c:/nxp/mcuxpressoide_11.3.0_5222/ide/plugins/com.nxp.mcuxpresso.tools.win32_11.3.0.202008311133/tools/bin/../lib/gcc/arm-none-eabi/9.3.1/../../../../arm-none-eabi/lib/thumb/v7e-m+fp/softfp\libcr_nohost.a(__ciob.o)
                0x000095c8                __num_Ciob_streams
                0x000095cc                . = ALIGN (0x4)

.glue_7         0x000095cc        0x0
 .glue_7        0x000095cc        0x0 linker stubs

.glue_7t        0x000095cc        0x0
 .glue_7t       0x000095cc        0x0 linker stubs

.vfp11_veneer   0x000095cc        0x0
 .vfp11_veneer  0x000095cc        0x0 linker stubs

.v4_bx          0x000095cc        0x0
 .v4_bx         0x000095cc        0x0 linker stubs

.iplt           0x000095cc        0x0
 .iplt          0x000095cc        0x0 ./lwip/src/netif/etharp.o

.rel.dyn        0x000095cc        0x0
 .rel.iplt      0x000095cc        0x0 ./lwip/src/netif/etharp.o

.ARM.extab
 *(.ARM.extab* .gnu.linkonce.armextab.*)

.ARM.exidx      0x000095cc        0x0
                0x000095cc                __exidx_start = .
 *(.ARM.exidx* .gnu.linkonce.armexidx.*)
                0x000095cc                __exidx_end = .
                0x000095cc                _etext = .

.data_RAM2      0x10000000        0x0 load address 0x000095cc
 FILL mask 0xff
                [!provide]                PROVIDE (__start_data_RAM2 = .)
                [!provide]                PROVIDE (__start_data_RamLoc64 = .)
 *(.ramfunc.$RAM2)
 *(.ramfunc.$RamLoc64)
 *(.data.$RAM2)
 *(.data.$RamLoc64)
 *(.data.$RAM2.*)
 *(.data.$RamLoc64.*)
                0x10000000                . = ALIGN (0x4)
                [!provide]                PROVIDE (__end_data_RAM2 = .)
                [!provide]                PROVIDE (__end_data_RamLoc64 = .)

.uninit_RESERVED
                0x20000000        0x0
                0x20000000                _start_uninit_RESERVED = .
 *(.bss.$RESERVED*)
                0x20000000                . = ALIGN (0x4)
                0x20000000                _end_uninit_RESERVED = .

.data           0x20000000       0x34 load address 0x000095cc
 FILL mask 0xff
                0x20000000                _data = .
                [!provide]                PROVIDE (__start_data_RAM = .)
                [!provide]                PROVIDE (__start_data_RamPeriph32 = .)
 *(vtable)
 *(.ramfunc*)
 *(CodeQuickAccess)
 *(DataQuickAccess)
 *(RamFunction)
 *(.data*)
 .data.xid.6243
                0x20000000        0x4 ./lwip/src/core/dhcp.o
 .data.udp_port
                0x20000004        0x2 ./lwip/src/core/udp.o
 *fill*         0x20000006        0x2 ff
 .data.uxCriticalNesting
                0x20000008        0x4 ./freertos/src/port.o
 .data.xNextTaskUnblockTime
                0x2000000c        0x4 ./freertos/src/tasks.o
 .data.joy_deadband
                0x20000010        0x4 ./example/src/Profiler.o
                0x20000010                joy_deadband
 .data.joy_accel_step
                0x20000014        0x4 ./example/src/Profiler.o
                0x20000014                joy_accel_step
 .data.D        0x20000018        0x4 ./example/src/Profiler.o
                0x20000018                D
 .data.T        0x2000001c        0x4 ./example/src/Profiler.o
                0x2000001c                T
 .data.tsfade   0x20000020        0x4 ./example/src/Profiler.o
                0x20000020                tsfade
 .data.tscut    0x20000024        0x4 ./example/src/Profiler.o
                0x20000024                tscut
 .data.LOOPs    0x20000028        0x8 ./example/src/Profiler.o
                0x20000028                LOOPs
 .data.timer2   0x20000030        0x4 ./example/src/RTOS_Tests.o
                0x20000030                timer2
                0x20000034                . = ALIGN (0x4)
                0x20000034                _edata = .
                [!provide]                PROVIDE (__end_data_RAM = .)
                [!provide]                PROVIDE (__end_data_RamPeriph32 = .)

.igot.plt       0x20000034        0x0 load address 0x00009600
 .igot.plt      0x20000034        0x0 ./lwip/src/netif/etharp.o

.bss_RAM2       0x10000000        0x0
                [!provide]                PROVIDE (__start_bss_RAM2 = .)
                [!provide]                PROVIDE (__start_bss_RamLoc64 = .)
 *(.bss.$RAM2)
 *(.bss.$RamLoc64)
 *(.bss.$RAM2.*)
 *(.bss.$RamLoc64.*)
                0x10000000                . = ALIGN ((. != 0x0)?0x4:0x1)
                [!provide]                PROVIDE (__end_bss_RAM2 = .)
                [!provide]                PROVIDE (__end_bss_RamLoc64 = .)

.bss            0x20000038      0xb84
                0x20000038                _bss = .
                [!provide]                PROVIDE (__start_bss_RAM = .)
                [!provide]                PROVIDE (__start_bss_RamPeriph32 = .)
 *(.bss*)
 .bss.arp_table
                0x20000038       0xc8 ./lwip/src/netif/etharp.o
 .bss.ip_id     0x20000100        0x2 ./lwip/src/core/ipv4/ip.o
 *fill*         0x20000102        0x2 
 .bss.mbox      0x20000104        0x4 ./lwip/src/api/tcpip.o
 .bss.pxCurrentTCB
                0x20000108        0x4 ./freertos/src/tasks.o
                0x20000108                pxCurrentTCB
 .bss.pxReadyTasksLists
                0x2000010c       0x64 ./freertos/src/tasks.o
 .bss.xDelayedTaskList1
                0x20000170       0x14 ./freertos/src/tasks.o
 .bss.xDelayedTaskList2
                0x20000184       0x14 ./freertos/src/tasks.o
 .bss.pxDelayedTaskList
                0x20000198        0x4 ./freertos/src/tasks.o
 .bss.pxOverflowDelayedTaskList
                0x2000019c        0x4 ./freertos/src/tasks.o
 .bss.xPendingReadyList
                0x200001a0       0x14 ./freertos/src/tasks.o
 .bss.xTasksWaitingTermination
                0x200001b4       0x14 ./freertos/src/tasks.o
 .bss.uxTasksDeleted
                0x200001c8        0x4 ./freertos/src/tasks.o
 .bss.xSuspendedTaskList
                0x200001cc       0x14 ./freertos/src/tasks.o
 .bss.uxCurrentNumberOfTasks
                0x200001e0        0x4 ./freertos/src/tasks.o
 .bss.xTickCount
                0x200001e4        0x4 ./freertos/src/tasks.o
 .bss.uxTopReadyPriority
                0x200001e8        0x4 ./freertos/src/tasks.o
 .bss.xSchedulerRunning
                0x200001ec        0x4 ./freertos/src/tasks.o
 .bss.uxSchedulerSuspended
                0x200001f0        0x4 ./freertos/src/tasks.o
 .bss.uxPendedTicks
                0x200001f4        0x4 ./freertos/src/tasks.o
 .bss.xYieldPending
                0x200001f8        0x4 ./freertos/src/tasks.o
 .bss.xNumOfOverflows
                0x200001fc        0x4 ./freertos/src/tasks.o
 .bss.uxTaskNumber
                0x20000200        0x4 ./freertos/src/tasks.o
 .bss.lpc_netif
                0x20000204       0x38 ./example/src/Network_Link.o
 .bss.prt_ip    0x2000023c        0x4 ./example/src/Network_Link.o
 .bss.tmp_buff.11189
                0x20000240       0x10 ./example/src/Network_Link.o
 .bss.joy_demand
                0x20000250        0x4 ./example/src/Profiler.o
                0x20000250                joy_demand
 .bss.joy_decel
                0x20000254        0x4 ./example/src/Profiler.o
                0x20000254                joy_decel
 .bss.joy_previous
                0x20000258        0x4 ./example/src/Profiler.o
                0x20000258                joy_previous
 .bss.joy_limited_decel
                0x2000025c        0x4 ./example/src/Profiler.o
                0x2000025c                joy_limited_decel
 .bss.s         0x20000260        0x4 ./example/src/Profiler.o
                0x20000260                s
 .bss.co        0x20000264        0x4 ./example/src/Profiler.o
                0x20000264                co
 .bss.setup     0x20000268        0x1 ./example/src/Profiler.o
                0x20000268                setup
 .bss.Soak_dir  0x20000269        0x1 ./example/src/Profiler.o
                0x20000269                Soak_dir
 *fill*         0x2000026a        0x2 
 .bss.integrator
                0x2000026c       0x14 ./example/src/Profiler.o
                0x2000026c                integrator
 .bss.Enable    0x20000280        0x4 ./example/src/RTOS_Tests.o
                0x20000280                Enable
 .bss.toggle    0x20000284        0x1 ./example/src/RTOS_Tests.o
                0x20000284                toggle
 .bss.P14       0x20000285        0x1 ./example/src/RTOS_Tests.o
                0x20000285                P14
 *fill*         0x20000286        0x2 
 .bss.txring    0x20000288       0x14 ./example/src/UART_Manager.o
 .bss.rxring    0x2000029c       0x14 ./example/src/UART_Manager.o
 .bss.rxbuff    0x200002b0      0x100 ./example/src/UART_Manager.o
 .bss.txbuff    0x200003b0      0x100 ./example/src/UART_Manager.o
 .bss.j         0x200004b0        0x4 ./example/src/UART_Manager.o
                0x200004b0                j
 .bss.physts    0x200004b4        0x4 C:\Embedded_Programs\Network_Controller\lpc_board_ea_devkit_4088\Debug\liblpc_board_ea_devkit_4088.a(lpc_phy_smsc87x0.o)
 .bss.olddphysts
                0x200004b8        0x4 C:\Embedded_Programs\Network_Controller\lpc_board_ea_devkit_4088\Debug\liblpc_board_ea_devkit_4088.a(lpc_phy_smsc87x0.o)
 .bss.phyustate
                0x200004bc        0x4 C:\Embedded_Programs\Network_Controller\lpc_board_ea_devkit_4088\Debug\liblpc_board_ea_devkit_4088.a(lpc_phy_smsc87x0.o)
 .bss.sts.9807  0x200004c0        0x2 C:\Embedded_Programs\Network_Controller\lpc_board_ea_devkit_4088\Debug\liblpc_board_ea_devkit_4088.a(lpc_phy_smsc87x0.o)
 *fill*         0x200004c2        0x2 
 .bss.phyAddr   0x200004c4        0x4 C:\Embedded_Programs\Network_Controller\lpc_chip_40xx\Debug\liblpc_chip_40xx.a(enet_17xx_40xx.o)
 .bss.ABsyncSts
                0x200004c8        0x1 C:\Embedded_Programs\Network_Controller\lpc_chip_40xx\Debug\liblpc_chip_40xx.a(uart_17xx_40xx.o)
 *fill*         0x200004c9        0x3 
 .bss.__end_of_heap
                0x200004cc        0x4 c:/nxp/mcuxpressoide_11.3.0_5222/ide/plugins/com.nxp.mcuxpresso.tools.win32_11.3.0.202008311133/tools/bin/../lib/gcc/arm-none-eabi/9.3.1/../../../../arm-none-eabi/lib/thumb/v7e-m+fp/softfp\libcr_c.a(__init_alloc.o)
                0x200004cc                __end_of_heap
 .bss.__heaps   0x200004d0        0x4 c:/nxp/mcuxpressoide_11.3.0_5222/ide/plugins/com.nxp.mcuxpresso.tools.win32_11.3.0.202008311133/tools/bin/../lib/gcc/arm-none-eabi/9.3.1/../../../../arm-none-eabi/lib/thumb/v7e-m+fp/softfp\libcr_c.a(__init_alloc.o)
                0x200004d0                __heaps
 .bss.errno     0x200004d4        0x4 c:/nxp/mcuxpressoide_11.3.0_5222/ide/plugins/com.nxp.mcuxpresso.tools.win32_11.3.0.202008311133/tools/bin/../lib/gcc/arm-none-eabi/9.3.1/../../../../arm-none-eabi/lib/thumb/v7e-m+fp/softfp\libcr_c.a(errno.o)
                0x200004d4                errno
 .bss.__Ciob    0x200004d8      0x1e0 c:/nxp/mcuxpressoide_11.3.0_5222/ide/plugins/com.nxp.mcuxpresso.tools.win32_11.3.0.202008311133/tools/bin/../lib/gcc/arm-none-eabi/9.3.1/../../../../arm-none-eabi/lib/thumb/v7e-m+fp/softfp\libcr_nohost.a(__ciob.o)
                0x200004d8                __Ciob
 *(COMMON)
 COMMON         0x200006b8        0x1 ./lwip/src/core/pbuf.o
                0x200006b8                pbuf_free_ooseq_pending
 *fill*         0x200006b9        0x3 
 COMMON         0x200006bc       0x1c ./lwip/src/core/tcp.o
                0x200006bc                tcp_active_pcbs_changed
                0x200006c0                tcp_active_pcbs
                0x200006c4                tcp_ticks
                0x200006c8                tcp_listen_pcbs
                0x200006cc                tcp_tmp_pcb
                0x200006d0                tcp_bound_pcbs
                0x200006d4                tcp_tw_pcbs
 COMMON         0x200006d8        0x4 ./lwip/src/core/udp.o
                0x200006d8                udp_pcbs
 *fill*         0x200006dc        0x4 
 COMMON         0x200006e0       0xb4 ./lwip/src/arch/lpc17xx_40xx_emac.o
                0x200006e0                lpc_enetdata
 *fill*         0x20000794        0x4 
 COMMON         0x20000798      0x1c8 ./example/src/Axis_Configuration.o
                0x20000798                Drive
 COMMON         0x20000960       0x38 ./example/src/Axis_Control.o
                0x20000960                Motor_Direction
                0x20000964                Motor_PWM
                0x20000968                Admin
                0x2000098c                c
                0x20000990                gain
                0x20000994                m
 COMMON         0x20000998      0x1d8 ./example/src/Network_Link.o
                0x20000998                InBound
                0x200009fc                stuf2
                0x20000afc                ipaddr
                0x20000b00                physts
                0x20000b04                netmask
                0x20000b08                OutBound
                0x20000b6c                gw
 COMMON         0x20000b70       0x48 ./example/src/Profiler.o
                0x20000b70                Vjp
                0x20000b74                b
                0x20000b78                aj
                0x20000b7c                ts
                0x20000b80                Va
                0x20000b88                fadetime
                0x20000b90                as
                0x20000b94                Stepper
                0x20000bb0                Vj
                0x20000bb4                Vp
 COMMON         0x20000bb8        0x4 C:\Embedded_Programs\Network_Controller\lpc_chip_40xx\Debug\liblpc_chip_40xx.a(chip_17xx_40xx.o)
                0x20000bb8                SystemCoreClock
                0x20000bbc                . = ALIGN (0x4)
                0x20000bbc                _ebss = .
                [!provide]                PROVIDE (__end_bss_RAM = .)
                [!provide]                PROVIDE (__end_bss_RamPeriph32 = .)
                [!provide]                PROVIDE (end = .)

.noinit_RAM2    0x10000000        0x0
                [!provide]                PROVIDE (__start_noinit_RAM2 = .)
                [!provide]                PROVIDE (__start_noinit_RamLoc64 = .)
 *(.noinit.$RAM2)
 *(.noinit.$RamLoc64)
 *(.noinit.$RAM2.*)
 *(.noinit.$RamLoc64.*)
                0x10000000                . = ALIGN (0x4)
                [!provide]                PROVIDE (__end_noinit_RAM2 = .)
                [!provide]                PROVIDE (__end_noinit_RamLoc64 = .)

.noinit         0x20000bbc        0x0
                0x20000bbc                _noinit = .
                [!provide]                PROVIDE (__start_noinit_RAM = .)
                [!provide]                PROVIDE (__start_noinit_RamPeriph32 = .)
 *(.noinit*)
                0x20000bbc                . = ALIGN (0x4)
                0x20000bbc                _end_noinit = .
                [!provide]                PROVIDE (__end_noinit_RAM = .)
                [!provide]                PROVIDE (__end_noinit_RamPeriph32 = .)
                0x20000bbc                PROVIDE (_pvHeapStart = DEFINED (__user_heap_base)?__user_heap_base:.)
                0x20008000                PROVIDE (_vStackTop = DEFINED (__user_stack_top)?__user_stack_top:(__top_RamPeriph32 - 0x0))
                [!provide]                PROVIDE (__valid_user_code_checksum = (0x0 - ((((((_vStackTop + (ResetISR + 0x1)) + (NMI_Handler + 0x1)) + (HardFault_Handler + 0x1)) + (DEFINED (MemManage_Handler)?MemManage_Handler:0x0 + 0x1)) + (DEFINED (BusFault_Handler)?BusFault_Handler:0x0 + 0x1)) + (DEFINED (UsageFault_Handler)?UsageFault_Handler:0x0 + 0x1))))
                0x00000000                _image_start = LOADADDR (.text)
                0x00009600                _image_end = (LOADADDR (.data) + SIZEOF (.data))
                0x00009600                _image_size = (_image_end - _image_start)
OUTPUT(RTOS_Tests.axf elf32-littlearm)
LOAD linker stubs

.debug_info     0x00000000    0x21564
 .debug_info    0x00000000     0x120b ./lwip/src/netif/etharp.o
 .debug_info    0x0000120b      0x58b ./lwip/src/core/ipv4/inet_chksum.o
 .debug_info    0x00001796     0x12a2 ./lwip/src/core/ipv4/ip.o
 .debug_info    0x00002a38      0x757 ./lwip/src/core/ipv4/ip_addr.o
 .debug_info    0x0000318f      0xce2 ./lwip/src/core/ipv4/ip_frag.o
 .debug_info    0x00003e71      0x291 ./lwip/src/core/def.o
 .debug_info    0x00004102     0x153c ./lwip/src/core/dhcp.o
 .debug_info    0x0000563e     0x101f ./lwip/src/core/memp.o
 .debug_info    0x0000665d     0x131d ./lwip/src/core/netif.o
 .debug_info    0x0000797a     0x18be ./lwip/src/core/pbuf.o
 .debug_info    0x00009238     0x185d ./lwip/src/core/tcp.o
 .debug_info    0x0000aa95      0xfd0 ./lwip/src/core/udp.o
 .debug_info    0x0000ba65     0x17a5 ./lwip/src/arch/lpc17xx_40xx_emac.o
 .debug_info    0x0000d20a      0x1d7 ./lwip/src/arch/lpc_debug.o
 .debug_info    0x0000d3e1      0x985 ./lwip/src/arch/sys_arch_freertos.o
 .debug_info    0x0000dd66     0x11d5 ./lwip/src/api/tcpip.o
 .debug_info    0x0000ef3b      0x46e ./freertos/src/FreeRTOSCommonHooks.o
 .debug_info    0x0000f3a9      0x40a ./freertos/src/heap_3.o
 .debug_info    0x0000f7b3      0x5af ./freertos/src/list.o
 .debug_info    0x0000fd62      0x616 ./freertos/src/port.o
 .debug_info    0x00010378      0xf62 ./freertos/src/queue.o
 .debug_info    0x000112da     0x14e9 ./freertos/src/tasks.o
 .debug_info    0x000127c3      0xa07 ./example/src/Axis_Configuration.o
 .debug_info    0x000131ca      0xc8c ./example/src/Axis_Control.o
 .debug_info    0x00013e56     0x1648 ./example/src/Network_Link.o
 .debug_info    0x0001549e      0xf1d ./example/src/Profiler.o
 .debug_info    0x000163bb     0x1487 ./example/src/RTOS_Tests.o
 .debug_info    0x00017842      0xddb ./example/src/UART_Manager.o
 .debug_info    0x0001861d       0x85 ./example/src/cr_redlib_heap_fix.o
 .debug_info    0x000186a2      0x286 ./example/src/cr_startup_lpc40xx.o
 .debug_info    0x00018928      0x3c6 ./example/src/sysinit.o
 .debug_info    0x00018cee     0x1faf C:\Embedded_Programs\Network_Controller\lpc_board_ea_devkit_4088\Debug\liblpc_board_ea_devkit_4088.a(board.o)
 .debug_info    0x0001ac9d      0xd4f C:\Embedded_Programs\Network_Controller\lpc_board_ea_devkit_4088\Debug\liblpc_board_ea_devkit_4088.a(board_sysinit.o)
 .debug_info    0x0001b9ec      0xa32 C:\Embedded_Programs\Network_Controller\lpc_board_ea_devkit_4088\Debug\liblpc_board_ea_devkit_4088.a(lpc_phy_smsc87x0.o)
 .debug_info    0x0001c41e      0x677 C:\Embedded_Programs\Network_Controller\lpc_chip_40xx\Debug\liblpc_chip_40xx.a(chip_17xx_40xx.o)
 .debug_info    0x0001ca95      0xc59 C:\Embedded_Programs\Network_Controller\lpc_chip_40xx\Debug\liblpc_chip_40xx.a(clock_17xx_40xx.o)
 .debug_info    0x0001d6ee      0x312 C:\Embedded_Programs\Network_Controller\lpc_chip_40xx\Debug\liblpc_chip_40xx.a(dac_17xx_40xx.o)
 .debug_info    0x0001da00      0xd4f C:\Embedded_Programs\Network_Controller\lpc_chip_40xx\Debug\liblpc_chip_40xx.a(emc_17xx_40xx.o)
 .debug_info    0x0001e74f      0xcd7 C:\Embedded_Programs\Network_Controller\lpc_chip_40xx\Debug\liblpc_chip_40xx.a(enet_17xx_40xx.o)
 .debug_info    0x0001f426      0x164 C:\Embedded_Programs\Network_Controller\lpc_chip_40xx\Debug\liblpc_chip_40xx.a(fpu_init.o)
 .debug_info    0x0001f58a      0x24f C:\Embedded_Programs\Network_Controller\lpc_chip_40xx\Debug\liblpc_chip_40xx.a(iocon_17xx_40xx.o)
 .debug_info    0x0001f7d9      0x3a8 C:\Embedded_Programs\Network_Controller\lpc_chip_40xx\Debug\liblpc_chip_40xx.a(ring_buffer.o)
 .debug_info    0x0001fb81      0x589 C:\Embedded_Programs\Network_Controller\lpc_chip_40xx\Debug\liblpc_chip_40xx.a(sysctl_17xx_40xx.o)
 .debug_info    0x0002010a      0x56f C:\Embedded_Programs\Network_Controller\lpc_chip_40xx\Debug\liblpc_chip_40xx.a(sysinit_17xx_40xx.o)
 .debug_info    0x00020679      0xeeb C:\Embedded_Programs\Network_Controller\lpc_chip_40xx\Debug\liblpc_chip_40xx.a(uart_17xx_40xx.o)

.debug_abbrev   0x00000000     0x5c3e
 .debug_abbrev  0x00000000      0x269 ./lwip/src/netif/etharp.o
 .debug_abbrev  0x00000269      0x191 ./lwip/src/core/ipv4/inet_chksum.o
 .debug_abbrev  0x000003fa      0x22c ./lwip/src/core/ipv4/ip.o
 .debug_abbrev  0x00000626      0x1f4 ./lwip/src/core/ipv4/ip_addr.o
 .debug_abbrev  0x0000081a      0x263 ./lwip/src/core/ipv4/ip_frag.o
 .debug_abbrev  0x00000a7d      0x114 ./lwip/src/core/def.o
 .debug_abbrev  0x00000b91      0x26a ./lwip/src/core/dhcp.o
 .debug_abbrev  0x00000dfb      0x193 ./lwip/src/core/memp.o
 .debug_abbrev  0x00000f8e      0x2ba ./lwip/src/core/netif.o
 .debug_abbrev  0x00001248      0x2d9 ./lwip/src/core/pbuf.o
 .debug_abbrev  0x00001521      0x355 ./lwip/src/core/tcp.o
 .debug_abbrev  0x00001876      0x27c ./lwip/src/core/udp.o
 .debug_abbrev  0x00001af2      0x301 ./lwip/src/arch/lpc17xx_40xx_emac.o
 .debug_abbrev  0x00001df3       0xc5 ./lwip/src/arch/lpc_debug.o
 .debug_abbrev  0x00001eb8      0x232 ./lwip/src/arch/sys_arch_freertos.o
 .debug_abbrev  0x000020ea      0x268 ./lwip/src/api/tcpip.o
 .debug_abbrev  0x00002352      0x1bd ./freertos/src/FreeRTOSCommonHooks.o
 .debug_abbrev  0x0000250f      0x183 ./freertos/src/heap_3.o
 .debug_abbrev  0x00002692      0x172 ./freertos/src/list.o
 .debug_abbrev  0x00002804      0x22d ./freertos/src/port.o
 .debug_abbrev  0x00002a31      0x24d ./freertos/src/queue.o
 .debug_abbrev  0x00002c7e      0x2b1 ./freertos/src/tasks.o
 .debug_abbrev  0x00002f2f      0x157 ./example/src/Axis_Configuration.o
 .debug_abbrev  0x00003086      0x1c4 ./example/src/Axis_Control.o
 .debug_abbrev  0x0000324a      0x2b1 ./example/src/Network_Link.o
 .debug_abbrev  0x000034fb      0x239 ./example/src/Profiler.o
 .debug_abbrev  0x00003734      0x28d ./example/src/RTOS_Tests.o
 .debug_abbrev  0x000039c1      0x287 ./example/src/UART_Manager.o
 .debug_abbrev  0x00003c48       0x85 ./example/src/cr_redlib_heap_fix.o
 .debug_abbrev  0x00003ccd      0x12a ./example/src/cr_startup_lpc40xx.o
 .debug_abbrev  0x00003df7      0x127 ./example/src/sysinit.o
 .debug_abbrev  0x00003f1e      0x3ec C:\Embedded_Programs\Network_Controller\lpc_board_ea_devkit_4088\Debug\liblpc_board_ea_devkit_4088.a(board.o)
 .debug_abbrev  0x0000430a      0x291 C:\Embedded_Programs\Network_Controller\lpc_board_ea_devkit_4088\Debug\liblpc_board_ea_devkit_4088.a(board_sysinit.o)
 .debug_abbrev  0x0000459b      0x1f3 C:\Embedded_Programs\Network_Controller\lpc_board_ea_devkit_4088\Debug\liblpc_board_ea_devkit_4088.a(lpc_phy_smsc87x0.o)
 .debug_abbrev  0x0000478e      0x193 C:\Embedded_Programs\Network_Controller\lpc_chip_40xx\Debug\liblpc_chip_40xx.a(chip_17xx_40xx.o)
 .debug_abbrev  0x00004921      0x311 C:\Embedded_Programs\Network_Controller\lpc_chip_40xx\Debug\liblpc_chip_40xx.a(clock_17xx_40xx.o)
 .debug_abbrev  0x00004c32      0x148 C:\Embedded_Programs\Network_Controller\lpc_chip_40xx\Debug\liblpc_chip_40xx.a(dac_17xx_40xx.o)
 .debug_abbrev  0x00004d7a      0x235 C:\Embedded_Programs\Network_Controller\lpc_chip_40xx\Debug\liblpc_chip_40xx.a(emc_17xx_40xx.o)
 .debug_abbrev  0x00004faf      0x2aa C:\Embedded_Programs\Network_Controller\lpc_chip_40xx\Debug\liblpc_chip_40xx.a(enet_17xx_40xx.o)
 .debug_abbrev  0x00005259       0xb4 C:\Embedded_Programs\Network_Controller\lpc_chip_40xx\Debug\liblpc_chip_40xx.a(fpu_init.o)
 .debug_abbrev  0x0000530d      0x144 C:\Embedded_Programs\Network_Controller\lpc_chip_40xx\Debug\liblpc_chip_40xx.a(iocon_17xx_40xx.o)
 .debug_abbrev  0x00005451      0x17e C:\Embedded_Programs\Network_Controller\lpc_chip_40xx\Debug\liblpc_chip_40xx.a(ring_buffer.o)
 .debug_abbrev  0x000055cf      0x17e C:\Embedded_Programs\Network_Controller\lpc_chip_40xx\Debug\liblpc_chip_40xx.a(sysctl_17xx_40xx.o)
 .debug_abbrev  0x0000574d      0x1b0 C:\Embedded_Programs\Network_Controller\lpc_chip_40xx\Debug\liblpc_chip_40xx.a(sysinit_17xx_40xx.o)
 .debug_abbrev  0x000058fd      0x341 C:\Embedded_Programs\Network_Controller\lpc_chip_40xx\Debug\liblpc_chip_40xx.a(uart_17xx_40xx.o)

.debug_aranges  0x00000000     0x1708
 .debug_aranges
                0x00000000       0x88 ./lwip/src/netif/etharp.o
 .debug_aranges
                0x00000088       0x48 ./lwip/src/core/ipv4/inet_chksum.o
 .debug_aranges
                0x000000d0       0x38 ./lwip/src/core/ipv4/ip.o
 .debug_aranges
                0x00000108       0x48 ./lwip/src/core/ipv4/ip_addr.o
 .debug_aranges
                0x00000150       0x70 ./lwip/src/core/ipv4/ip_frag.o
 .debug_aranges
                0x000001c0       0x38 ./lwip/src/core/def.o
 .debug_aranges
                0x000001f8      0x130 ./lwip/src/core/dhcp.o
 .debug_aranges
                0x00000328       0x18 ./lwip/src/core/memp.o
 .debug_aranges
                0x00000340       0x80 ./lwip/src/core/netif.o
 .debug_aranges
                0x000003c0       0xc8 ./lwip/src/core/pbuf.o
 .debug_aranges
                0x00000488      0x140 ./lwip/src/core/tcp.o
 .debug_aranges
                0x000005c8       0x90 ./lwip/src/core/udp.o
 .debug_aranges
                0x00000658      0x138 ./lwip/src/arch/lpc17xx_40xx_emac.o
 .debug_aranges
                0x00000790       0x20 ./lwip/src/arch/lpc_debug.o
 .debug_aranges
                0x000007b0       0xb8 ./lwip/src/arch/sys_arch_freertos.o
 .debug_aranges
                0x00000868       0x80 ./lwip/src/api/tcpip.o
 .debug_aranges
                0x000008e8       0x40 ./freertos/src/FreeRTOSCommonHooks.o
 .debug_aranges
                0x00000928       0x28 ./freertos/src/heap_3.o
 .debug_aranges
                0x00000950       0x40 ./freertos/src/list.o
 .debug_aranges
                0x00000990       0x90 ./freertos/src/port.o
 .debug_aranges
                0x00000a20       0xf0 ./freertos/src/queue.o
 .debug_aranges
                0x00000b10      0x158 ./freertos/src/tasks.o
 .debug_aranges
                0x00000c68       0x20 ./example/src/Axis_Configuration.o
 .debug_aranges
                0x00000c88       0x50 ./example/src/Axis_Control.o
 .debug_aranges
                0x00000cd8       0x58 ./example/src/Network_Link.o
 .debug_aranges