Copley_Controller.c:117:13:prvSetupHardware	8	static
Copley_Controller.c:136:6:Fade	8	static
Copley_Controller.c:143:6:Joystick	4	static
Copley_Controller.c:153:6:Main_Wait	16	static
Copley_Controller.c:157:6:BreakIn	16	static
Copley_Controller.c:260:6:BuildOut	16	static
Copley_Controller.c:290:6:Copley_Manager	16	static
Copley_Controller.c:323:6:TCP_Manager	16	static
Copley_Controller.c:341:6:application	16	static
Copley_Controller.c:368:6:Admin_setup	4	static
Copley_Controller.c:384:5:main	24	static
