Copley_Controller.c:117:13:prvSetupHardware	8	static
Copley_Controller.c:136:6:Fade	8	static
Copley_Controller.c:143:6:Joystick	4	static
Copley_Controller.c:153:6:Main_Wait	16	static
Copley_Controller.c:157:6:BreakIn	16	static
Copley_Controller.c:261:6:BuildOut	16	static
Copley_Controller.c:292:6:Copley_Manager	24	static
Copley_Controller.c:355:6:TCP_Manager	16	static
Copley_Controller.c:373:6:application	16	static
Copley_Controller.c:400:6:Admin_setup	4	static
Copley_Controller.c:416:5:main	24	static
